Archive member included to satisfy reference by file (symbol)

/Users/mateojarafabian/opt/gcc-arm-none-eabi-8-2018-q4-major/bin/../lib/gcc/arm-none-eabi/8.2.1/../../../../arm-none-eabi/lib/thumb/v7e-m+fp/hard/libc.a(lib_a-memset.o)
                              src/mymain_F429v01.o (memset)

Allocating common symbols
Common symbol       size              file

Ghalf               0x2               src/myDataOps02.o
Gbyte               0x1               src/myDataOps02.o
Gword               0x4               src/myDataOps02.o
Garray              0x100             src/myDataOps02.o

Discarded input sections

 .data          0x0000000000000000        0x0 src/Blinky_LD3.o
 .bss           0x0000000000000000        0x0 src/Blinky_LD3.o
 .bss           0x0000000000000000      0x107 src/myDataOps02.o
 COMMON         0x0000000000000000      0x110 src/myDataOps02.o
 .text          0x0000000000000000       0x5c src/mySystemInit.o
 .data          0x0000000000000000        0x0 src/mySystemInit.o
 .bss           0x0000000000000000        0x0 src/mySystemInit.o
 .debug_line    0x0000000000000000       0x67 src/mySystemInit.o
 .debug_info    0x0000000000000000       0x26 src/mySystemInit.o
 .debug_abbrev  0x0000000000000000       0x14 src/mySystemInit.o
 .debug_aranges
                0x0000000000000000       0x20 src/mySystemInit.o
 .debug_str     0x0000000000000000       0x62 src/mySystemInit.o
 .ARM.attributes
                0x0000000000000000       0x21 src/mySystemInit.o
 .group         0x0000000000000000        0xc src/mymain_F429v01.o
 .group         0x0000000000000000        0xc src/mymain_F429v01.o
 .group         0x0000000000000000        0xc src/mymain_F429v01.o
 .group         0x0000000000000000        0xc src/mymain_F429v01.o
 .group         0x0000000000000000        0xc src/mymain_F429v01.o
 .group         0x0000000000000000        0xc src/mymain_F429v01.o
 .group         0x0000000000000000        0xc src/mymain_F429v01.o
 .group         0x0000000000000000        0xc src/mymain_F429v01.o
 .group         0x0000000000000000        0xc src/mymain_F429v01.o
 .group         0x0000000000000000        0xc src/mymain_F429v01.o
 .group         0x0000000000000000        0xc src/mymain_F429v01.o
 .group         0x0000000000000000        0xc src/mymain_F429v01.o
 .group         0x0000000000000000        0xc src/mymain_F429v01.o
 .group         0x0000000000000000        0xc src/mymain_F429v01.o
 .group         0x0000000000000000        0xc src/mymain_F429v01.o
 .group         0x0000000000000000        0xc src/mymain_F429v01.o
 .group         0x0000000000000000        0xc src/mymain_F429v01.o
 .group         0x0000000000000000        0xc src/mymain_F429v01.o
 .group         0x0000000000000000        0xc src/mymain_F429v01.o
 .group         0x0000000000000000        0xc src/mymain_F429v01.o
 .group         0x0000000000000000        0xc src/mymain_F429v01.o
 .group         0x0000000000000000        0xc src/mymain_F429v01.o
 .group         0x0000000000000000        0xc src/mymain_F429v01.o
 .group         0x0000000000000000        0xc src/mymain_F429v01.o
 .group         0x0000000000000000        0xc src/mymain_F429v01.o
 .group         0x0000000000000000        0xc src/mymain_F429v01.o
 .group         0x0000000000000000        0xc src/mymain_F429v01.o
 .group         0x0000000000000000        0xc src/mymain_F429v01.o
 .group         0x0000000000000000        0xc src/mymain_F429v01.o
 .group         0x0000000000000000        0xc src/mymain_F429v01.o
 .group         0x0000000000000000        0xc src/mymain_F429v01.o
 .group         0x0000000000000000        0xc src/mymain_F429v01.o
 .group         0x0000000000000000        0xc src/mymain_F429v01.o
 .text          0x0000000000000000        0x0 src/mymain_F429v01.o
 .data          0x0000000000000000        0x0 src/mymain_F429v01.o
 .bss           0x0000000000000000        0x0 src/mymain_F429v01.o
 .text          0x0000000000000000       0x14 src/startup_stm32f429xx_02.o
 .data          0x0000000000000000        0x0 src/startup_stm32f429xx_02.o
 .bss           0x0000000000000000        0x0 src/startup_stm32f429xx_02.o
 .text          0x0000000000000000        0x0 /Users/mateojarafabian/opt/gcc-arm-none-eabi-8-2018-q4-major/bin/../lib/gcc/arm-none-eabi/8.2.1/../../../../arm-none-eabi/lib/thumb/v7e-m+fp/hard/libc.a(lib_a-memset.o)
 .data          0x0000000000000000        0x0 /Users/mateojarafabian/opt/gcc-arm-none-eabi-8-2018-q4-major/bin/../lib/gcc/arm-none-eabi/8.2.1/../../../../arm-none-eabi/lib/thumb/v7e-m+fp/hard/libc.a(lib_a-memset.o)
 .bss           0x0000000000000000        0x0 /Users/mateojarafabian/opt/gcc-arm-none-eabi-8-2018-q4-major/bin/../lib/gcc/arm-none-eabi/8.2.1/../../../../arm-none-eabi/lib/thumb/v7e-m+fp/hard/libc.a(lib_a-memset.o)
 .debug_frame   0x0000000000000000       0x38 /Users/mateojarafabian/opt/gcc-arm-none-eabi-8-2018-q4-major/bin/../lib/gcc/arm-none-eabi/8.2.1/../../../../arm-none-eabi/lib/thumb/v7e-m+fp/hard/libc.a(lib_a-memset.o)
 .ARM.attributes
                0x0000000000000000       0x34 /Users/mateojarafabian/opt/gcc-arm-none-eabi-8-2018-q4-major/bin/../lib/gcc/arm-none-eabi/8.2.1/../../../../arm-none-eabi/lib/thumb/v7e-m+fp/hard/libc.a(lib_a-memset.o)

Memory Configuration

Name             Origin             Length             Attributes
FLASH            0x0000000008000000 0x0000000000200000 xr
RAM              0x0000000020000000 0x0000000000030000 xrw
CCMRAM           0x0000000010000000 0x0000000000010000 rw
*default*        0x0000000000000000 0xffffffffffffffff

Linker script and memory map

LOAD src/Blinky_LD3.o
LOAD src/myDataOps02.o
LOAD src/mySystemInit.o
LOAD src/mymain_F429v01.o
LOAD src/startup_stm32f429xx_02.o
LOAD /Users/mateojarafabian/opt/gcc-arm-none-eabi-8-2018-q4-major/bin/../lib/gcc/arm-none-eabi/8.2.1/../../../../arm-none-eabi/lib/thumb/v7e-m+fp/hard/libm.a
                0x0000000020030000                _estack = 0x20030000
                0x0000000000000200                _Min_Heap_Size = 0x200
                0x0000000000000400                _Min_Stack_Size = 0x400

.isr_vector     0x0000000008000000      0x1ac
                0x0000000008000000                . = ALIGN (0x4)
 *(.isr_vector)
 .isr_vector    0x0000000008000000      0x1ac src/startup_stm32f429xx_02.o
                0x0000000008000000                g_pfnVectors
                0x00000000080001ac                . = ALIGN (0x4)

.text           0x00000000080001ac      0x4f4
                0x00000000080001ac                . = ALIGN (0x4)
 *(.text)
 .text          0x00000000080001ac       0x4c src/Blinky_LD3.o
                0x00000000080001ac                initPG13
                0x00000000080001e2                togglePG13
 .text          0x00000000080001f8      0x214 src/myDataOps02.o
                0x00000000080001f8                strncpy
                0x0000000008000226                strncat
                0x0000000008000258                strncmp
                0x000000000800027a                strrchr
                0x00000000080002a4                strspn
                0x00000000080002be                strcspn
                0x00000000080002de                strtok
                0x000000000800030c                ROMdata
 *(.text*)
 .text.software_delay
                0x000000000800040c       0x20 src/mymain_F429v01.o
                0x000000000800040c                software_delay
 .text.main     0x000000000800042c      0x188 src/mymain_F429v01.o
                0x000000000800042c                main
 .text.Reset_Handler
                0x00000000080005b4       0x48 src/startup_stm32f429xx_02.o
                0x00000000080005b4                Reset_Handler
 .text.Default_Handler
                0x00000000080005fc        0x2 src/startup_stm32f429xx_02.o
                0x00000000080005fc                DMA1_Stream3_IRQHandler
                0x00000000080005fc                HASH_RNG_IRQHandler
                0x00000000080005fc                EXTI2_IRQHandler
                0x00000000080005fc                TIM8_CC_IRQHandler
                0x00000000080005fc                DebugMon_Handler
                0x00000000080005fc                UART8_IRQHandler
                0x00000000080005fc                SPI4_IRQHandler
                0x00000000080005fc                TIM1_CC_IRQHandler
                0x00000000080005fc                DMA2_Stream5_IRQHandler
                0x00000000080005fc                HardFault_Handler
                0x00000000080005fc                DMA1_Stream5_IRQHandler
                0x00000000080005fc                SysTick_Handler
                0x00000000080005fc                PVD_IRQHandler
                0x00000000080005fc                SDIO_IRQHandler
                0x00000000080005fc                TAMP_STAMP_IRQHandler
                0x00000000080005fc                PendSV_Handler
                0x00000000080005fc                NMI_Handler
                0x00000000080005fc                CAN2_RX1_IRQHandler
                0x00000000080005fc                EXTI3_IRQHandler
                0x00000000080005fc                TIM8_TRG_COM_TIM14_IRQHandler
                0x00000000080005fc                TIM1_UP_TIM10_IRQHandler
                0x00000000080005fc                TIM8_UP_TIM13_IRQHandler
                0x00000000080005fc                I2C3_ER_IRQHandler
                0x00000000080005fc                EXTI0_IRQHandler
                0x00000000080005fc                I2C2_EV_IRQHandler
                0x00000000080005fc                DMA1_Stream2_IRQHandler
                0x00000000080005fc                CAN1_RX0_IRQHandler
                0x00000000080005fc                FPU_IRQHandler
                0x00000000080005fc                OTG_HS_WKUP_IRQHandler
                0x00000000080005fc                UsageFault_Handler
                0x00000000080005fc                LTDC_ER_IRQHandler
                0x00000000080005fc                CAN2_SCE_IRQHandler
                0x00000000080005fc                DMA2_Stream2_IRQHandler
                0x00000000080005fc                SPI1_IRQHandler
                0x00000000080005fc                TIM6_DAC_IRQHandler
                0x00000000080005fc                TIM1_BRK_TIM9_IRQHandler
                0x00000000080005fc                DCMI_IRQHandler
                0x00000000080005fc                CAN2_RX0_IRQHandler
                0x00000000080005fc                DMA2_Stream3_IRQHandler
                0x00000000080005fc                USART6_IRQHandler
                0x00000000080005fc                USART3_IRQHandler
                0x00000000080005fc                CAN1_RX1_IRQHandler
                0x00000000080005fc                UART5_IRQHandler
                0x00000000080005fc                DMA2_Stream0_IRQHandler
                0x00000000080005fc                TIM4_IRQHandler
                0x00000000080005fc                I2C1_EV_IRQHandler
                0x00000000080005fc                DMA1_Stream6_IRQHandler
                0x00000000080005fc                DMA1_Stream1_IRQHandler
                0x00000000080005fc                UART4_IRQHandler
                0x00000000080005fc                TIM3_IRQHandler
                0x00000000080005fc                RCC_IRQHandler
                0x00000000080005fc                TIM8_BRK_TIM12_IRQHandler
                0x00000000080005fc                Default_Handler
                0x00000000080005fc                EXTI15_10_IRQHandler
                0x00000000080005fc                ADC_IRQHandler
                0x00000000080005fc                DMA1_Stream7_IRQHandler
                0x00000000080005fc                SPI5_IRQHandler
                0x00000000080005fc                TIM7_IRQHandler
                0x00000000080005fc                CAN2_TX_IRQHandler
                0x00000000080005fc                TIM5_IRQHandler
                0x00000000080005fc                DMA2_Stream7_IRQHandler
                0x00000000080005fc                I2C3_EV_IRQHandler
                0x00000000080005fc                EXTI9_5_IRQHandler
                0x00000000080005fc                RTC_WKUP_IRQHandler
                0x00000000080005fc                LTDC_IRQHandler
                0x00000000080005fc                ETH_WKUP_IRQHandler
                0x00000000080005fc                SPI2_IRQHandler
                0x00000000080005fc                OTG_HS_EP1_IN_IRQHandler
                0x00000000080005fc                MemManage_Handler
                0x00000000080005fc                DMA1_Stream0_IRQHandler
                0x00000000080005fc                CAN1_TX_IRQHandler
                0x00000000080005fc                SVC_Handler
                0x00000000080005fc                EXTI4_IRQHandler
                0x00000000080005fc                ETH_IRQHandler
                0x00000000080005fc                OTG_HS_EP1_OUT_IRQHandler
                0x00000000080005fc                WWDG_IRQHandler
                0x00000000080005fc                SPI6_IRQHandler
                0x00000000080005fc                TIM2_IRQHandler
                0x00000000080005fc                OTG_FS_WKUP_IRQHandler
                0x00000000080005fc                TIM1_TRG_COM_TIM11_IRQHandler
                0x00000000080005fc                OTG_HS_IRQHandler
                0x00000000080005fc                DMA2D_IRQHandler
                0x00000000080005fc                EXTI1_IRQHandler
                0x00000000080005fc                UART7_IRQHandler
                0x00000000080005fc                USART2_IRQHandler
                0x00000000080005fc                I2C2_ER_IRQHandler
                0x00000000080005fc                DMA2_Stream1_IRQHandler
                0x00000000080005fc                CAN1_SCE_IRQHandler
                0x00000000080005fc                FLASH_IRQHandler
                0x00000000080005fc                DMA2_Stream4_IRQHandler
                0x00000000080005fc                BusFault_Handler
                0x00000000080005fc                USART1_IRQHandler
                0x00000000080005fc                OTG_FS_IRQHandler
                0x00000000080005fc                SPI3_IRQHandler
                0x00000000080005fc                DMA1_Stream4_IRQHandler
                0x00000000080005fc                I2C1_ER_IRQHandler
                0x00000000080005fc                FMC_IRQHandler
                0x00000000080005fc                DMA2_Stream6_IRQHandler
                0x00000000080005fc                SAI1_IRQHandler
                0x00000000080005fc                RTC_Alarm_IRQHandler
 *fill*         0x00000000080005fe        0x2 
 .text.memset   0x0000000008000600       0xa0 /Users/mateojarafabian/opt/gcc-arm-none-eabi-8-2018-q4-major/bin/../lib/gcc/arm-none-eabi/8.2.1/../../../../arm-none-eabi/lib/thumb/v7e-m+fp/hard/libc.a(lib_a-memset.o)
                0x0000000008000600                memset
 *(.glue_7)
 .glue_7        0x00000000080006a0        0x0 linker stubs
 *(.glue_7t)
 .glue_7t       0x00000000080006a0        0x0 linker stubs
 *(.eh_frame)
 *(.init)
 *(.fini)
                0x00000000080006a0                . = ALIGN (0x4)
                0x00000000080006a0                _etext = .

.vfp11_veneer   0x00000000080006a0        0x0
 .vfp11_veneer  0x00000000080006a0        0x0 linker stubs

.v4_bx          0x00000000080006a0        0x0
 .v4_bx         0x00000000080006a0        0x0 linker stubs

.iplt           0x00000000080006a0        0x0
 .iplt          0x00000000080006a0        0x0 src/Blinky_LD3.o

.rodata         0x00000000080006a0       0x7c
                0x00000000080006a0                . = ALIGN (0x4)
 *(.rodata)
 .rodata        0x00000000080006a0       0x7c src/mymain_F429v01.o
 *(.rodata*)
                0x000000000800071c                . = ALIGN (0x4)

.rel.dyn        0x000000000800071c        0x0
 .rel.iplt      0x000000000800071c        0x0 src/Blinky_LD3.o

.ARM.extab
 *(.ARM.extab* .gnu.linkonce.armextab.*)

.ARM            0x000000000800071c        0x0
                0x000000000800071c                __exidx_start = .
 *(.ARM.exidx*)
                0x000000000800071c                __exidx_end = .

.preinit_array  0x000000000800071c        0x0
                [!provide]                        PROVIDE (__preinit_array_start = .)
 *(.preinit_array*)
                [!provide]                        PROVIDE (__preinit_array_end = .)

.init_array     0x000000000800071c        0x0
                [!provide]                        PROVIDE (__init_array_start = .)
 *(SORT_BY_NAME(.init_array.*))
 *(.init_array*)
                [!provide]                        PROVIDE (__init_array_end = .)

.fini_array     0x000000000800071c        0x0
                [!provide]                        PROVIDE (__fini_array_start = .)
 *(SORT_BY_NAME(.fini_array.*))
 *(.fini_array*)
                [!provide]                        PROVIDE (__fini_array_end = .)
                0x000000000800071c                _sidata = LOADADDR (.data)

.data           0x0000000020000000        0x8 load address 0x000000000800071c
                0x0000000020000000                . = ALIGN (0x4)
                0x0000000020000000                _sdata = .
 *(.data)
 .data          0x0000000020000000        0x8 src/myDataOps02.o
                0x0000000020000000                Dword
 *(.data*)
                0x0000000020000008                . = ALIGN (0x4)
                0x0000000020000008                _edata = .
                0x0000000008000724                _siccmram = LOADADDR (.ccmram)

.igot.plt       0x0000000020000008        0x0 load address 0x0000000008000724
 .igot.plt      0x0000000020000008        0x0 src/Blinky_LD3.o

.ccmram         0x0000000010000000        0x0 load address 0x0000000008000724
                0x0000000010000000                . = ALIGN (0x4)
                0x0000000010000000                _sccmram = .
 *(.ccmram)
 *(.ccmram*)
                0x0000000010000000                . = ALIGN (0x4)
                0x0000000010000000                _eccmram = .
                0x0000000010000000                . = ALIGN (0x4)

.bss            0x0000000020000008        0x0
                0x0000000020000008                _sbss = .
                0x0000000020000008                __bss_start__ = _sbss
 *(.bss)
 *(.bss*)
 *(COMMON)
                0x0000000020000008                . = ALIGN (0x4)
                0x0000000020000008                _ebss = .
                0x0000000020000008                __bss_end__ = _ebss

._user_heap_stack
                0x0000000020000008      0x600
                0x0000000020000008                . = ALIGN (0x4)
                [!provide]                        PROVIDE (end = .)
                [!provide]                        PROVIDE (_end = .)
                0x0000000020000208                . = (. + _Min_Heap_Size)
 *fill*         0x0000000020000008      0x200 
                0x0000000020000608                . = (. + _Min_Stack_Size)
 *fill*         0x0000000020000208      0x400 
                0x0000000020000608                . = ALIGN (0x4)

/DISCARD/
 libc.a(*)
 libm.a(*)
 libgcc.a(*)

.ARM.attributes
                0x0000000000000000       0x30
 *(.ARM.attributes)
 .ARM.attributes
                0x0000000000000000       0x20 src/Blinky_LD3.o
 .ARM.attributes
                0x0000000000000020       0x20 src/myDataOps02.o
 .ARM.attributes
                0x0000000000000040       0x34 src/mymain_F429v01.o
 .ARM.attributes
                0x0000000000000074       0x21 src/startup_stm32f429xx_02.o
OUTPUT(stringfunctions.elf elf32-littlearm)

.debug_line     0x0000000000000000      0x536
 .debug_line    0x0000000000000000       0x5f src/Blinky_LD3.o
 .debug_line    0x000000000000005f       0xb1 src/myDataOps02.o
 .debug_line    0x0000000000000110      0x3aa src/mymain_F429v01.o
 .debug_line    0x00000000000004ba       0x7c src/startup_stm32f429xx_02.o

.debug_info     0x0000000000000000      0xd5b
 .debug_info    0x0000000000000000       0x26 src/Blinky_LD3.o
 .debug_info    0x0000000000000026       0x26 src/myDataOps02.o
 .debug_info    0x000000000000004c      0xced src/mymain_F429v01.o
 .debug_info    0x0000000000000d39       0x22 src/startup_stm32f429xx_02.o

.debug_abbrev   0x0000000000000000      0x251
 .debug_abbrev  0x0000000000000000       0x14 src/Blinky_LD3.o
 .debug_abbrev  0x0000000000000014       0x14 src/myDataOps02.o
 .debug_abbrev  0x0000000000000028      0x217 src/mymain_F429v01.o
 .debug_abbrev  0x000000000000023f       0x12 src/startup_stm32f429xx_02.o

.debug_aranges  0x0000000000000000       0x90
 .debug_aranges
                0x0000000000000000       0x20 src/Blinky_LD3.o
 .debug_aranges
                0x0000000000000020       0x20 src/myDataOps02.o
 .debug_aranges
                0x0000000000000040       0x28 src/mymain_F429v01.o
 .debug_aranges
                0x0000000000000068       0x28 src/startup_stm32f429xx_02.o

.debug_str      0x0000000000000000     0x7ed1
 .debug_str     0x0000000000000000       0x60 src/Blinky_LD3.o
 .debug_str     0x0000000000000060       0x15 src/myDataOps02.o
                                         0x61 (size before relaxing)
 .debug_str     0x0000000000000075     0x7e3c src/mymain_F429v01.o
                                       0x80ae (size before relaxing)
 .debug_str     0x0000000000007eb1       0x20 src/startup_stm32f429xx_02.o
                                         0x6c (size before relaxing)

.debug_ranges   0x0000000000000000       0x38
 .debug_ranges  0x0000000000000000       0x18 src/mymain_F429v01.o
 .debug_ranges  0x0000000000000018       0x20 src/startup_stm32f429xx_02.o

.debug_macro    0x0000000000000000     0x1cdf
 .debug_macro   0x0000000000000000      0x1cd src/mymain_F429v01.o
 .debug_macro   0x00000000000001cd      0xaa8 src/mymain_F429v01.o
 .debug_macro   0x0000000000000c75       0x22 src/mymain_F429v01.o
 .debug_macro   0x0000000000000c97       0x58 src/mymain_F429v01.o
 .debug_macro   0x0000000000000cef       0x18 src/mymain_F429v01.o
 .debug_macro   0x0000000000000d07       0x94 src/mymain_F429v01.o
 .debug_macro   0x0000000000000d9b       0x35 src/mymain_F429v01.o
 .debug_macro   0x0000000000000dd0       0x34 src/mymain_F429v01.o
 .debug_macro   0x0000000000000e04       0x16 src/mymain_F429v01.o
 .debug_macro   0x0000000000000e1a       0x57 src/mymain_F429v01.o
 .debug_macro   0x0000000000000e71       0x97 src/mymain_F429v01.o
 .debug_macro   0x0000000000000f08      0x339 src/mymain_F429v01.o
 .debug_macro   0x0000000000001241       0xfd src/mymain_F429v01.o
 .debug_macro   0x000000000000133e       0x10 src/mymain_F429v01.o
 .debug_macro   0x000000000000134e       0x58 src/mymain_F429v01.o
 .debug_macro   0x00000000000013a6       0x1f src/mymain_F429v01.o
 .debug_macro   0x00000000000013c5       0x43 src/mymain_F429v01.o
 .debug_macro   0x0000000000001408       0x20 src/mymain_F429v01.o
 .debug_macro   0x0000000000001428      0x18e src/mymain_F429v01.o
 .debug_macro   0x00000000000015b6       0x10 src/mymain_F429v01.o
 .debug_macro   0x00000000000015c6       0x6a src/mymain_F429v01.o
 .debug_macro   0x0000000000001630       0x1c src/mymain_F429v01.o
 .debug_macro   0x000000000000164c       0x52 src/mymain_F429v01.o
 .debug_macro   0x000000000000169e       0x40 src/mymain_F429v01.o
 .debug_macro   0x00000000000016de       0x10 src/mymain_F429v01.o
 .debug_macro   0x00000000000016ee       0x40 src/mymain_F429v01.o
 .debug_macro   0x000000000000172e       0xd7 src/mymain_F429v01.o
 .debug_macro   0x0000000000001805       0x1c src/mymain_F429v01.o
 .debug_macro   0x0000000000001821       0x3d src/mymain_F429v01.o
 .debug_macro   0x000000000000185e       0x16 src/mymain_F429v01.o
 .debug_macro   0x0000000000001874      0x16f src/mymain_F429v01.o
 .debug_macro   0x00000000000019e3       0xef src/mymain_F429v01.o
 .debug_macro   0x0000000000001ad2      0x1df src/mymain_F429v01.o
 .debug_macro   0x0000000000001cb1       0x2e src/mymain_F429v01.o

.comment        0x0000000000000000       0x75
 .comment       0x0000000000000000       0x75 src/mymain_F429v01.o
                                         0x76 (size before relaxing)

.debug_frame    0x0000000000000000       0x5c
 .debug_frame   0x0000000000000000       0x5c src/mymain_F429v01.o
