
Discarded input sections

 .data          0x0000000000000000        0x0 src/05Blinky_LD3.o
 .bss           0x0000000000000000        0x0 src/05Blinky_LD3.o
 .data          0x0000000000000000        0x0 src/myDataOps02.o
 .bss           0x0000000000000000        0x0 src/myDataOps02.o
 .data          0x0000000000000000        0x0 src/mySysTick_Handler.o
 .bss           0x0000000000000000        0x0 src/mySysTick_Handler.o
 .text          0x0000000000000000       0x5c src/mySystemInit.o
 .data          0x0000000000000000        0x0 src/mySystemInit.o
 .bss           0x0000000000000000        0x0 src/mySystemInit.o
 .debug_line    0x0000000000000000       0x67 src/mySystemInit.o
 .debug_info    0x0000000000000000       0x26 src/mySystemInit.o
 .debug_abbrev  0x0000000000000000       0x14 src/mySystemInit.o
 .debug_aranges
                0x0000000000000000       0x20 src/mySystemInit.o
 .debug_str     0x0000000000000000       0x64 src/mySystemInit.o
 .ARM.attributes
                0x0000000000000000       0x21 src/mySystemInit.o
 .group         0x0000000000000000        0xc src/mymain_F429v02.o
 .group         0x0000000000000000        0xc src/mymain_F429v02.o
 .group         0x0000000000000000        0xc src/mymain_F429v02.o
 .group         0x0000000000000000        0xc src/mymain_F429v02.o
 .group         0x0000000000000000        0xc src/mymain_F429v02.o
 .group         0x0000000000000000        0xc src/mymain_F429v02.o
 .group         0x0000000000000000        0xc src/mymain_F429v02.o
 .group         0x0000000000000000        0xc src/mymain_F429v02.o
 .text          0x0000000000000000        0x0 src/mymain_F429v02.o
 .data          0x0000000000000000        0x0 src/mymain_F429v02.o
 .bss           0x0000000000000000        0x0 src/mymain_F429v02.o
 .data          0x0000000000000000        0x0 src/redLED.o
 .bss           0x0000000000000000        0x0 src/redLED.o
 .text          0x0000000000000000       0x14 src/startup_stm32f429xx_02.o
 .data          0x0000000000000000        0x0 src/startup_stm32f429xx_02.o
 .bss           0x0000000000000000        0x0 src/startup_stm32f429xx_02.o
 .bss           0x0000000000000000        0x0 src/stm32f767xx_TIM2_CH4_PWM_IRQ_demo01.o

Memory Configuration

Name             Origin             Length             Attributes
FLASH            0x0000000008000000 0x0000000000200000 xr
RAM              0x0000000020000000 0x0000000000030000 xrw
CCMRAM           0x0000000010000000 0x0000000000010000 rw
*default*        0x0000000000000000 0xffffffffffffffff

Linker script and memory map

LOAD src/05Blinky_LD3.o
LOAD src/myDataOps02.o
LOAD src/mySysTick_Handler.o
LOAD src/mySystemInit.o
LOAD src/mymain_F429v02.o
LOAD src/redLED.o
LOAD src/startup_stm32f429xx_02.o
LOAD src/stm32f767xx_TIM2_CH4_PWM_IRQ_demo01.o
LOAD /Users/mateojarafabian/Desktop/enee440/SysTick_set_clock/src/libUSART1_AC6gcc_nodebug.a
LOAD /Users/mateojarafabian/opt/gcc-arm-none-eabi-8-2018-q4-major/bin/../lib/gcc/arm-none-eabi/8.2.1/../../../../arm-none-eabi/lib/thumb/v7e-m+fp/hard/libm.a
                0x0000000020030000                _estack = 0x20030000
                0x0000000000000200                _Min_Heap_Size = 0x200
                0x0000000000000400                _Min_Stack_Size = 0x400

.isr_vector     0x0000000008000000      0x1ac
                0x0000000008000000                . = ALIGN (0x4)
 *(.isr_vector)
 .isr_vector    0x0000000008000000      0x1ac src/startup_stm32f429xx_02.o
                0x0000000008000000                g_pfnVectors
                0x00000000080001ac                . = ALIGN (0x4)

.text           0x00000000080001ac      0x3a0
                0x00000000080001ac                . = ALIGN (0x4)
 *(.text)
 .text          0x00000000080001ac       0x60 src/05Blinky_LD3.o
                0x00000000080001ac                initPG13
                0x00000000080001e2                togglePG13
                0x00000000080001ee                setPG13
                0x00000000080001f8                resetPG13
 .text          0x000000000800020c       0xa8 src/myDataOps02.o
                0x000000000800020c                SetSysClk
 .text          0x00000000080002b4       0x66 src/mySysTick_Handler.o
                0x00000000080002b4                initSysTick
                0x00000000080002ea                SysTick_Handler
 *fill*         0x000000000800031a        0x2 
 .text          0x000000000800031c       0x60 src/redLED.o
                0x000000000800031c                initPG14
                0x0000000008000352                togglePG14
                0x000000000800035e                setPG14
                0x0000000008000368                resetPG14
 .text          0x000000000800037c      0x144 src/stm32f767xx_TIM2_CH4_PWM_IRQ_demo01.o
                0x000000000800037c                NVIC_set_TIM2_priority
                0x0000000008000388                NVIC_TIM2_IRQ_enable
                0x0000000008000396                NVIC_TIM2_IRQ_disable
                0x00000000080003a4                DBGMCU_FREEZE_TIM2
                0x00000000080003b0                DBGMCU_UNFREEZE_TIM2
                0x00000000080003bc                connect_TIM2_CH4_to_PA3
                0x0000000008000400                TIM2_init
                0x0000000008000466                TIM2_poll
                0x0000000008000482                TIM2_IRQHandler
 *(.text*)
 .text.main     0x00000000080004c0       0x40 src/mymain_F429v02.o
                0x00000000080004c0                main
 .text.Reset_Handler
                0x0000000008000500       0x48 src/startup_stm32f429xx_02.o
                0x0000000008000500                Reset_Handler
 .text.Default_Handler
                0x0000000008000548        0x2 src/startup_stm32f429xx_02.o
                0x0000000008000548                DMA1_Stream3_IRQHandler
                0x0000000008000548                HASH_RNG_IRQHandler
                0x0000000008000548                EXTI2_IRQHandler
                0x0000000008000548                TIM8_CC_IRQHandler
                0x0000000008000548                DebugMon_Handler
                0x0000000008000548                UART8_IRQHandler
                0x0000000008000548                SPI4_IRQHandler
                0x0000000008000548                TIM1_CC_IRQHandler
                0x0000000008000548                DMA2_Stream5_IRQHandler
                0x0000000008000548                HardFault_Handler
                0x0000000008000548                DMA1_Stream5_IRQHandler
                0x0000000008000548                PVD_IRQHandler
                0x0000000008000548                SDIO_IRQHandler
                0x0000000008000548                TAMP_STAMP_IRQHandler
                0x0000000008000548                PendSV_Handler
                0x0000000008000548                NMI_Handler
                0x0000000008000548                CAN2_RX1_IRQHandler
                0x0000000008000548                EXTI3_IRQHandler
                0x0000000008000548                TIM8_TRG_COM_TIM14_IRQHandler
                0x0000000008000548                TIM1_UP_TIM10_IRQHandler
                0x0000000008000548                TIM8_UP_TIM13_IRQHandler
                0x0000000008000548                I2C3_ER_IRQHandler
                0x0000000008000548                EXTI0_IRQHandler
                0x0000000008000548                I2C2_EV_IRQHandler
                0x0000000008000548                DMA1_Stream2_IRQHandler
                0x0000000008000548                CAN1_RX0_IRQHandler
                0x0000000008000548                FPU_IRQHandler
                0x0000000008000548                OTG_HS_WKUP_IRQHandler
                0x0000000008000548                UsageFault_Handler
                0x0000000008000548                LTDC_ER_IRQHandler
                0x0000000008000548                CAN2_SCE_IRQHandler
                0x0000000008000548                DMA2_Stream2_IRQHandler
                0x0000000008000548                SPI1_IRQHandler
                0x0000000008000548                TIM6_DAC_IRQHandler
                0x0000000008000548                TIM1_BRK_TIM9_IRQHandler
                0x0000000008000548                DCMI_IRQHandler
                0x0000000008000548                CAN2_RX0_IRQHandler
                0x0000000008000548                DMA2_Stream3_IRQHandler
                0x0000000008000548                USART6_IRQHandler
                0x0000000008000548                USART3_IRQHandler
                0x0000000008000548                CAN1_RX1_IRQHandler
                0x0000000008000548                UART5_IRQHandler
                0x0000000008000548                DMA2_Stream0_IRQHandler
                0x0000000008000548                TIM4_IRQHandler
                0x0000000008000548                I2C1_EV_IRQHandler
                0x0000000008000548                DMA1_Stream6_IRQHandler
                0x0000000008000548                DMA1_Stream1_IRQHandler
                0x0000000008000548                UART4_IRQHandler
                0x0000000008000548                TIM3_IRQHandler
                0x0000000008000548                RCC_IRQHandler
                0x0000000008000548                TIM8_BRK_TIM12_IRQHandler
                0x0000000008000548                Default_Handler
                0x0000000008000548                EXTI15_10_IRQHandler
                0x0000000008000548                ADC_IRQHandler
                0x0000000008000548                DMA1_Stream7_IRQHandler
                0x0000000008000548                SPI5_IRQHandler
                0x0000000008000548                TIM7_IRQHandler
                0x0000000008000548                CAN2_TX_IRQHandler
                0x0000000008000548                TIM5_IRQHandler
                0x0000000008000548                DMA2_Stream7_IRQHandler
                0x0000000008000548                I2C3_EV_IRQHandler
                0x0000000008000548                EXTI9_5_IRQHandler
                0x0000000008000548                RTC_WKUP_IRQHandler
                0x0000000008000548                LTDC_IRQHandler
                0x0000000008000548                ETH_WKUP_IRQHandler
                0x0000000008000548                SPI2_IRQHandler
                0x0000000008000548                OTG_HS_EP1_IN_IRQHandler
                0x0000000008000548                MemManage_Handler
                0x0000000008000548                DMA1_Stream0_IRQHandler
                0x0000000008000548                CAN1_TX_IRQHandler
                0x0000000008000548                SVC_Handler
                0x0000000008000548                EXTI4_IRQHandler
                0x0000000008000548                ETH_IRQHandler
                0x0000000008000548                OTG_HS_EP1_OUT_IRQHandler
                0x0000000008000548                WWDG_IRQHandler
                0x0000000008000548                SPI6_IRQHandler
                0x0000000008000548                OTG_FS_WKUP_IRQHandler
                0x0000000008000548                TIM1_TRG_COM_TIM11_IRQHandler
                0x0000000008000548                OTG_HS_IRQHandler
                0x0000000008000548                DMA2D_IRQHandler
                0x0000000008000548                EXTI1_IRQHandler
                0x0000000008000548                UART7_IRQHandler
                0x0000000008000548                USART2_IRQHandler
                0x0000000008000548                I2C2_ER_IRQHandler
                0x0000000008000548                DMA2_Stream1_IRQHandler
                0x0000000008000548                CAN1_SCE_IRQHandler
                0x0000000008000548                FLASH_IRQHandler
                0x0000000008000548                DMA2_Stream4_IRQHandler
                0x0000000008000548                BusFault_Handler
                0x0000000008000548                USART1_IRQHandler
                0x0000000008000548                OTG_FS_IRQHandler
                0x0000000008000548                SPI3_IRQHandler
                0x0000000008000548                DMA1_Stream4_IRQHandler
                0x0000000008000548                I2C1_ER_IRQHandler
                0x0000000008000548                FMC_IRQHandler
                0x0000000008000548                DMA2_Stream6_IRQHandler
                0x0000000008000548                SAI1_IRQHandler
                0x0000000008000548                RTC_Alarm_IRQHandler
 *(.glue_7)
 .glue_7        0x000000000800054a        0x0 linker stubs
 *(.glue_7t)
 .glue_7t       0x000000000800054a        0x0 linker stubs
 *(.eh_frame)
 *(.init)
 *(.fini)
                0x000000000800054c                . = ALIGN (0x4)
 *fill*         0x000000000800054a        0x2 
                0x000000000800054c                _etext = .

.vfp11_veneer   0x000000000800054c        0x0
 .vfp11_veneer  0x000000000800054c        0x0 linker stubs

.v4_bx          0x000000000800054c        0x0
 .v4_bx         0x000000000800054c        0x0 linker stubs

.iplt           0x000000000800054c        0x0
 .iplt          0x000000000800054c        0x0 src/05Blinky_LD3.o

.rel.dyn        0x000000000800054c        0x0
 .rel.iplt      0x000000000800054c        0x0 src/05Blinky_LD3.o

.rodata         0x000000000800054c        0x0
                0x000000000800054c                . = ALIGN (0x4)
 *(.rodata)
 *(.rodata*)
                0x000000000800054c                . = ALIGN (0x4)

.ARM.extab
 *(.ARM.extab* .gnu.linkonce.armextab.*)

.ARM            0x000000000800054c        0x0
                0x000000000800054c                __exidx_start = .
 *(.ARM.exidx*)
                0x000000000800054c                __exidx_end = .

.preinit_array  0x000000000800054c        0x0
                [!provide]                        PROVIDE (__preinit_array_start = .)
 *(.preinit_array*)
                [!provide]                        PROVIDE (__preinit_array_end = .)

.init_array     0x000000000800054c        0x0
                [!provide]                        PROVIDE (__init_array_start = .)
 *(SORT_BY_NAME(.init_array.*))
 *(.init_array*)
                [!provide]                        PROVIDE (__init_array_end = .)

.fini_array     0x000000000800054c        0x0
                [!provide]                        PROVIDE (__fini_array_start = .)
 *(SORT_BY_NAME(.fini_array.*))
 *(.fini_array*)
                [!provide]                        PROVIDE (__fini_array_end = .)
                0x000000000800054c                _sidata = LOADADDR (.data)

.data           0x0000000020000000        0x4 load address 0x000000000800054c
                0x0000000020000000                . = ALIGN (0x4)
                0x0000000020000000                _sdata = .
 *(.data)
 .data          0x0000000020000000        0x4 src/stm32f767xx_TIM2_CH4_PWM_IRQ_demo01.o
 *(.data*)
                0x0000000020000004                . = ALIGN (0x4)
                0x0000000020000004                _edata = .
                0x0000000008000550                _siccmram = LOADADDR (.ccmram)

.igot.plt       0x0000000020000004        0x0 load address 0x0000000008000550
 .igot.plt      0x0000000020000004        0x0 src/05Blinky_LD3.o

.ccmram         0x0000000010000000        0x0 load address 0x0000000008000550
                0x0000000010000000                . = ALIGN (0x4)
                0x0000000010000000                _sccmram = .
 *(.ccmram)
 *(.ccmram*)
                0x0000000010000000                . = ALIGN (0x4)
                0x0000000010000000                _eccmram = .
                0x0000000010000000                . = ALIGN (0x4)

.bss            0x0000000020000004        0x8
                0x0000000020000004                _sbss = .
                0x0000000020000004                __bss_start__ = _sbss
 *(.bss)
 *(.bss*)
 .bss.SysTick_msecs
                0x0000000020000004        0x2 src/mymain_F429v02.o
                0x0000000020000004                SysTick_msecs
 *fill*         0x0000000020000006        0x2 
 .bss.SysTick_secs
                0x0000000020000008        0x4 src/mymain_F429v02.o
                0x0000000020000008                SysTick_secs
 *(COMMON)
                0x000000002000000c                . = ALIGN (0x4)
                0x000000002000000c                _ebss = .
                0x000000002000000c                __bss_end__ = _ebss

._user_heap_stack
                0x000000002000000c      0x600
                0x000000002000000c                . = ALIGN (0x4)
                [!provide]                        PROVIDE (end = .)
                [!provide]                        PROVIDE (_end = .)
                0x000000002000020c                . = (. + _Min_Heap_Size)
 *fill*         0x000000002000000c      0x200 
                0x000000002000060c                . = (. + _Min_Stack_Size)
 *fill*         0x000000002000020c      0x400 
                0x000000002000060c                . = ALIGN (0x4)

/DISCARD/
 libc.a(*)
 libm.a(*)
 libgcc.a(*)

.ARM.attributes
                0x0000000000000000       0x30
 *(.ARM.attributes)
 .ARM.attributes
                0x0000000000000000       0x20 src/05Blinky_LD3.o
 .ARM.attributes
                0x0000000000000020       0x20 src/myDataOps02.o
 .ARM.attributes
                0x0000000000000040       0x20 src/mySysTick_Handler.o
 .ARM.attributes
                0x0000000000000060       0x34 src/mymain_F429v02.o
 .ARM.attributes
                0x0000000000000094       0x20 src/redLED.o
 .ARM.attributes
                0x00000000000000b4       0x21 src/startup_stm32f429xx_02.o
 .ARM.attributes
                0x00000000000000d5       0x20 src/stm32f767xx_TIM2_CH4_PWM_IRQ_demo01.o
OUTPUT(SysTick_set_clock.elf elf32-littlearm)

.debug_line     0x0000000000000000      0x543
 .debug_line    0x0000000000000000       0x69 src/05Blinky_LD3.o
 .debug_line    0x0000000000000069       0x6b src/myDataOps02.o
 .debug_line    0x00000000000000d4       0x67 src/mySysTick_Handler.o
 .debug_line    0x000000000000013b      0x249 src/mymain_F429v02.o
 .debug_line    0x0000000000000384       0x63 src/redLED.o
 .debug_line    0x00000000000003e7       0x7c src/startup_stm32f429xx_02.o
 .debug_line    0x0000000000000463       0xe0 src/stm32f767xx_TIM2_CH4_PWM_IRQ_demo01.o

.debug_info     0x0000000000000000      0x1ba
 .debug_info    0x0000000000000000       0x26 src/05Blinky_LD3.o
 .debug_info    0x0000000000000026       0x26 src/myDataOps02.o
 .debug_info    0x000000000000004c       0x26 src/mySysTick_Handler.o
 .debug_info    0x0000000000000072       0xda src/mymain_F429v02.o
 .debug_info    0x000000000000014c       0x26 src/redLED.o
 .debug_info    0x0000000000000172       0x22 src/startup_stm32f429xx_02.o
 .debug_info    0x0000000000000194       0x26 src/stm32f767xx_TIM2_CH4_PWM_IRQ_demo01.o

.debug_abbrev   0x0000000000000000       0xe1
 .debug_abbrev  0x0000000000000000       0x14 src/05Blinky_LD3.o
 .debug_abbrev  0x0000000000000014       0x14 src/myDataOps02.o
 .debug_abbrev  0x0000000000000028       0x14 src/mySysTick_Handler.o
 .debug_abbrev  0x000000000000003c       0x6b src/mymain_F429v02.o
 .debug_abbrev  0x00000000000000a7       0x14 src/redLED.o
 .debug_abbrev  0x00000000000000bb       0x12 src/startup_stm32f429xx_02.o
 .debug_abbrev  0x00000000000000cd       0x14 src/stm32f767xx_TIM2_CH4_PWM_IRQ_demo01.o

.debug_aranges  0x0000000000000000       0xe8
 .debug_aranges
                0x0000000000000000       0x20 src/05Blinky_LD3.o
 .debug_aranges
                0x0000000000000020       0x20 src/myDataOps02.o
 .debug_aranges
                0x0000000000000040       0x20 src/mySysTick_Handler.o
 .debug_aranges
                0x0000000000000060       0x20 src/mymain_F429v02.o
 .debug_aranges
                0x0000000000000080       0x20 src/redLED.o
 .debug_aranges
                0x00000000000000a0       0x28 src/startup_stm32f429xx_02.o
 .debug_aranges
                0x00000000000000c8       0x20 src/stm32f767xx_TIM2_CH4_PWM_IRQ_demo01.o

.debug_str      0x0000000000000000     0x3d21
 .debug_str     0x0000000000000000       0x64 src/05Blinky_LD3.o
 .debug_str     0x0000000000000064       0x15 src/myDataOps02.o
                                         0x63 (size before relaxing)
 .debug_str     0x0000000000000079       0x1b src/mySysTick_Handler.o
                                         0x69 (size before relaxing)
 .debug_str     0x0000000000000094     0x3c30 src/mymain_F429v02.o
                                       0x3ddc (size before relaxing)
 .debug_str     0x0000000000003cc4       0x10 src/redLED.o
                                         0x5e (size before relaxing)
 .debug_str     0x0000000000003cd4       0x20 src/startup_stm32f429xx_02.o
                                         0x6e (size before relaxing)
 .debug_str     0x0000000000003cf4       0x2d src/stm32f767xx_TIM2_CH4_PWM_IRQ_demo01.o
                                         0x7b (size before relaxing)

.debug_ranges   0x0000000000000000       0x30
 .debug_ranges  0x0000000000000000       0x10 src/mymain_F429v02.o
 .debug_ranges  0x0000000000000010       0x20 src/startup_stm32f429xx_02.o

.debug_macro    0x0000000000000000      0xf7b
 .debug_macro   0x0000000000000000       0x6c src/mymain_F429v02.o
 .debug_macro   0x000000000000006c      0xaa8 src/mymain_F429v02.o
 .debug_macro   0x0000000000000b14       0x22 src/mymain_F429v02.o
 .debug_macro   0x0000000000000b36       0x8e src/mymain_F429v02.o
 .debug_macro   0x0000000000000bc4       0x51 src/mymain_F429v02.o
 .debug_macro   0x0000000000000c15       0xef src/mymain_F429v02.o
 .debug_macro   0x0000000000000d04       0x6a src/mymain_F429v02.o
 .debug_macro   0x0000000000000d6e      0x1df src/mymain_F429v02.o
 .debug_macro   0x0000000000000f4d       0x2e src/mymain_F429v02.o

.comment        0x0000000000000000       0x75
 .comment       0x0000000000000000       0x75 src/mymain_F429v02.o
                                         0x76 (size before relaxing)

.debug_frame    0x0000000000000000       0x2c
 .debug_frame   0x0000000000000000       0x2c src/mymain_F429v02.o
