Archive member included to satisfy reference by file (symbol)

/Users/mateojarafabian/Desktop/enee440/SysTick_USART1/src/libUSART1_AC6gcc_nodebug.a(USART1_AC6gcc_nodebug.o)
                              src/mymain_F429v02.o (initUSART1)

Allocating common symbols
Common symbol       size              file

Ghalf               0x2               src/myDataOps02.o
Gbyte               0x1               src/myDataOps02.o
Gword               0x4               src/myDataOps02.o
Garray              0x100             src/myDataOps02.o

Discarded input sections

 .data          0x0000000000000000        0x0 src/05Blinky_LD3.o
 .bss           0x0000000000000000        0x0 src/05Blinky_LD3.o
 .text          0x0000000000000000      0x1d8 src/myDataOps02.o
 .bss           0x0000000000000000      0x107 src/myDataOps02.o
 COMMON         0x0000000000000000      0x110 src/myDataOps02.o
 .data          0x0000000000000000        0x0 src/mySysTick_Handler.o
 .bss           0x0000000000000000        0x0 src/mySysTick_Handler.o
 .text          0x0000000000000000       0x5c src/mySystemInit.o
 .data          0x0000000000000000        0x0 src/mySystemInit.o
 .bss           0x0000000000000000        0x0 src/mySystemInit.o
 .debug_line    0x0000000000000000       0x67 src/mySystemInit.o
 .debug_info    0x0000000000000000       0x26 src/mySystemInit.o
 .debug_abbrev  0x0000000000000000       0x14 src/mySystemInit.o
 .debug_aranges
                0x0000000000000000       0x20 src/mySystemInit.o
 .debug_str     0x0000000000000000       0x61 src/mySystemInit.o
 .ARM.attributes
                0x0000000000000000       0x21 src/mySystemInit.o
 .group         0x0000000000000000        0xc src/mymain_F429v02.o
 .group         0x0000000000000000        0xc src/mymain_F429v02.o
 .group         0x0000000000000000        0xc src/mymain_F429v02.o
 .group         0x0000000000000000        0xc src/mymain_F429v02.o
 .group         0x0000000000000000        0xc src/mymain_F429v02.o
 .group         0x0000000000000000        0xc src/mymain_F429v02.o
 .group         0x0000000000000000        0xc src/mymain_F429v02.o
 .group         0x0000000000000000        0xc src/mymain_F429v02.o
 .text          0x0000000000000000        0x0 src/mymain_F429v02.o
 .data          0x0000000000000000        0x0 src/mymain_F429v02.o
 .bss           0x0000000000000000        0x0 src/mymain_F429v02.o
 .text          0x0000000000000000       0x14 src/startup_stm32f429xx_02.o
 .data          0x0000000000000000        0x0 src/startup_stm32f429xx_02.o
 .bss           0x0000000000000000        0x0 src/startup_stm32f429xx_02.o
 .bss           0x0000000000000000        0x0 src/stm32f429xx_USART1_interrupt_recomment.o
 .data          0x0000000000000000        0x0 src/stm32f767xx_TIM2_CH4_PWM_IRQ_demo01.o
 .bss           0x0000000000000000        0x0 src/stm32f767xx_TIM2_CH4_PWM_IRQ_demo01.o
 .data          0x0000000000000000        0x0 /Users/mateojarafabian/Desktop/enee440/SysTick_USART1/src/libUSART1_AC6gcc_nodebug.a(USART1_AC6gcc_nodebug.o)
 .bss           0x0000000000000000        0x0 /Users/mateojarafabian/Desktop/enee440/SysTick_USART1/src/libUSART1_AC6gcc_nodebug.a(USART1_AC6gcc_nodebug.o)

Memory Configuration

Name             Origin             Length             Attributes
FLASH            0x0000000008000000 0x0000000000200000 xr
RAM              0x0000000020000000 0x0000000000030000 xrw
CCMRAM           0x0000000010000000 0x0000000000010000 rw
*default*        0x0000000000000000 0xffffffffffffffff

Linker script and memory map

LOAD src/05Blinky_LD3.o
LOAD src/myDataOps02.o
LOAD src/mySysTick_Handler.o
LOAD src/mySystemInit.o
LOAD src/mymain_F429v02.o
LOAD src/startup_stm32f429xx_02.o
LOAD src/stm32f429xx_USART1_interrupt_recomment.o
LOAD src/stm32f767xx_TIM2_CH4_PWM_IRQ_demo01.o
LOAD /Users/mateojarafabian/Desktop/enee440/SysTick_USART1/src/libUSART1_AC6gcc_nodebug.a
LOAD /Users/mateojarafabian/opt/gcc-arm-none-eabi-8-2018-q4-major/bin/../lib/gcc/arm-none-eabi/8.2.1/../../../../arm-none-eabi/lib/thumb/v7e-m+fp/hard/libm.a
                0x0000000020030000                _estack = 0x20030000
                0x0000000000000200                _Min_Heap_Size = 0x200
                0x0000000000000400                _Min_Stack_Size = 0x400

.isr_vector     0x0000000008000000      0x1ac
                0x0000000008000000                . = ALIGN (0x4)
 *(.isr_vector)
 .isr_vector    0x0000000008000000      0x1ac src/startup_stm32f429xx_02.o
                0x0000000008000000                g_pfnVectors
                0x00000000080001ac                . = ALIGN (0x4)

.text           0x00000000080001ac      0x474
                0x00000000080001ac                . = ALIGN (0x4)
 *(.text)
 .text          0x00000000080001ac       0x60 src/05Blinky_LD3.o
                0x00000000080001ac                initPG13
                0x00000000080001e2                togglePG13
                0x00000000080001ee                setPG13
                0x00000000080001f8                resetPG13
 .text          0x000000000800020c       0x66 src/mySysTick_Handler.o
                0x000000000800020c                initSysTick
                0x0000000008000242                SysTick_Handler
 *fill*         0x0000000008000272        0x2 
 .text          0x0000000008000274       0xc4 src/stm32f429xx_USART1_interrupt_recomment.o
                0x0000000008000274                USART1_IRQHandler
                0x00000000080002c4                USART1_IRQinit
                0x0000000008000306                USART1_TXint_enab
                0x0000000008000310                USART1_TXint_inhib
 .text          0x0000000008000338      0x12c src/stm32f767xx_TIM2_CH4_PWM_IRQ_demo01.o
                0x0000000008000338                NVIC_set_TIM2_priority
                0x0000000008000344                NVIC_TIM2_IRQ_enable
                0x0000000008000352                NVIC_TIM2_IRQ_disable
                0x0000000008000360                DBGMCU_FREEZE_TIM2
                0x000000000800036c                DBGMCU_UNFREEZE_TIM2
                0x0000000008000378                connect_TIM2_CH4_to_PA3
                0x00000000080003bc                TIM2_init
                0x0000000008000424                TIM2_IRQHandler
 .text          0x0000000008000464      0x128 /Users/mateojarafabian/Desktop/enee440/SysTick_USART1/src/libUSART1_AC6gcc_nodebug.a(USART1_AC6gcc_nodebug.o)
                0x00000000080004c8                initUSART1
                0x000000000800052a                nbUSART1_getchar
                0x000000000800053e                nbUSART1_putchar
                0x0000000008000558                bUSART1_getchar
                0x0000000008000568                bUSART1_putchar
                0x0000000008000578                USART1_writeDR
 *(.text*)
 .text.main     0x000000000800058c       0x48 src/mymain_F429v02.o
                0x000000000800058c                main
 .text.Reset_Handler
                0x00000000080005d4       0x48 src/startup_stm32f429xx_02.o
                0x00000000080005d4                Reset_Handler
 .text.Default_Handler
                0x000000000800061c        0x2 src/startup_stm32f429xx_02.o
                0x000000000800061c                DMA1_Stream3_IRQHandler
                0x000000000800061c                HASH_RNG_IRQHandler
                0x000000000800061c                EXTI2_IRQHandler
                0x000000000800061c                TIM8_CC_IRQHandler
                0x000000000800061c                DebugMon_Handler
                0x000000000800061c                UART8_IRQHandler
                0x000000000800061c                SPI4_IRQHandler
                0x000000000800061c                TIM1_CC_IRQHandler
                0x000000000800061c                DMA2_Stream5_IRQHandler
                0x000000000800061c                HardFault_Handler
                0x000000000800061c                DMA1_Stream5_IRQHandler
                0x000000000800061c                PVD_IRQHandler
                0x000000000800061c                SDIO_IRQHandler
                0x000000000800061c                TAMP_STAMP_IRQHandler
                0x000000000800061c                PendSV_Handler
                0x000000000800061c                NMI_Handler
                0x000000000800061c                CAN2_RX1_IRQHandler
                0x000000000800061c                EXTI3_IRQHandler
                0x000000000800061c                TIM8_TRG_COM_TIM14_IRQHandler
                0x000000000800061c                TIM1_UP_TIM10_IRQHandler
                0x000000000800061c                TIM8_UP_TIM13_IRQHandler
                0x000000000800061c                I2C3_ER_IRQHandler
                0x000000000800061c                EXTI0_IRQHandler
                0x000000000800061c                I2C2_EV_IRQHandler
                0x000000000800061c                DMA1_Stream2_IRQHandler
                0x000000000800061c                CAN1_RX0_IRQHandler
                0x000000000800061c                FPU_IRQHandler
                0x000000000800061c                OTG_HS_WKUP_IRQHandler
                0x000000000800061c                UsageFault_Handler
                0x000000000800061c                LTDC_ER_IRQHandler
                0x000000000800061c                CAN2_SCE_IRQHandler
                0x000000000800061c                DMA2_Stream2_IRQHandler
                0x000000000800061c                SPI1_IRQHandler
                0x000000000800061c                TIM6_DAC_IRQHandler
                0x000000000800061c                TIM1_BRK_TIM9_IRQHandler
                0x000000000800061c                DCMI_IRQHandler
                0x000000000800061c                CAN2_RX0_IRQHandler
                0x000000000800061c                DMA2_Stream3_IRQHandler
                0x000000000800061c                USART6_IRQHandler
                0x000000000800061c                USART3_IRQHandler
                0x000000000800061c                CAN1_RX1_IRQHandler
                0x000000000800061c                UART5_IRQHandler
                0x000000000800061c                DMA2_Stream0_IRQHandler
                0x000000000800061c                TIM4_IRQHandler
                0x000000000800061c                I2C1_EV_IRQHandler
                0x000000000800061c                DMA1_Stream6_IRQHandler
                0x000000000800061c                DMA1_Stream1_IRQHandler
                0x000000000800061c                UART4_IRQHandler
                0x000000000800061c                TIM3_IRQHandler
                0x000000000800061c                RCC_IRQHandler
                0x000000000800061c                TIM8_BRK_TIM12_IRQHandler
                0x000000000800061c                Default_Handler
                0x000000000800061c                EXTI15_10_IRQHandler
                0x000000000800061c                ADC_IRQHandler
                0x000000000800061c                DMA1_Stream7_IRQHandler
                0x000000000800061c                SPI5_IRQHandler
                0x000000000800061c                TIM7_IRQHandler
                0x000000000800061c                CAN2_TX_IRQHandler
                0x000000000800061c                TIM5_IRQHandler
                0x000000000800061c                DMA2_Stream7_IRQHandler
                0x000000000800061c                I2C3_EV_IRQHandler
                0x000000000800061c                EXTI9_5_IRQHandler
                0x000000000800061c                RTC_WKUP_IRQHandler
                0x000000000800061c                LTDC_IRQHandler
                0x000000000800061c                ETH_WKUP_IRQHandler
                0x000000000800061c                SPI2_IRQHandler
                0x000000000800061c                OTG_HS_EP1_IN_IRQHandler
                0x000000000800061c                MemManage_Handler
                0x000000000800061c                DMA1_Stream0_IRQHandler
                0x000000000800061c                CAN1_TX_IRQHandler
                0x000000000800061c                SVC_Handler
                0x000000000800061c                EXTI4_IRQHandler
                0x000000000800061c                ETH_IRQHandler
                0x000000000800061c                OTG_HS_EP1_OUT_IRQHandler
                0x000000000800061c                WWDG_IRQHandler
                0x000000000800061c                SPI6_IRQHandler
                0x000000000800061c                OTG_FS_WKUP_IRQHandler
                0x000000000800061c                TIM1_TRG_COM_TIM11_IRQHandler
                0x000000000800061c                OTG_HS_IRQHandler
                0x000000000800061c                DMA2D_IRQHandler
                0x000000000800061c                EXTI1_IRQHandler
                0x000000000800061c                UART7_IRQHandler
                0x000000000800061c                USART2_IRQHandler
                0x000000000800061c                I2C2_ER_IRQHandler
                0x000000000800061c                DMA2_Stream1_IRQHandler
                0x000000000800061c                CAN1_SCE_IRQHandler
                0x000000000800061c                FLASH_IRQHandler
                0x000000000800061c                DMA2_Stream4_IRQHandler
                0x000000000800061c                BusFault_Handler
                0x000000000800061c                OTG_FS_IRQHandler
                0x000000000800061c                SPI3_IRQHandler
                0x000000000800061c                DMA1_Stream4_IRQHandler
                0x000000000800061c                I2C1_ER_IRQHandler
                0x000000000800061c                FMC_IRQHandler
                0x000000000800061c                DMA2_Stream6_IRQHandler
                0x000000000800061c                SAI1_IRQHandler
                0x000000000800061c                RTC_Alarm_IRQHandler
 *(.glue_7)
 .glue_7        0x000000000800061e        0x0 linker stubs
 *(.glue_7t)
 .glue_7t       0x000000000800061e        0x0 linker stubs
 *(.eh_frame)
 *(.init)
 *(.fini)
                0x0000000008000620                . = ALIGN (0x4)
 *fill*         0x000000000800061e        0x2 
                0x0000000008000620                _etext = .

.vfp11_veneer   0x0000000008000620        0x0
 .vfp11_veneer  0x0000000008000620        0x0 linker stubs

.v4_bx          0x0000000008000620        0x0
 .v4_bx         0x0000000008000620        0x0 linker stubs

.iplt           0x0000000008000620        0x0
 .iplt          0x0000000008000620        0x0 src/05Blinky_LD3.o

.rel.dyn        0x0000000008000620        0x0
 .rel.iplt      0x0000000008000620        0x0 src/05Blinky_LD3.o

.rodata         0x0000000008000620        0x0
                0x0000000008000620                . = ALIGN (0x4)
 *(.rodata)
 *(.rodata*)
                0x0000000008000620                . = ALIGN (0x4)

.ARM.extab
 *(.ARM.extab* .gnu.linkonce.armextab.*)

.ARM            0x0000000008000620        0x0
                0x0000000008000620                __exidx_start = .
 *(.ARM.exidx*)
                0x0000000008000620                __exidx_end = .

.preinit_array  0x0000000008000620        0x0
                [!provide]                        PROVIDE (__preinit_array_start = .)
 *(.preinit_array*)
                [!provide]                        PROVIDE (__preinit_array_end = .)

.init_array     0x0000000008000620        0x0
                [!provide]                        PROVIDE (__init_array_start = .)
 *(SORT_BY_NAME(.init_array.*))
 *(.init_array*)
                [!provide]                        PROVIDE (__init_array_end = .)

.fini_array     0x0000000008000620        0x0
                [!provide]                        PROVIDE (__fini_array_start = .)
 *(SORT_BY_NAME(.fini_array.*))
 *(.fini_array*)
                [!provide]                        PROVIDE (__fini_array_end = .)
                0x0000000008000620                _sidata = LOADADDR (.data)

.data           0x0000000020000000       0x10 load address 0x0000000008000620
                0x0000000020000000                . = ALIGN (0x4)
                0x0000000020000000                _sdata = .
 *(.data)
 .data          0x0000000020000000        0x7 src/myDataOps02.o
                0x0000000020000000                Dword
 *fill*         0x0000000020000007        0x1 
 .data          0x0000000020000008        0x8 src/stm32f429xx_USART1_interrupt_recomment.o
                0x0000000020000008                USART1_txdata
                0x000000002000000c                USART1_txcount
 *(.data*)
                0x0000000020000010                . = ALIGN (0x4)
                0x0000000020000010                _edata = .
                0x0000000008000630                _siccmram = LOADADDR (.ccmram)

.igot.plt       0x0000000020000010        0x0 load address 0x0000000008000630
 .igot.plt      0x0000000020000010        0x0 src/05Blinky_LD3.o

.ccmram         0x0000000010000000        0x0 load address 0x0000000008000630
                0x0000000010000000                . = ALIGN (0x4)
                0x0000000010000000                _sccmram = .
 *(.ccmram)
 *(.ccmram*)
                0x0000000010000000                . = ALIGN (0x4)
                0x0000000010000000                _eccmram = .
                0x0000000010000000                . = ALIGN (0x4)

.bss            0x0000000020000010        0x8
                0x0000000020000010                _sbss = .
                0x0000000020000010                __bss_start__ = _sbss
 *(.bss)
 *(.bss*)
 .bss.SysTick_msecs
                0x0000000020000010        0x2 src/mymain_F429v02.o
                0x0000000020000010                SysTick_msecs
 *fill*         0x0000000020000012        0x2 
 .bss.SysTick_secs
                0x0000000020000014        0x4 src/mymain_F429v02.o
                0x0000000020000014                SysTick_secs
 *(COMMON)
                0x0000000020000018                . = ALIGN (0x4)
                0x0000000020000018                _ebss = .
                0x0000000020000018                __bss_end__ = _ebss

._user_heap_stack
                0x0000000020000018      0x600
                0x0000000020000018                . = ALIGN (0x4)
                [!provide]                        PROVIDE (end = .)
                [!provide]                        PROVIDE (_end = .)
                0x0000000020000218                . = (. + _Min_Heap_Size)
 *fill*         0x0000000020000018      0x200 
                0x0000000020000618                . = (. + _Min_Stack_Size)
 *fill*         0x0000000020000218      0x400 
                0x0000000020000618                . = ALIGN (0x4)

/DISCARD/
 libc.a(*)
 libm.a(*)
 libgcc.a(*)

.ARM.attributes
                0x0000000000000000       0x30
 *(.ARM.attributes)
 .ARM.attributes
                0x0000000000000000       0x20 src/05Blinky_LD3.o
 .ARM.attributes
                0x0000000000000020       0x20 src/myDataOps02.o
 .ARM.attributes
                0x0000000000000040       0x20 src/mySysTick_Handler.o
 .ARM.attributes
                0x0000000000000060       0x34 src/mymain_F429v02.o
 .ARM.attributes
                0x0000000000000094       0x21 src/startup_stm32f429xx_02.o
 .ARM.attributes
                0x00000000000000b5       0x20 src/stm32f429xx_USART1_interrupt_recomment.o
 .ARM.attributes
                0x00000000000000d5       0x20 src/stm32f767xx_TIM2_CH4_PWM_IRQ_demo01.o
 .ARM.attributes
                0x00000000000000f5       0x25 /Users/mateojarafabian/Desktop/enee440/SysTick_USART1/src/libUSART1_AC6gcc_nodebug.a(USART1_AC6gcc_nodebug.o)
OUTPUT(SysTick_USART1.elf elf32-littlearm)

.debug_line     0x0000000000000000      0x5a7
 .debug_line    0x0000000000000000       0x69 src/05Blinky_LD3.o
 .debug_line    0x0000000000000069       0x86 src/myDataOps02.o
 .debug_line    0x00000000000000ef       0x67 src/mySysTick_Handler.o
 .debug_line    0x0000000000000156      0x24d src/mymain_F429v02.o
 .debug_line    0x00000000000003a3       0x7c src/startup_stm32f429xx_02.o
 .debug_line    0x000000000000041f       0xb3 src/stm32f429xx_USART1_interrupt_recomment.o
 .debug_line    0x00000000000004d2       0xd5 src/stm32f767xx_TIM2_CH4_PWM_IRQ_demo01.o

.debug_info     0x0000000000000000      0x1fa
 .debug_info    0x0000000000000000       0x26 src/05Blinky_LD3.o
 .debug_info    0x0000000000000026       0x26 src/myDataOps02.o
 .debug_info    0x000000000000004c       0x26 src/mySysTick_Handler.o
 .debug_info    0x0000000000000072      0x11a src/mymain_F429v02.o
 .debug_info    0x000000000000018c       0x22 src/startup_stm32f429xx_02.o
 .debug_info    0x00000000000001ae       0x26 src/stm32f429xx_USART1_interrupt_recomment.o
 .debug_info    0x00000000000001d4       0x26 src/stm32f767xx_TIM2_CH4_PWM_IRQ_demo01.o

.debug_abbrev   0x0000000000000000      0x11d
 .debug_abbrev  0x0000000000000000       0x14 src/05Blinky_LD3.o
 .debug_abbrev  0x0000000000000014       0x14 src/myDataOps02.o
 .debug_abbrev  0x0000000000000028       0x14 src/mySysTick_Handler.o
 .debug_abbrev  0x000000000000003c       0xa7 src/mymain_F429v02.o
 .debug_abbrev  0x00000000000000e3       0x12 src/startup_stm32f429xx_02.o
 .debug_abbrev  0x00000000000000f5       0x14 src/stm32f429xx_USART1_interrupt_recomment.o
 .debug_abbrev  0x0000000000000109       0x14 src/stm32f767xx_TIM2_CH4_PWM_IRQ_demo01.o

.debug_aranges  0x0000000000000000       0xe8
 .debug_aranges
                0x0000000000000000       0x20 src/05Blinky_LD3.o
 .debug_aranges
                0x0000000000000020       0x20 src/myDataOps02.o
 .debug_aranges
                0x0000000000000040       0x20 src/mySysTick_Handler.o
 .debug_aranges
                0x0000000000000060       0x20 src/mymain_F429v02.o
 .debug_aranges
                0x0000000000000080       0x28 src/startup_stm32f429xx_02.o
 .debug_aranges
                0x00000000000000a8       0x20 src/stm32f429xx_USART1_interrupt_recomment.o
 .debug_aranges
                0x00000000000000c8       0x20 src/stm32f767xx_TIM2_CH4_PWM_IRQ_demo01.o

.debug_str      0x0000000000000000     0x3d5d
 .debug_str     0x0000000000000000       0x61 src/05Blinky_LD3.o
 .debug_str     0x0000000000000061       0x15 src/myDataOps02.o
                                         0x60 (size before relaxing)
 .debug_str     0x0000000000000076       0x1b src/mySysTick_Handler.o
                                         0x66 (size before relaxing)
 .debug_str     0x0000000000000091     0x3c4f src/mymain_F429v02.o
                                       0x3e00 (size before relaxing)
 .debug_str     0x0000000000003ce0       0x20 src/startup_stm32f429xx_02.o
                                         0x6b (size before relaxing)
 .debug_str     0x0000000000003d00       0x30 src/stm32f429xx_USART1_interrupt_recomment.o
                                         0x7b (size before relaxing)
 .debug_str     0x0000000000003d30       0x2d src/stm32f767xx_TIM2_CH4_PWM_IRQ_demo01.o
                                         0x78 (size before relaxing)

.debug_ranges   0x0000000000000000       0x30
 .debug_ranges  0x0000000000000000       0x10 src/mymain_F429v02.o
 .debug_ranges  0x0000000000000010       0x20 src/startup_stm32f429xx_02.o

.debug_macro    0x0000000000000000      0xf7b
 .debug_macro   0x0000000000000000       0x6c src/mymain_F429v02.o
 .debug_macro   0x000000000000006c      0xaa8 src/mymain_F429v02.o
 .debug_macro   0x0000000000000b14       0x22 src/mymain_F429v02.o
 .debug_macro   0x0000000000000b36       0x8e src/mymain_F429v02.o
 .debug_macro   0x0000000000000bc4       0x51 src/mymain_F429v02.o
 .debug_macro   0x0000000000000c15       0xef src/mymain_F429v02.o
 .debug_macro   0x0000000000000d04       0x6a src/mymain_F429v02.o
 .debug_macro   0x0000000000000d6e      0x1df src/mymain_F429v02.o
 .debug_macro   0x0000000000000f4d       0x2e src/mymain_F429v02.o

.comment        0x0000000000000000       0x75
 .comment       0x0000000000000000       0x75 src/mymain_F429v02.o
                                         0x76 (size before relaxing)

.debug_frame    0x0000000000000000       0x30
 .debug_frame   0x0000000000000000       0x30 src/mymain_F429v02.o
