Archive member included to satisfy reference by file (symbol)

/Users/mateojarafabian/Desktop/enee440/SysTick_USART1_problem4/src/libUSART1_AC6gcc_nodebug.a(USART1_AC6gcc_nodebug.o)
                              src/mymain_F429v02.o (initUSART1)

Allocating common symbols
Common symbol       size              file

Ghalf               0x2               src/myDataOps02.o
Gbyte               0x1               src/myDataOps02.o
Gword               0x4               src/myDataOps02.o
buffer              0x17              src/mymain_F429v02.o
Garray              0x100             src/myDataOps02.o

Discarded input sections

 .data          0x0000000000000000        0x0 src/05Blinky_LD3.o
 .bss           0x0000000000000000        0x0 src/05Blinky_LD3.o
 .text          0x0000000000000000      0x180 src/myDataOps02.o
 .data          0x0000000000000000        0x7 src/myDataOps02.o
 .bss           0x0000000000000000      0x107 src/myDataOps02.o
 .debug_line    0x0000000000000000       0x81 src/myDataOps02.o
 .debug_info    0x0000000000000000       0x26 src/myDataOps02.o
 .debug_abbrev  0x0000000000000000       0x14 src/myDataOps02.o
 .debug_aranges
                0x0000000000000000       0x20 src/myDataOps02.o
 .debug_str     0x0000000000000000       0x69 src/myDataOps02.o
 .ARM.attributes
                0x0000000000000000       0x20 src/myDataOps02.o
 COMMON         0x0000000000000000      0x110 src/myDataOps02.o
 .data          0x0000000000000000        0x0 src/mySysTick_Handler.o
 .bss           0x0000000000000000        0x0 src/mySysTick_Handler.o
 .text          0x0000000000000000       0x5c src/mySystemInit.o
 .data          0x0000000000000000        0x0 src/mySystemInit.o
 .bss           0x0000000000000000        0x0 src/mySystemInit.o
 .debug_line    0x0000000000000000       0x67 src/mySystemInit.o
 .debug_info    0x0000000000000000       0x26 src/mySystemInit.o
 .debug_abbrev  0x0000000000000000       0x14 src/mySystemInit.o
 .debug_aranges
                0x0000000000000000       0x20 src/mySystemInit.o
 .debug_str     0x0000000000000000       0x6a src/mySystemInit.o
 .ARM.attributes
                0x0000000000000000       0x21 src/mySystemInit.o
 .group         0x0000000000000000        0xc src/mymain_F429v02.o
 .group         0x0000000000000000        0xc src/mymain_F429v02.o
 .group         0x0000000000000000        0xc src/mymain_F429v02.o
 .group         0x0000000000000000        0xc src/mymain_F429v02.o
 .group         0x0000000000000000        0xc src/mymain_F429v02.o
 .group         0x0000000000000000        0xc src/mymain_F429v02.o
 .group         0x0000000000000000        0xc src/mymain_F429v02.o
 .group         0x0000000000000000        0xc src/mymain_F429v02.o
 .text          0x0000000000000000        0x0 src/mymain_F429v02.o
 .data          0x0000000000000000        0x0 src/mymain_F429v02.o
 .bss           0x0000000000000000        0x0 src/mymain_F429v02.o
 .text          0x0000000000000000       0x14 src/startup_stm32f429xx_02.o
 .data          0x0000000000000000        0x0 src/startup_stm32f429xx_02.o
 .bss           0x0000000000000000        0x0 src/startup_stm32f429xx_02.o
 .data          0x0000000000000000        0x8 src/stm32f429xx_USART1_interrupt_recomment.o
 .bss           0x0000000000000000        0x0 src/stm32f429xx_USART1_interrupt_recomment.o
 .data          0x0000000000000000        0x0 /Users/mateojarafabian/Desktop/enee440/SysTick_USART1_problem4/src/libUSART1_AC6gcc_nodebug.a(USART1_AC6gcc_nodebug.o)
 .bss           0x0000000000000000        0x0 /Users/mateojarafabian/Desktop/enee440/SysTick_USART1_problem4/src/libUSART1_AC6gcc_nodebug.a(USART1_AC6gcc_nodebug.o)

Memory Configuration

Name             Origin             Length             Attributes
FLASH            0x0000000008000000 0x0000000000200000 xr
RAM              0x0000000020000000 0x0000000000030000 xrw
CCMRAM           0x0000000010000000 0x0000000000010000 rw
*default*        0x0000000000000000 0xffffffffffffffff

Linker script and memory map

LOAD src/05Blinky_LD3.o
LOAD src/myDataOps02.o
LOAD src/mySysTick_Handler.o
LOAD src/mySystemInit.o
LOAD src/mymain_F429v02.o
LOAD src/startup_stm32f429xx_02.o
LOAD src/stm32f429xx_USART1_interrupt_recomment.o
LOAD /Users/mateojarafabian/Desktop/enee440/SysTick_USART1_problem4/src/libUSART1_AC6gcc_nodebug.a
LOAD /Users/mateojarafabian/opt/gcc-arm-none-eabi-8-2018-q4-major/bin/../lib/gcc/arm-none-eabi/8.2.1/../../../../arm-none-eabi/lib/thumb/v7e-m+fp/hard/libm.a
                0x0000000020030000                _estack = 0x20030000
                0x0000000000000200                _Min_Heap_Size = 0x200
                0x0000000000000400                _Min_Stack_Size = 0x400

.isr_vector     0x0000000008000000      0x1ac
                0x0000000008000000                . = ALIGN (0x4)
 *(.isr_vector)
 .isr_vector    0x0000000008000000      0x1ac src/startup_stm32f429xx_02.o
                0x0000000008000000                g_pfnVectors
                0x00000000080001ac                . = ALIGN (0x4)

.text           0x00000000080001ac      0x388
                0x00000000080001ac                . = ALIGN (0x4)
 *(.text)
 .text          0x00000000080001ac       0x60 src/05Blinky_LD3.o
                0x00000000080001ac                initPG13
                0x00000000080001e2                togglePG13
                0x00000000080001ee                setPG13
                0x00000000080001f8                resetPG13
 .text          0x000000000800020c       0x66 src/mySysTick_Handler.o
                0x000000000800020c                initSysTick
                0x0000000008000242                SysTick_Handler
 *fill*         0x0000000008000272        0x2 
 .text          0x0000000008000274      0x118 src/stm32f429xx_USART1_interrupt_recomment.o
                0x0000000008000274                USART1_IRQHandler
                0x000000000800031c                USART1_IRQinit
                0x000000000800035e                USART1_TXint_enab
                0x0000000008000368                USART1_TXint_inhib
 .text          0x000000000800038c      0x128 /Users/mateojarafabian/Desktop/enee440/SysTick_USART1_problem4/src/libUSART1_AC6gcc_nodebug.a(USART1_AC6gcc_nodebug.o)
                0x00000000080003f0                initUSART1
                0x0000000008000452                nbUSART1_getchar
                0x0000000008000466                nbUSART1_putchar
                0x0000000008000480                bUSART1_getchar
                0x0000000008000490                bUSART1_putchar
                0x00000000080004a0                USART1_writeDR
 *(.text*)
 .text.main     0x00000000080004b4       0x34 src/mymain_F429v02.o
                0x00000000080004b4                main
 .text.Reset_Handler
                0x00000000080004e8       0x48 src/startup_stm32f429xx_02.o
                0x00000000080004e8                Reset_Handler
 .text.Default_Handler
                0x0000000008000530        0x2 src/startup_stm32f429xx_02.o
                0x0000000008000530                DMA1_Stream3_IRQHandler
                0x0000000008000530                HASH_RNG_IRQHandler
                0x0000000008000530                EXTI2_IRQHandler
                0x0000000008000530                TIM8_CC_IRQHandler
                0x0000000008000530                DebugMon_Handler
                0x0000000008000530                UART8_IRQHandler
                0x0000000008000530                SPI4_IRQHandler
                0x0000000008000530                TIM1_CC_IRQHandler
                0x0000000008000530                DMA2_Stream5_IRQHandler
                0x0000000008000530                HardFault_Handler
                0x0000000008000530                DMA1_Stream5_IRQHandler
                0x0000000008000530                PVD_IRQHandler
                0x0000000008000530                SDIO_IRQHandler
                0x0000000008000530                TAMP_STAMP_IRQHandler
                0x0000000008000530                PendSV_Handler
                0x0000000008000530                NMI_Handler
                0x0000000008000530                CAN2_RX1_IRQHandler
                0x0000000008000530                EXTI3_IRQHandler
                0x0000000008000530                TIM8_TRG_COM_TIM14_IRQHandler
                0x0000000008000530                TIM1_UP_TIM10_IRQHandler
                0x0000000008000530                TIM8_UP_TIM13_IRQHandler
                0x0000000008000530                I2C3_ER_IRQHandler
                0x0000000008000530                EXTI0_IRQHandler
                0x0000000008000530                I2C2_EV_IRQHandler
                0x0000000008000530                DMA1_Stream2_IRQHandler
                0x0000000008000530                CAN1_RX0_IRQHandler
                0x0000000008000530                FPU_IRQHandler
                0x0000000008000530                OTG_HS_WKUP_IRQHandler
                0x0000000008000530                UsageFault_Handler
                0x0000000008000530                LTDC_ER_IRQHandler
                0x0000000008000530                CAN2_SCE_IRQHandler
                0x0000000008000530                DMA2_Stream2_IRQHandler
                0x0000000008000530                SPI1_IRQHandler
                0x0000000008000530                TIM6_DAC_IRQHandler
                0x0000000008000530                TIM1_BRK_TIM9_IRQHandler
                0x0000000008000530                DCMI_IRQHandler
                0x0000000008000530                CAN2_RX0_IRQHandler
                0x0000000008000530                DMA2_Stream3_IRQHandler
                0x0000000008000530                USART6_IRQHandler
                0x0000000008000530                USART3_IRQHandler
                0x0000000008000530                CAN1_RX1_IRQHandler
                0x0000000008000530                UART5_IRQHandler
                0x0000000008000530                DMA2_Stream0_IRQHandler
                0x0000000008000530                TIM4_IRQHandler
                0x0000000008000530                I2C1_EV_IRQHandler
                0x0000000008000530                DMA1_Stream6_IRQHandler
                0x0000000008000530                DMA1_Stream1_IRQHandler
                0x0000000008000530                UART4_IRQHandler
                0x0000000008000530                TIM3_IRQHandler
                0x0000000008000530                RCC_IRQHandler
                0x0000000008000530                TIM8_BRK_TIM12_IRQHandler
                0x0000000008000530                Default_Handler
                0x0000000008000530                EXTI15_10_IRQHandler
                0x0000000008000530                ADC_IRQHandler
                0x0000000008000530                DMA1_Stream7_IRQHandler
                0x0000000008000530                SPI5_IRQHandler
                0x0000000008000530                TIM7_IRQHandler
                0x0000000008000530                CAN2_TX_IRQHandler
                0x0000000008000530                TIM5_IRQHandler
                0x0000000008000530                DMA2_Stream7_IRQHandler
                0x0000000008000530                I2C3_EV_IRQHandler
                0x0000000008000530                EXTI9_5_IRQHandler
                0x0000000008000530                RTC_WKUP_IRQHandler
                0x0000000008000530                LTDC_IRQHandler
                0x0000000008000530                ETH_WKUP_IRQHandler
                0x0000000008000530                SPI2_IRQHandler
                0x0000000008000530                OTG_HS_EP1_IN_IRQHandler
                0x0000000008000530                MemManage_Handler
                0x0000000008000530                DMA1_Stream0_IRQHandler
                0x0000000008000530                CAN1_TX_IRQHandler
                0x0000000008000530                SVC_Handler
                0x0000000008000530                EXTI4_IRQHandler
                0x0000000008000530                ETH_IRQHandler
                0x0000000008000530                OTG_HS_EP1_OUT_IRQHandler
                0x0000000008000530                WWDG_IRQHandler
                0x0000000008000530                SPI6_IRQHandler
                0x0000000008000530                TIM2_IRQHandler
                0x0000000008000530                OTG_FS_WKUP_IRQHandler
                0x0000000008000530                TIM1_TRG_COM_TIM11_IRQHandler
                0x0000000008000530                OTG_HS_IRQHandler
                0x0000000008000530                DMA2D_IRQHandler
                0x0000000008000530                EXTI1_IRQHandler
                0x0000000008000530                UART7_IRQHandler
                0x0000000008000530                USART2_IRQHandler
                0x0000000008000530                I2C2_ER_IRQHandler
                0x0000000008000530                DMA2_Stream1_IRQHandler
                0x0000000008000530                CAN1_SCE_IRQHandler
                0x0000000008000530                FLASH_IRQHandler
                0x0000000008000530                DMA2_Stream4_IRQHandler
                0x0000000008000530                BusFault_Handler
                0x0000000008000530                OTG_FS_IRQHandler
                0x0000000008000530                SPI3_IRQHandler
                0x0000000008000530                DMA1_Stream4_IRQHandler
                0x0000000008000530                I2C1_ER_IRQHandler
                0x0000000008000530                FMC_IRQHandler
                0x0000000008000530                DMA2_Stream6_IRQHandler
                0x0000000008000530                SAI1_IRQHandler
                0x0000000008000530                RTC_Alarm_IRQHandler
 *(.glue_7)
 .glue_7        0x0000000008000532        0x0 linker stubs
 *(.glue_7t)
 .glue_7t       0x0000000008000532        0x0 linker stubs
 *(.eh_frame)
 *(.init)
 *(.fini)
                0x0000000008000534                . = ALIGN (0x4)
 *fill*         0x0000000008000532        0x2 
                0x0000000008000534                _etext = .

.vfp11_veneer   0x0000000008000534        0x0
 .vfp11_veneer  0x0000000008000534        0x0 linker stubs

.v4_bx          0x0000000008000534        0x0
 .v4_bx         0x0000000008000534        0x0 linker stubs

.iplt           0x0000000008000534        0x0
 .iplt          0x0000000008000534        0x0 src/05Blinky_LD3.o

.rel.dyn        0x0000000008000534        0x0
 .rel.iplt      0x0000000008000534        0x0 src/05Blinky_LD3.o

.rodata         0x0000000008000534        0x0
                0x0000000008000534                . = ALIGN (0x4)
 *(.rodata)
 *(.rodata*)
                0x0000000008000534                . = ALIGN (0x4)

.ARM.extab
 *(.ARM.extab* .gnu.linkonce.armextab.*)

.ARM            0x0000000008000534        0x0
                0x0000000008000534                __exidx_start = .
 *(.ARM.exidx*)
                0x0000000008000534                __exidx_end = .

.preinit_array  0x0000000008000534        0x0
                [!provide]                        PROVIDE (__preinit_array_start = .)
 *(.preinit_array*)
                [!provide]                        PROVIDE (__preinit_array_end = .)

.init_array     0x0000000008000534        0x0
                [!provide]                        PROVIDE (__init_array_start = .)
 *(SORT_BY_NAME(.init_array.*))
 *(.init_array*)
                [!provide]                        PROVIDE (__init_array_end = .)

.fini_array     0x0000000008000534        0x0
                [!provide]                        PROVIDE (__fini_array_start = .)
 *(SORT_BY_NAME(.fini_array.*))
 *(.fini_array*)
                [!provide]                        PROVIDE (__fini_array_end = .)
                0x0000000008000534                _sidata = LOADADDR (.data)

.data           0x0000000020000000        0x0 load address 0x0000000008000534
                0x0000000020000000                . = ALIGN (0x4)
                0x0000000020000000                _sdata = .
 *(.data)
 *(.data*)
                0x0000000020000000                . = ALIGN (0x4)
                0x0000000020000000                _edata = .
                0x0000000008000534                _siccmram = LOADADDR (.ccmram)

.igot.plt       0x0000000020000000        0x0 load address 0x0000000008000534
 .igot.plt      0x0000000020000000        0x0 src/05Blinky_LD3.o

.ccmram         0x0000000010000000        0x0 load address 0x0000000008000534
                0x0000000010000000                . = ALIGN (0x4)
                0x0000000010000000                _sccmram = .
 *(.ccmram)
 *(.ccmram*)
                0x0000000010000000                . = ALIGN (0x4)
                0x0000000010000000                _eccmram = .
                0x0000000010000000                . = ALIGN (0x4)

.bss            0x0000000020000000       0x20
                0x0000000020000000                _sbss = .
                0x0000000020000000                __bss_start__ = _sbss
 *(.bss)
 *(.bss*)
 .bss.SysTick_msecs
                0x0000000020000000        0x2 src/mymain_F429v02.o
                0x0000000020000000                SysTick_msecs
 *fill*         0x0000000020000002        0x2 
 .bss.SysTick_secs
                0x0000000020000004        0x4 src/mymain_F429v02.o
                0x0000000020000004                SysTick_secs
 *(COMMON)
 COMMON         0x0000000020000008       0x17 src/mymain_F429v02.o
                0x0000000020000008                buffer
                0x0000000020000020                . = ALIGN (0x4)
 *fill*         0x000000002000001f        0x1 
                0x0000000020000020                _ebss = .
                0x0000000020000020                __bss_end__ = _ebss

._user_heap_stack
                0x0000000020000020      0x600
                0x0000000020000020                . = ALIGN (0x4)
                [!provide]                        PROVIDE (end = .)
                [!provide]                        PROVIDE (_end = .)
                0x0000000020000220                . = (. + _Min_Heap_Size)
 *fill*         0x0000000020000020      0x200 
                0x0000000020000620                . = (. + _Min_Stack_Size)
 *fill*         0x0000000020000220      0x400 
                0x0000000020000620                . = ALIGN (0x4)

/DISCARD/
 libc.a(*)
 libm.a(*)
 libgcc.a(*)

.ARM.attributes
                0x0000000000000000       0x30
 *(.ARM.attributes)
 .ARM.attributes
                0x0000000000000000       0x20 src/05Blinky_LD3.o
 .ARM.attributes
                0x0000000000000020       0x20 src/mySysTick_Handler.o
 .ARM.attributes
                0x0000000000000040       0x34 src/mymain_F429v02.o
 .ARM.attributes
                0x0000000000000074       0x21 src/startup_stm32f429xx_02.o
 .ARM.attributes
                0x0000000000000095       0x20 src/stm32f429xx_USART1_interrupt_recomment.o
 .ARM.attributes
                0x00000000000000b5       0x25 /Users/mateojarafabian/Desktop/enee440/SysTick_USART1_problem4/src/libUSART1_AC6gcc_nodebug.a(USART1_AC6gcc_nodebug.o)
OUTPUT(SysTick_USART1_problem4.elf elf32-littlearm)

.debug_line     0x0000000000000000      0x46e
 .debug_line    0x0000000000000000       0x69 src/05Blinky_LD3.o
 .debug_line    0x0000000000000069       0x67 src/mySysTick_Handler.o
 .debug_line    0x00000000000000d0      0x245 src/mymain_F429v02.o
 .debug_line    0x0000000000000315       0x7c src/startup_stm32f429xx_02.o
 .debug_line    0x0000000000000391       0xdd src/stm32f429xx_USART1_interrupt_recomment.o

.debug_info     0x0000000000000000      0x1a6
 .debug_info    0x0000000000000000       0x26 src/05Blinky_LD3.o
 .debug_info    0x0000000000000026       0x26 src/mySysTick_Handler.o
 .debug_info    0x000000000000004c      0x112 src/mymain_F429v02.o
 .debug_info    0x000000000000015e       0x22 src/startup_stm32f429xx_02.o
 .debug_info    0x0000000000000180       0x26 src/stm32f429xx_USART1_interrupt_recomment.o

.debug_abbrev   0x0000000000000000       0xe3
 .debug_abbrev  0x0000000000000000       0x14 src/05Blinky_LD3.o
 .debug_abbrev  0x0000000000000014       0x14 src/mySysTick_Handler.o
 .debug_abbrev  0x0000000000000028       0x95 src/mymain_F429v02.o
 .debug_abbrev  0x00000000000000bd       0x12 src/startup_stm32f429xx_02.o
 .debug_abbrev  0x00000000000000cf       0x14 src/stm32f429xx_USART1_interrupt_recomment.o

.debug_aranges  0x0000000000000000       0xa8
 .debug_aranges
                0x0000000000000000       0x20 src/05Blinky_LD3.o
 .debug_aranges
                0x0000000000000020       0x20 src/mySysTick_Handler.o
 .debug_aranges
                0x0000000000000040       0x20 src/mymain_F429v02.o
 .debug_aranges
                0x0000000000000060       0x28 src/startup_stm32f429xx_02.o
 .debug_aranges
                0x0000000000000088       0x20 src/stm32f429xx_USART1_interrupt_recomment.o

.debug_str      0x0000000000000000     0x3d28
 .debug_str     0x0000000000000000       0x6a src/05Blinky_LD3.o
 .debug_str     0x000000000000006a       0x1b src/mySysTick_Handler.o
                                         0x6f (size before relaxing)
 .debug_str     0x0000000000000085     0x3c53 src/mymain_F429v02.o
                                       0x3e05 (size before relaxing)
 .debug_str     0x0000000000003cd8       0x20 src/startup_stm32f429xx_02.o
                                         0x74 (size before relaxing)
 .debug_str     0x0000000000003cf8       0x30 src/stm32f429xx_USART1_interrupt_recomment.o
                                         0x84 (size before relaxing)

.debug_ranges   0x0000000000000000       0x30
 .debug_ranges  0x0000000000000000       0x10 src/mymain_F429v02.o
 .debug_ranges  0x0000000000000010       0x20 src/startup_stm32f429xx_02.o

.debug_macro    0x0000000000000000      0xf81
 .debug_macro   0x0000000000000000       0x72 src/mymain_F429v02.o
 .debug_macro   0x0000000000000072      0xaa8 src/mymain_F429v02.o
 .debug_macro   0x0000000000000b1a       0x22 src/mymain_F429v02.o
 .debug_macro   0x0000000000000b3c       0x8e src/mymain_F429v02.o
 .debug_macro   0x0000000000000bca       0x51 src/mymain_F429v02.o
 .debug_macro   0x0000000000000c1b       0xef src/mymain_F429v02.o
 .debug_macro   0x0000000000000d0a       0x6a src/mymain_F429v02.o
 .debug_macro   0x0000000000000d74      0x1df src/mymain_F429v02.o
 .debug_macro   0x0000000000000f53       0x2e src/mymain_F429v02.o

.comment        0x0000000000000000       0x75
 .comment       0x0000000000000000       0x75 src/mymain_F429v02.o
                                         0x76 (size before relaxing)

.debug_frame    0x0000000000000000       0x2c
 .debug_frame   0x0000000000000000       0x2c src/mymain_F429v02.o
