Archive member included to satisfy reference by file (symbol)

/Users/mateojarafabian/Desktop/enee440/SysTick_USART1_problem2/src/libUSART1_AC6gcc_nodebug.a(USART1_AC6gcc_nodebug.o)
                              src/mymain_F429v02.o (initUSART1)

Allocating common symbols
Common symbol       size              file

Ghalf               0x2               src/myDataOps02.o
Gbyte               0x1               src/myDataOps02.o
Gword               0x4               src/myDataOps02.o
buffer              0x17              src/mymain_F429v02.o
Garray              0x100             src/myDataOps02.o

Discarded input sections

 .data          0x0000000000000000        0x0 src/05Blinky_LD3.o
 .bss           0x0000000000000000        0x0 src/05Blinky_LD3.o
 .data          0x0000000000000000        0x7 src/myDataOps02.o
 .bss           0x0000000000000000      0x107 src/myDataOps02.o
 COMMON         0x0000000000000000      0x110 src/myDataOps02.o
 .data          0x0000000000000000        0x0 src/mySysTick_Handler.o
 .bss           0x0000000000000000        0x0 src/mySysTick_Handler.o
 .text          0x0000000000000000       0x5c src/mySystemInit.o
 .data          0x0000000000000000        0x0 src/mySystemInit.o
 .bss           0x0000000000000000        0x0 src/mySystemInit.o
 .debug_line    0x0000000000000000       0x67 src/mySystemInit.o
 .debug_info    0x0000000000000000       0x26 src/mySystemInit.o
 .debug_abbrev  0x0000000000000000       0x14 src/mySystemInit.o
 .debug_aranges
                0x0000000000000000       0x20 src/mySystemInit.o
 .debug_str     0x0000000000000000       0x6a src/mySystemInit.o
 .ARM.attributes
                0x0000000000000000       0x21 src/mySystemInit.o
 .group         0x0000000000000000        0xc src/mymain_F429v02.o
 .group         0x0000000000000000        0xc src/mymain_F429v02.o
 .group         0x0000000000000000        0xc src/mymain_F429v02.o
 .group         0x0000000000000000        0xc src/mymain_F429v02.o
 .group         0x0000000000000000        0xc src/mymain_F429v02.o
 .group         0x0000000000000000        0xc src/mymain_F429v02.o
 .group         0x0000000000000000        0xc src/mymain_F429v02.o
 .group         0x0000000000000000        0xc src/mymain_F429v02.o
 .text          0x0000000000000000        0x0 src/mymain_F429v02.o
 .data          0x0000000000000000        0x0 src/mymain_F429v02.o
 .bss           0x0000000000000000        0x0 src/mymain_F429v02.o
 .text          0x0000000000000000       0x14 src/startup_stm32f429xx_02.o
 .data          0x0000000000000000        0x0 src/startup_stm32f429xx_02.o
 .bss           0x0000000000000000        0x0 src/startup_stm32f429xx_02.o
 .bss           0x0000000000000000        0x0 src/stm32f429xx_USART1_interrupt_recomment.o
 .data          0x0000000000000000        0x0 /Users/mateojarafabian/Desktop/enee440/SysTick_USART1_problem2/src/libUSART1_AC6gcc_nodebug.a(USART1_AC6gcc_nodebug.o)
 .bss           0x0000000000000000        0x0 /Users/mateojarafabian/Desktop/enee440/SysTick_USART1_problem2/src/libUSART1_AC6gcc_nodebug.a(USART1_AC6gcc_nodebug.o)

Memory Configuration

Name             Origin             Length             Attributes
FLASH            0x0000000008000000 0x0000000000200000 xr
RAM              0x0000000020000000 0x0000000000030000 xrw
CCMRAM           0x0000000010000000 0x0000000000010000 rw
*default*        0x0000000000000000 0xffffffffffffffff

Linker script and memory map

LOAD src/05Blinky_LD3.o
LOAD src/myDataOps02.o
LOAD src/mySysTick_Handler.o
LOAD src/mySystemInit.o
LOAD src/mymain_F429v02.o
LOAD src/startup_stm32f429xx_02.o
LOAD src/stm32f429xx_USART1_interrupt_recomment.o
LOAD /Users/mateojarafabian/Desktop/enee440/SysTick_USART1_problem2/src/libUSART1_AC6gcc_nodebug.a
LOAD /Users/mateojarafabian/opt/gcc-arm-none-eabi-8-2018-q4-major/bin/../lib/gcc/arm-none-eabi/8.2.1/../../../../arm-none-eabi/lib/thumb/v7e-m+fp/hard/libm.a
                0x0000000020030000                _estack = 0x20030000
                0x0000000000000200                _Min_Heap_Size = 0x200
                0x0000000000000400                _Min_Stack_Size = 0x400

.isr_vector     0x0000000008000000      0x1ac
                0x0000000008000000                . = ALIGN (0x4)
 *(.isr_vector)
 .isr_vector    0x0000000008000000      0x1ac src/startup_stm32f429xx_02.o
                0x0000000008000000                g_pfnVectors
                0x00000000080001ac                . = ALIGN (0x4)

.text           0x00000000080001ac      0x4c4
                0x00000000080001ac                . = ALIGN (0x4)
 *(.text)
 .text          0x00000000080001ac       0x60 src/05Blinky_LD3.o
                0x00000000080001ac                initPG13
                0x00000000080001e2                togglePG13
                0x00000000080001ee                setPG13
                0x00000000080001f8                resetPG13
 .text          0x000000000800020c      0x180 src/myDataOps02.o
                0x000000000800020c                buffer_handler
                0x000000000800023a                write_handler
                0x0000000008000288                ROMdata
 .text          0x000000000800038c       0x66 src/mySysTick_Handler.o
                0x000000000800038c                initSysTick
                0x00000000080003c2                SysTick_Handler
 *fill*         0x00000000080003f2        0x2 
 .text          0x00000000080003f4       0xec src/stm32f429xx_USART1_interrupt_recomment.o
                0x00000000080003f4                USART1_IRQHandler
                0x0000000008000468                USART1_IRQinit
                0x00000000080004aa                USART1_TXint_enab
                0x00000000080004b4                USART1_TXint_inhib
 .text          0x00000000080004e0      0x128 /Users/mateojarafabian/Desktop/enee440/SysTick_USART1_problem2/src/libUSART1_AC6gcc_nodebug.a(USART1_AC6gcc_nodebug.o)
                0x0000000008000544                initUSART1
                0x00000000080005a6                nbUSART1_getchar
                0x00000000080005ba                nbUSART1_putchar
                0x00000000080005d4                bUSART1_getchar
                0x00000000080005e4                bUSART1_putchar
                0x00000000080005f4                USART1_writeDR
 *(.text*)
 .text.main     0x0000000008000608       0x1a src/mymain_F429v02.o
                0x0000000008000608                main
 *fill*         0x0000000008000622        0x2 
 .text.Reset_Handler
                0x0000000008000624       0x48 src/startup_stm32f429xx_02.o
                0x0000000008000624                Reset_Handler
 .text.Default_Handler
                0x000000000800066c        0x2 src/startup_stm32f429xx_02.o
                0x000000000800066c                DMA1_Stream3_IRQHandler
                0x000000000800066c                HASH_RNG_IRQHandler
                0x000000000800066c                EXTI2_IRQHandler
                0x000000000800066c                TIM8_CC_IRQHandler
                0x000000000800066c                DebugMon_Handler
                0x000000000800066c                UART8_IRQHandler
                0x000000000800066c                SPI4_IRQHandler
                0x000000000800066c                TIM1_CC_IRQHandler
                0x000000000800066c                DMA2_Stream5_IRQHandler
                0x000000000800066c                HardFault_Handler
                0x000000000800066c                DMA1_Stream5_IRQHandler
                0x000000000800066c                PVD_IRQHandler
                0x000000000800066c                SDIO_IRQHandler
                0x000000000800066c                TAMP_STAMP_IRQHandler
                0x000000000800066c                PendSV_Handler
                0x000000000800066c                NMI_Handler
                0x000000000800066c                CAN2_RX1_IRQHandler
                0x000000000800066c                EXTI3_IRQHandler
                0x000000000800066c                TIM8_TRG_COM_TIM14_IRQHandler
                0x000000000800066c                TIM1_UP_TIM10_IRQHandler
                0x000000000800066c                TIM8_UP_TIM13_IRQHandler
                0x000000000800066c                I2C3_ER_IRQHandler
                0x000000000800066c                EXTI0_IRQHandler
                0x000000000800066c                I2C2_EV_IRQHandler
                0x000000000800066c                DMA1_Stream2_IRQHandler
                0x000000000800066c                CAN1_RX0_IRQHandler
                0x000000000800066c                FPU_IRQHandler
                0x000000000800066c                OTG_HS_WKUP_IRQHandler
                0x000000000800066c                UsageFault_Handler
                0x000000000800066c                LTDC_ER_IRQHandler
                0x000000000800066c                CAN2_SCE_IRQHandler
                0x000000000800066c                DMA2_Stream2_IRQHandler
                0x000000000800066c                SPI1_IRQHandler
                0x000000000800066c                TIM6_DAC_IRQHandler
                0x000000000800066c                TIM1_BRK_TIM9_IRQHandler
                0x000000000800066c                DCMI_IRQHandler
                0x000000000800066c                CAN2_RX0_IRQHandler
                0x000000000800066c                DMA2_Stream3_IRQHandler
                0x000000000800066c                USART6_IRQHandler
                0x000000000800066c                USART3_IRQHandler
                0x000000000800066c                CAN1_RX1_IRQHandler
                0x000000000800066c                UART5_IRQHandler
                0x000000000800066c                DMA2_Stream0_IRQHandler
                0x000000000800066c                TIM4_IRQHandler
                0x000000000800066c                I2C1_EV_IRQHandler
                0x000000000800066c                DMA1_Stream6_IRQHandler
                0x000000000800066c                DMA1_Stream1_IRQHandler
                0x000000000800066c                UART4_IRQHandler
                0x000000000800066c                TIM3_IRQHandler
                0x000000000800066c                RCC_IRQHandler
                0x000000000800066c                TIM8_BRK_TIM12_IRQHandler
                0x000000000800066c                Default_Handler
                0x000000000800066c                EXTI15_10_IRQHandler
                0x000000000800066c                ADC_IRQHandler
                0x000000000800066c                DMA1_Stream7_IRQHandler
                0x000000000800066c                SPI5_IRQHandler
                0x000000000800066c                TIM7_IRQHandler
                0x000000000800066c                CAN2_TX_IRQHandler
                0x000000000800066c                TIM5_IRQHandler
                0x000000000800066c                DMA2_Stream7_IRQHandler
                0x000000000800066c                I2C3_EV_IRQHandler
                0x000000000800066c                EXTI9_5_IRQHandler
                0x000000000800066c                RTC_WKUP_IRQHandler
                0x000000000800066c                LTDC_IRQHandler
                0x000000000800066c                ETH_WKUP_IRQHandler
                0x000000000800066c                SPI2_IRQHandler
                0x000000000800066c                OTG_HS_EP1_IN_IRQHandler
                0x000000000800066c                MemManage_Handler
                0x000000000800066c                DMA1_Stream0_IRQHandler
                0x000000000800066c                CAN1_TX_IRQHandler
                0x000000000800066c                SVC_Handler
                0x000000000800066c                EXTI4_IRQHandler
                0x000000000800066c                ETH_IRQHandler
                0x000000000800066c                OTG_HS_EP1_OUT_IRQHandler
                0x000000000800066c                WWDG_IRQHandler
                0x000000000800066c                SPI6_IRQHandler
                0x000000000800066c                TIM2_IRQHandler
                0x000000000800066c                OTG_FS_WKUP_IRQHandler
                0x000000000800066c                TIM1_TRG_COM_TIM11_IRQHandler
                0x000000000800066c                OTG_HS_IRQHandler
                0x000000000800066c                DMA2D_IRQHandler
                0x000000000800066c                EXTI1_IRQHandler
                0x000000000800066c                UART7_IRQHandler
                0x000000000800066c                USART2_IRQHandler
                0x000000000800066c                I2C2_ER_IRQHandler
                0x000000000800066c                DMA2_Stream1_IRQHandler
                0x000000000800066c                CAN1_SCE_IRQHandler
                0x000000000800066c                FLASH_IRQHandler
                0x000000000800066c                DMA2_Stream4_IRQHandler
                0x000000000800066c                BusFault_Handler
                0x000000000800066c                OTG_FS_IRQHandler
                0x000000000800066c                SPI3_IRQHandler
                0x000000000800066c                DMA1_Stream4_IRQHandler
                0x000000000800066c                I2C1_ER_IRQHandler
                0x000000000800066c                FMC_IRQHandler
                0x000000000800066c                DMA2_Stream6_IRQHandler
                0x000000000800066c                SAI1_IRQHandler
                0x000000000800066c                RTC_Alarm_IRQHandler
 *(.glue_7)
 .glue_7        0x000000000800066e        0x0 linker stubs
 *(.glue_7t)
 .glue_7t       0x000000000800066e        0x0 linker stubs
 *(.eh_frame)
 *(.init)
 *(.fini)
                0x0000000008000670                . = ALIGN (0x4)
 *fill*         0x000000000800066e        0x2 
                0x0000000008000670                _etext = .

.vfp11_veneer   0x0000000008000670        0x0
 .vfp11_veneer  0x0000000008000670        0x0 linker stubs

.v4_bx          0x0000000008000670        0x0
 .v4_bx         0x0000000008000670        0x0 linker stubs

.iplt           0x0000000008000670        0x0
 .iplt          0x0000000008000670        0x0 src/05Blinky_LD3.o

.rel.dyn        0x0000000008000670        0x0
 .rel.iplt      0x0000000008000670        0x0 src/05Blinky_LD3.o

.rodata         0x0000000008000670        0x0
                0x0000000008000670                . = ALIGN (0x4)
 *(.rodata)
 *(.rodata*)
                0x0000000008000670                . = ALIGN (0x4)

.ARM.extab
 *(.ARM.extab* .gnu.linkonce.armextab.*)

.ARM            0x0000000008000670        0x0
                0x0000000008000670                __exidx_start = .
 *(.ARM.exidx*)
                0x0000000008000670                __exidx_end = .

.preinit_array  0x0000000008000670        0x0
                [!provide]                        PROVIDE (__preinit_array_start = .)
 *(.preinit_array*)
                [!provide]                        PROVIDE (__preinit_array_end = .)

.init_array     0x0000000008000670        0x0
                [!provide]                        PROVIDE (__init_array_start = .)
 *(SORT_BY_NAME(.init_array.*))
 *(.init_array*)
                [!provide]                        PROVIDE (__init_array_end = .)

.fini_array     0x0000000008000670        0x0
                [!provide]                        PROVIDE (__fini_array_start = .)
 *(SORT_BY_NAME(.fini_array.*))
 *(.fini_array*)
                [!provide]                        PROVIDE (__fini_array_end = .)
                0x0000000008000670                _sidata = LOADADDR (.data)

.data           0x0000000020000000        0x8 load address 0x0000000008000670
                0x0000000020000000                . = ALIGN (0x4)
                0x0000000020000000                _sdata = .
 *(.data)
 .data          0x0000000020000000        0x8 src/stm32f429xx_USART1_interrupt_recomment.o
                0x0000000020000000                USART1_txdata
                0x0000000020000004                USART1_txcount
 *(.data*)
                0x0000000020000008                . = ALIGN (0x4)
                0x0000000020000008                _edata = .
                0x0000000008000678                _siccmram = LOADADDR (.ccmram)

.igot.plt       0x0000000020000008        0x0 load address 0x0000000008000678
 .igot.plt      0x0000000020000008        0x0 src/05Blinky_LD3.o

.ccmram         0x0000000010000000        0x0 load address 0x0000000008000678
                0x0000000010000000                . = ALIGN (0x4)
                0x0000000010000000                _sccmram = .
 *(.ccmram)
 *(.ccmram*)
                0x0000000010000000                . = ALIGN (0x4)
                0x0000000010000000                _eccmram = .
                0x0000000010000000                . = ALIGN (0x4)

.bss            0x0000000020000008       0x20
                0x0000000020000008                _sbss = .
                0x0000000020000008                __bss_start__ = _sbss
 *(.bss)
 *(.bss*)
 .bss.SysTick_msecs
                0x0000000020000008        0x2 src/mymain_F429v02.o
                0x0000000020000008                SysTick_msecs
 *fill*         0x000000002000000a        0x2 
 .bss.SysTick_secs
                0x000000002000000c        0x4 src/mymain_F429v02.o
                0x000000002000000c                SysTick_secs
 *(COMMON)
 COMMON         0x0000000020000010       0x17 src/mymain_F429v02.o
                0x0000000020000010                buffer
                0x0000000020000028                . = ALIGN (0x4)
 *fill*         0x0000000020000027        0x1 
                0x0000000020000028                _ebss = .
                0x0000000020000028                __bss_end__ = _ebss

._user_heap_stack
                0x0000000020000028      0x600
                0x0000000020000028                . = ALIGN (0x4)
                [!provide]                        PROVIDE (end = .)
                [!provide]                        PROVIDE (_end = .)
                0x0000000020000228                . = (. + _Min_Heap_Size)
 *fill*         0x0000000020000028      0x200 
                0x0000000020000628                . = (. + _Min_Stack_Size)
 *fill*         0x0000000020000228      0x400 
                0x0000000020000628                . = ALIGN (0x4)

/DISCARD/
 libc.a(*)
 libm.a(*)
 libgcc.a(*)

.ARM.attributes
                0x0000000000000000       0x30
 *(.ARM.attributes)
 .ARM.attributes
                0x0000000000000000       0x20 src/05Blinky_LD3.o
 .ARM.attributes
                0x0000000000000020       0x20 src/myDataOps02.o
 .ARM.attributes
                0x0000000000000040       0x20 src/mySysTick_Handler.o
 .ARM.attributes
                0x0000000000000060       0x34 src/mymain_F429v02.o
 .ARM.attributes
                0x0000000000000094       0x21 src/startup_stm32f429xx_02.o
 .ARM.attributes
                0x00000000000000b5       0x20 src/stm32f429xx_USART1_interrupt_recomment.o
 .ARM.attributes
                0x00000000000000d5       0x25 /Users/mateojarafabian/Desktop/enee440/SysTick_USART1_problem2/src/libUSART1_AC6gcc_nodebug.a(USART1_AC6gcc_nodebug.o)
OUTPUT(SysTick_USART1_problem2.elf elf32-littlearm)

.debug_line     0x0000000000000000      0x4d8
 .debug_line    0x0000000000000000       0x69 src/05Blinky_LD3.o
 .debug_line    0x0000000000000069       0x81 src/myDataOps02.o
 .debug_line    0x00000000000000ea       0x67 src/mySysTick_Handler.o
 .debug_line    0x0000000000000151      0x240 src/mymain_F429v02.o
 .debug_line    0x0000000000000391       0x7c src/startup_stm32f429xx_02.o
 .debug_line    0x000000000000040d       0xcb src/stm32f429xx_USART1_interrupt_recomment.o

.debug_info     0x0000000000000000      0x1bd
 .debug_info    0x0000000000000000       0x26 src/05Blinky_LD3.o
 .debug_info    0x0000000000000026       0x26 src/myDataOps02.o
 .debug_info    0x000000000000004c       0x26 src/mySysTick_Handler.o
 .debug_info    0x0000000000000072      0x103 src/mymain_F429v02.o
 .debug_info    0x0000000000000175       0x22 src/startup_stm32f429xx_02.o
 .debug_info    0x0000000000000197       0x26 src/stm32f429xx_USART1_interrupt_recomment.o

.debug_abbrev   0x0000000000000000       0xdf
 .debug_abbrev  0x0000000000000000       0x14 src/05Blinky_LD3.o
 .debug_abbrev  0x0000000000000014       0x14 src/myDataOps02.o
 .debug_abbrev  0x0000000000000028       0x14 src/mySysTick_Handler.o
 .debug_abbrev  0x000000000000003c       0x7d src/mymain_F429v02.o
 .debug_abbrev  0x00000000000000b9       0x12 src/startup_stm32f429xx_02.o
 .debug_abbrev  0x00000000000000cb       0x14 src/stm32f429xx_USART1_interrupt_recomment.o

.debug_aranges  0x0000000000000000       0xc8
 .debug_aranges
                0x0000000000000000       0x20 src/05Blinky_LD3.o
 .debug_aranges
                0x0000000000000020       0x20 src/myDataOps02.o
 .debug_aranges
                0x0000000000000040       0x20 src/mySysTick_Handler.o
 .debug_aranges
                0x0000000000000060       0x20 src/mymain_F429v02.o
 .debug_aranges
                0x0000000000000080       0x28 src/startup_stm32f429xx_02.o
 .debug_aranges
                0x00000000000000a8       0x20 src/stm32f429xx_USART1_interrupt_recomment.o

.debug_str      0x0000000000000000     0x3d2e
 .debug_str     0x0000000000000000       0x6a src/05Blinky_LD3.o
 .debug_str     0x000000000000006a       0x15 src/myDataOps02.o
                                         0x69 (size before relaxing)
 .debug_str     0x000000000000007f       0x1b src/mySysTick_Handler.o
                                         0x6f (size before relaxing)
 .debug_str     0x000000000000009a     0x3c44 src/mymain_F429v02.o
                                       0x3df6 (size before relaxing)
 .debug_str     0x0000000000003cde       0x20 src/startup_stm32f429xx_02.o
                                         0x74 (size before relaxing)
 .debug_str     0x0000000000003cfe       0x30 src/stm32f429xx_USART1_interrupt_recomment.o
                                         0x84 (size before relaxing)

.debug_ranges   0x0000000000000000       0x30
 .debug_ranges  0x0000000000000000       0x10 src/mymain_F429v02.o
 .debug_ranges  0x0000000000000010       0x20 src/startup_stm32f429xx_02.o

.debug_macro    0x0000000000000000      0xf81
 .debug_macro   0x0000000000000000       0x72 src/mymain_F429v02.o
 .debug_macro   0x0000000000000072      0xaa8 src/mymain_F429v02.o
 .debug_macro   0x0000000000000b1a       0x22 src/mymain_F429v02.o
 .debug_macro   0x0000000000000b3c       0x8e src/mymain_F429v02.o
 .debug_macro   0x0000000000000bca       0x51 src/mymain_F429v02.o
 .debug_macro   0x0000000000000c1b       0xef src/mymain_F429v02.o
 .debug_macro   0x0000000000000d0a       0x6a src/mymain_F429v02.o
 .debug_macro   0x0000000000000d74      0x1df src/mymain_F429v02.o
 .debug_macro   0x0000000000000f53       0x2e src/mymain_F429v02.o

.comment        0x0000000000000000       0x75
 .comment       0x0000000000000000       0x75 src/mymain_F429v02.o
                                         0x76 (size before relaxing)

.debug_frame    0x0000000000000000       0x2c
 .debug_frame   0x0000000000000000       0x2c src/mymain_F429v02.o
