19:46:15 **** Clean-only build of configuration Debug for project MoT_messaging_demo ****
make clean 
rm -rf *
 
19:46:19 **** Incremental Build of configuration Debug for project 03Blinky_STM32F429 ****
make all 
make: Nothing to be done for `all'.
19:46:19 **** Incremental Build of configuration Debug for project ADC_Tim2 ****
make all 
make: Nothing to be done for `all'.
19:46:19 **** Build of configuration Debug for project MoT_messaging_demo ****
make all 
Building file: ../src/ADC.S
Invoking: MCU GCC Compiler
/Users/mateojarafabian/Desktop/enee440/MoT_messaging_demo/Debug
arm-none-eabi-gcc -mcpu=cortex-m4 -mthumb -mfloat-abi=hard -mfpu=fpv4-sp-d16 -DSTM32F429ZITx -DSTM32F429I_DISC1 -DSTM32F4 -DSTM32 -DDEBUG -I"/Users/mateojarafabian/Desktop/enee440/MoT_messaging_demo/inc" -I"/Users/mateojarafabian/Desktop/enee440/MoT_messaging_demo/src" -O0 -g3 -Wall -fmessage-length=0 -ffunction-sections -c -MMD -MP -MF"src/ADC.d" -MT"src/ADC.o" -o "src/ADC.o" "../src/ADC.S"
Finished building: ../src/ADC.S
 
Building file: ../src/Blinky_LD3_LD4.S
Invoking: MCU GCC Compiler
/Users/mateojarafabian/Desktop/enee440/MoT_messaging_demo/Debug
arm-none-eabi-gcc -mcpu=cortex-m4 -mthumb -mfloat-abi=hard -mfpu=fpv4-sp-d16 -DSTM32F429ZITx -DSTM32F429I_DISC1 -DSTM32F4 -DSTM32 -DDEBUG -I"/Users/mateojarafabian/Desktop/enee440/MoT_messaging_demo/inc" -I"/Users/mateojarafabian/Desktop/enee440/MoT_messaging_demo/src" -O0 -g3 -Wall -fmessage-length=0 -ffunction-sections -c -MMD -MP -MF"src/Blinky_LD3_LD4.d" -MT"src/Blinky_LD3_LD4.o" -o "src/Blinky_LD3_LD4.o" "../src/Blinky_LD3_LD4.S"
Finished building: ../src/Blinky_LD3_LD4.S
 
Building file: ../src/Cmd_Handler11.S
Invoking: MCU GCC Compiler
/Users/mateojarafabian/Desktop/enee440/MoT_messaging_demo/Debug
arm-none-eabi-gcc -mcpu=cortex-m4 -mthumb -mfloat-abi=hard -mfpu=fpv4-sp-d16 -DSTM32F429ZITx -DSTM32F429I_DISC1 -DSTM32F4 -DSTM32 -DDEBUG -I"/Users/mateojarafabian/Desktop/enee440/MoT_messaging_demo/inc" -I"/Users/mateojarafabian/Desktop/enee440/MoT_messaging_demo/src" -O0 -g3 -Wall -fmessage-length=0 -ffunction-sections -c -MMD -MP -MF"src/Cmd_Handler11.d" -MT"src/Cmd_Handler11.o" -o "src/Cmd_Handler11.o" "../src/Cmd_Handler11.S"
Finished building: ../src/Cmd_Handler11.S
 
Building file: ../src/MoT_demo_main01.c
Invoking: MCU GCC Compiler
/Users/mateojarafabian/Desktop/enee440/MoT_messaging_demo/Debug
arm-none-eabi-gcc -mcpu=cortex-m4 -mthumb -mfloat-abi=hard -mfpu=fpv4-sp-d16 -DSTM32F429ZITx -DSTM32F429I_DISC1 -DSTM32F4 -DSTM32 -DDEBUG -I"/Users/mateojarafabian/Desktop/enee440/MoT_messaging_demo/inc" -I"/Users/mateojarafabian/Desktop/enee440/MoT_messaging_demo/src" -O0 -g3 -Wall -fmessage-length=0 -ffunction-sections -c -MMD -MP -MF"src/MoT_demo_main01.d" -MT"src/MoT_demo_main01.o" -o "src/MoT_demo_main01.o" "../src/MoT_demo_main01.c"
../src/MoT_demo_main01.c: In function 'main':
../src/MoT_demo_main01.c:94:2: warning: implicit declaration of function 'Voltage_install' [-Wimplicit-function-declaration]
  Voltage_install();
  ^~~~~~~~~~~~~~~
../src/MoT_demo_main01.c:59:11: warning: variable 'shadowSysTick_secs' set but not used [-Wunused-but-set-variable]
  uint32_t shadowSysTick_secs;
           ^~~~~~~~~~~~~~~~~~
Finished building: ../src/MoT_demo_main01.c
 
Building file: ../src/Msg_Handler03.S
Invoking: MCU GCC Compiler
/Users/mateojarafabian/Desktop/enee440/MoT_messaging_demo/Debug
arm-none-eabi-gcc -mcpu=cortex-m4 -mthumb -mfloat-abi=hard -mfpu=fpv4-sp-d16 -DSTM32F429ZITx -DSTM32F429I_DISC1 -DSTM32F4 -DSTM32 -DDEBUG -I"/Users/mateojarafabian/Desktop/enee440/MoT_messaging_demo/inc" -I"/Users/mateojarafabian/Desktop/enee440/MoT_messaging_demo/src" -O0 -g3 -Wall -fmessage-length=0 -ffunction-sections -c -MMD -MP -MF"src/Msg_Handler03.d" -MT"src/Msg_Handler03.o" -o "src/Msg_Handler03.o" "../src/Msg_Handler03.S"
Finished building: ../src/Msg_Handler03.S
 
Building file: ../src/VoltageMoT.c
Invoking: MCU GCC Compiler
/Users/mateojarafabian/Desktop/enee440/MoT_messaging_demo/Debug
arm-none-eabi-gcc -mcpu=cortex-m4 -mthumb -mfloat-abi=hard -mfpu=fpv4-sp-d16 -DSTM32F429ZITx -DSTM32F429I_DISC1 -DSTM32F4 -DSTM32 -DDEBUG -I"/Users/mateojarafabian/Desktop/enee440/MoT_messaging_demo/inc" -I"/Users/mateojarafabian/Desktop/enee440/MoT_messaging_demo/src" -O0 -g3 -Wall -fmessage-length=0 -ffunction-sections -c -MMD -MP -MF"src/VoltageMoT.d" -MT"src/VoltageMoT.o" -o "src/VoltageMoT.o" "../src/VoltageMoT.c"
../src/VoltageMoT.c: In function 'Voltage_install':
../src/VoltageMoT.c:108:2: warning: implicit declaration of function 'PC3_enable' [-Wimplicit-function-declaration]
  PC3_enable();
  ^~~~~~~~~~
../src/VoltageMoT.c:109:2: warning: implicit declaration of function 'myADC3_TIM2_PC3' [-Wimplicit-function-declaration]
  myADC3_TIM2_PC3();
  ^~~~~~~~~~~~~~~
At top level:
../src/VoltageMoT.c:47:3: warning: 'RedLEDcontrol' defined but not used [-Wunused-variable]
 } RedLEDcontrol;
   ^~~~~~~~~~~~~
Finished building: ../src/VoltageMoT.c
 
Building file: ../src/deviceESP8266_01.c
Invoking: MCU GCC Compiler
/Users/mateojarafabian/Desktop/enee440/MoT_messaging_demo/Debug
arm-none-eabi-gcc -mcpu=cortex-m4 -mthumb -mfloat-abi=hard -mfpu=fpv4-sp-d16 -DSTM32F429ZITx -DSTM32F429I_DISC1 -DSTM32F4 -DSTM32 -DDEBUG -I"/Users/mateojarafabian/Desktop/enee440/MoT_messaging_demo/inc" -I"/Users/mateojarafabian/Desktop/enee440/MoT_messaging_demo/src" -O0 -g3 -Wall -fmessage-length=0 -ffunction-sections -c -MMD -MP -MF"src/deviceESP8266_01.d" -MT"src/deviceESP8266_01.o" -o "src/deviceESP8266_01.o" "../src/deviceESP8266_01.c"
../src/deviceESP8266_01.c:25:1: warning: data definition has no type or storage class
 USART3_TXint_inhib();   // ""
 ^~~~~~~~~~~~~~~~~~
../src/deviceESP8266_01.c:25:1: warning: type defaults to 'int' in declaration of 'USART3_TXint_inhib' [-Wimplicit-int]
Finished building: ../src/deviceESP8266_01.c
 
Building file: ../src/deviceGreenLED03.S
Invoking: MCU GCC Compiler
/Users/mateojarafabian/Desktop/enee440/MoT_messaging_demo/Debug
arm-none-eabi-gcc -mcpu=cortex-m4 -mthumb -mfloat-abi=hard -mfpu=fpv4-sp-d16 -DSTM32F429ZITx -DSTM32F429I_DISC1 -DSTM32F4 -DSTM32 -DDEBUG -I"/Users/mateojarafabian/Desktop/enee440/MoT_messaging_demo/inc" -I"/Users/mateojarafabian/Desktop/enee440/MoT_messaging_demo/src" -O0 -g3 -Wall -fmessage-length=0 -ffunction-sections -c -MMD -MP -MF"src/deviceGreenLED03.d" -MT"src/deviceGreenLED03.o" -o "src/deviceGreenLED03.o" "../src/deviceGreenLED03.S"
Finished building: ../src/deviceGreenLED03.S
 
Building file: ../src/deviceRedLED04.c
Invoking: MCU GCC Compiler
/Users/mateojarafabian/Desktop/enee440/MoT_messaging_demo/Debug
arm-none-eabi-gcc -mcpu=cortex-m4 -mthumb -mfloat-abi=hard -mfpu=fpv4-sp-d16 -DSTM32F429ZITx -DSTM32F429I_DISC1 -DSTM32F4 -DSTM32 -DDEBUG -I"/Users/mateojarafabian/Desktop/enee440/MoT_messaging_demo/inc" -I"/Users/mateojarafabian/Desktop/enee440/MoT_messaging_demo/src" -O0 -g3 -Wall -fmessage-length=0 -ffunction-sections -c -MMD -MP -MF"src/deviceRedLED04.d" -MT"src/deviceRedLED04.o" -o "src/deviceRedLED04.o" "../src/deviceRedLED04.c"
Finished building: ../src/deviceRedLED04.c
 
Building file: ../src/myESP8266_USART3_interrupt01.S
Invoking: MCU GCC Compiler
/Users/mateojarafabian/Desktop/enee440/MoT_messaging_demo/Debug
arm-none-eabi-gcc -mcpu=cortex-m4 -mthumb -mfloat-abi=hard -mfpu=fpv4-sp-d16 -DSTM32F429ZITx -DSTM32F429I_DISC1 -DSTM32F4 -DSTM32 -DDEBUG -I"/Users/mateojarafabian/Desktop/enee440/MoT_messaging_demo/inc" -I"/Users/mateojarafabian/Desktop/enee440/MoT_messaging_demo/src" -O0 -g3 -Wall -fmessage-length=0 -ffunction-sections -c -MMD -MP -MF"src/myESP8266_USART3_interrupt01.d" -MT"src/myESP8266_USART3_interrupt01.o" -o "src/myESP8266_USART3_interrupt01.o" "../src/myESP8266_USART3_interrupt01.S"
Finished building: ../src/myESP8266_USART3_interrupt01.S
 
Building file: ../src/myESP8266_runAtCmd01.c
Invoking: MCU GCC Compiler
/Users/mateojarafabian/Desktop/enee440/MoT_messaging_demo/Debug
arm-none-eabi-gcc -mcpu=cortex-m4 -mthumb -mfloat-abi=hard -mfpu=fpv4-sp-d16 -DSTM32F429ZITx -DSTM32F429I_DISC1 -DSTM32F4 -DSTM32 -DDEBUG -I"/Users/mateojarafabian/Desktop/enee440/MoT_messaging_demo/inc" -I"/Users/mateojarafabian/Desktop/enee440/MoT_messaging_demo/src" -O0 -g3 -Wall -fmessage-length=0 -ffunction-sections -c -MMD -MP -MF"src/myESP8266_runAtCmd01.d" -MT"src/myESP8266_runAtCmd01.o" -o "src/myESP8266_runAtCmd01.o" "../src/myESP8266_runAtCmd01.c"
../src/myESP8266_runAtCmd01.c: In function 'runAtcmd_status':
../src/myESP8266_runAtCmd01.c:113:22: warning: comparison between pointer and zero character constant [-Wpointer-compare]
  if( runAtCmd_cmdptr != '\0' ) //tx interrupt stops at end of command string
                      ^~
../src/myESP8266_runAtCmd01.c:113:6: note: did you mean to dereference the pointer?
  if( runAtCmd_cmdptr != '\0' ) //tx interrupt stops at end of command string
      ^
Finished building: ../src/myESP8266_runAtCmd01.c
 
Building file: ../src/mySetSysClk03.S
Invoking: MCU GCC Compiler
/Users/mateojarafabian/Desktop/enee440/MoT_messaging_demo/Debug
arm-none-eabi-gcc -mcpu=cortex-m4 -mthumb -mfloat-abi=hard -mfpu=fpv4-sp-d16 -DSTM32F429ZITx -DSTM32F429I_DISC1 -DSTM32F4 -DSTM32 -DDEBUG -I"/Users/mateojarafabian/Desktop/enee440/MoT_messaging_demo/inc" -I"/Users/mateojarafabian/Desktop/enee440/MoT_messaging_demo/src" -O0 -g3 -Wall -fmessage-length=0 -ffunction-sections -c -MMD -MP -MF"src/mySetSysClk03.d" -MT"src/mySetSysClk03.o" -o "src/mySetSysClk03.o" "../src/mySetSysClk03.S"
Finished building: ../src/mySetSysClk03.S
 
Building file: ../src/mySysTick_Handler_168MHz.S
Invoking: MCU GCC Compiler
/Users/mateojarafabian/Desktop/enee440/MoT_messaging_demo/Debug
arm-none-eabi-gcc -mcpu=cortex-m4 -mthumb -mfloat-abi=hard -mfpu=fpv4-sp-d16 -DSTM32F429ZITx -DSTM32F429I_DISC1 -DSTM32F4 -DSTM32 -DDEBUG -I"/Users/mateojarafabian/Desktop/enee440/MoT_messaging_demo/inc" -I"/Users/mateojarafabian/Desktop/enee440/MoT_messaging_demo/src" -O0 -g3 -Wall -fmessage-length=0 -ffunction-sections -c -MMD -MP -MF"src/mySysTick_Handler_168MHz.d" -MT"src/mySysTick_Handler_168MHz.o" -o "src/mySysTick_Handler_168MHz.o" "../src/mySysTick_Handler_168MHz.S"
Finished building: ../src/mySysTick_Handler_168MHz.S
 
Building file: ../src/mySystemInit.S
Invoking: MCU GCC Compiler
/Users/mateojarafabian/Desktop/enee440/MoT_messaging_demo/Debug
arm-none-eabi-gcc -mcpu=cortex-m4 -mthumb -mfloat-abi=hard -mfpu=fpv4-sp-d16 -DSTM32F429ZITx -DSTM32F429I_DISC1 -DSTM32F4 -DSTM32 -DDEBUG -I"/Users/mateojarafabian/Desktop/enee440/MoT_messaging_demo/inc" -I"/Users/mateojarafabian/Desktop/enee440/MoT_messaging_demo/src" -O0 -g3 -Wall -fmessage-length=0 -ffunction-sections -c -MMD -MP -MF"src/mySystemInit.d" -MT"src/mySystemInit.o" -o "src/mySystemInit.o" "../src/mySystemInit.S"
Finished building: ../src/mySystemInit.S
 
Building file: ../src/startup_stm32f429xx_02.S
Invoking: MCU GCC Compiler
/Users/mateojarafabian/Desktop/enee440/MoT_messaging_demo/Debug
arm-none-eabi-gcc -mcpu=cortex-m4 -mthumb -mfloat-abi=hard -mfpu=fpv4-sp-d16 -DSTM32F429ZITx -DSTM32F429I_DISC1 -DSTM32F4 -DSTM32 -DDEBUG -I"/Users/mateojarafabian/Desktop/enee440/MoT_messaging_demo/inc" -I"/Users/mateojarafabian/Desktop/enee440/MoT_messaging_demo/src" -O0 -g3 -Wall -fmessage-length=0 -ffunction-sections -c -MMD -MP -MF"src/startup_stm32f429xx_02.d" -MT"src/startup_stm32f429xx_02.o" -o "src/startup_stm32f429xx_02.o" "../src/startup_stm32f429xx_02.S"
Finished building: ../src/startup_stm32f429xx_02.S
 
Building file: ../src/stm32f429xx_168MHz_USART1_9600N81.S
Invoking: MCU GCC Compiler
/Users/mateojarafabian/Desktop/enee440/MoT_messaging_demo/Debug
arm-none-eabi-gcc -mcpu=cortex-m4 -mthumb -mfloat-abi=hard -mfpu=fpv4-sp-d16 -DSTM32F429ZITx -DSTM32F429I_DISC1 -DSTM32F4 -DSTM32 -DDEBUG -I"/Users/mateojarafabian/Desktop/enee440/MoT_messaging_demo/inc" -I"/Users/mateojarafabian/Desktop/enee440/MoT_messaging_demo/src" -O0 -g3 -Wall -fmessage-length=0 -ffunction-sections -c -MMD -MP -MF"src/stm32f429xx_168MHz_USART1_9600N81.d" -MT"src/stm32f429xx_168MHz_USART1_9600N81.o" -o "src/stm32f429xx_168MHz_USART1_9600N81.o" "../src/stm32f429xx_168MHz_USART1_9600N81.S"
Finished building: ../src/stm32f429xx_168MHz_USART1_9600N81.S
 
Building file: ../src/stm32f429xx_168MHz_USART3_115200N81.S
Invoking: MCU GCC Compiler
/Users/mateojarafabian/Desktop/enee440/MoT_messaging_demo/Debug
arm-none-eabi-gcc -mcpu=cortex-m4 -mthumb -mfloat-abi=hard -mfpu=fpv4-sp-d16 -DSTM32F429ZITx -DSTM32F429I_DISC1 -DSTM32F4 -DSTM32 -DDEBUG -I"/Users/mateojarafabian/Desktop/enee440/MoT_messaging_demo/inc" -I"/Users/mateojarafabian/Desktop/enee440/MoT_messaging_demo/src" -O0 -g3 -Wall -fmessage-length=0 -ffunction-sections -c -MMD -MP -MF"src/stm32f429xx_168MHz_USART3_115200N81.d" -MT"src/stm32f429xx_168MHz_USART3_115200N81.o" -o "src/stm32f429xx_168MHz_USART3_115200N81.o" "../src/stm32f429xx_168MHz_USART3_115200N81.S"
Finished building: ../src/stm32f429xx_168MHz_USART3_115200N81.S
 
Building file: ../src/tim2.S
Invoking: MCU GCC Compiler
/Users/mateojarafabian/Desktop/enee440/MoT_messaging_demo/Debug
arm-none-eabi-gcc -mcpu=cortex-m4 -mthumb -mfloat-abi=hard -mfpu=fpv4-sp-d16 -DSTM32F429ZITx -DSTM32F429I_DISC1 -DSTM32F4 -DSTM32 -DDEBUG -I"/Users/mateojarafabian/Desktop/enee440/MoT_messaging_demo/inc" -I"/Users/mateojarafabian/Desktop/enee440/MoT_messaging_demo/src" -O0 -g3 -Wall -fmessage-length=0 -ffunction-sections -c -MMD -MP -MF"src/tim2.d" -MT"src/tim2.o" -o "src/tim2.o" "../src/tim2.S"
Finished building: ../src/tim2.S
 
Building target: MoT_messaging_demo.elf
Invoking: MCU GCC Linker
arm-none-eabi-gcc -mcpu=cortex-m4 -mthumb -mfloat-abi=hard -mfpu=fpv4-sp-d16 -L"/Users/mateojarafabian/Desktop/enee440/MoT_messaging_demo/src" -T"/Users/mateojarafabian/Desktop/enee440/MoT_messaging_demo/LinkerScript.ld" -Wl,-Map=output.map -Wl,--gc-sections -o "MoT_messaging_demo.elf" @"objects.list"   -lm
/Users/mateojarafabian/opt/gcc-arm-none-eabi-8-2018-q4-major/bin/../lib/gcc/arm-none-eabi/8.2.1/../../../../arm-none-eabi/bin/ld: src/deviceRedLED04.o:/Users/mateojarafabian/Desktop/enee440/MoT_messaging_demo/Debug/../src/deviceRedLED04.c:57: multiple definition of `install_msg'; src/VoltageMoT.o:/Users/mateojarafabian/Desktop/enee440/MoT_messaging_demo/Debug/../src/VoltageMoT.c:55: first defined here
/Users/mateojarafabian/opt/gcc-arm-none-eabi-8-2018-q4-major/bin/../lib/gcc/arm-none-eabi/8.2.1/../../../../arm-none-eabi/bin/ld: src/deviceRedLED04.o:/Users/mateojarafabian/Desktop/enee440/MoT_messaging_demo/Debug/../src/deviceRedLED04.c:58: multiple definition of `update_msg'; src/VoltageMoT.o:/Users/mateojarafabian/Desktop/enee440/MoT_messaging_demo/Debug/../src/VoltageMoT.c:56: first defined here
/Users/mateojarafabian/opt/gcc-arm-none-eabi-8-2018-q4-major/bin/../lib/gcc/arm-none-eabi/8.2.1/../../../../arm-none-eabi/bin/ld: src/deviceRedLED04.o:/Users/mateojarafabian/Desktop/enee440/MoT_messaging_demo/Debug/../src/deviceRedLED04.c:59: multiple definition of `pause_msg'; src/VoltageMoT.o:/Users/mateojarafabian/Desktop/enee440/MoT_messaging_demo/Debug/../src/VoltageMoT.c:57: first defined here
/Users/mateojarafabian/opt/gcc-arm-none-eabi-8-2018-q4-major/bin/../lib/gcc/arm-none-eabi/8.2.1/../../../../arm-none-eabi/bin/ld: src/deviceRedLED04.o:/Users/mateojarafabian/Desktop/enee440/MoT_messaging_demo/Debug/../src/deviceRedLED04.c:60: multiple definition of `resume_msg'; src/VoltageMoT.o:/Users/mateojarafabian/Desktop/enee440/MoT_messaging_demo/Debug/../src/VoltageMoT.c:58: first defined here
/Users/mateojarafabian/opt/gcc-arm-none-eabi-8-2018-q4-major/bin/../lib/gcc/arm-none-eabi/8.2.1/../../../../arm-none-eabi/bin/ld: src/deviceRedLED04.o:/Users/mateojarafabian/Desktop/enee440/MoT_messaging_demo/Debug/../src/deviceRedLED04.c:61: multiple definition of `remove_msg'; src/VoltageMoT.o:/Users/mateojarafabian/Desktop/enee440/MoT_messaging_demo/Debug/../src/VoltageMoT.c:59: first defined here
/Users/mateojarafabian/opt/gcc-arm-none-eabi-8-2018-q4-major/bin/../lib/gcc/arm-none-eabi/8.2.1/../../../../arm-none-eabi/bin/ld: src/deviceRedLED04.o:/Users/mateojarafabian/Desktop/enee440/MoT_messaging_demo/Debug/../src/deviceRedLED04.c:62: multiple definition of `badrequest_msg'; src/VoltageMoT.o:/Users/mateojarafabian/Desktop/enee440/MoT_messaging_demo/Debug/../src/VoltageMoT.c:60: first defined here
/Users/mateojarafabian/opt/gcc-arm-none-eabi-8-2018-q4-major/bin/../lib/gcc/arm-none-eabi/8.2.1/../../../../arm-none-eabi/bin/ld: src/deviceRedLED04.o:/Users/mateojarafabian/Desktop/enee440/MoT_messaging_demo/Debug/../src/deviceRedLED04.c:64: multiple definition of `ON_msg'; src/VoltageMoT.o:/Users/mateojarafabian/Desktop/enee440/MoT_messaging_demo/Debug/../src/VoltageMoT.c:62: first defined here
/Users/mateojarafabian/opt/gcc-arm-none-eabi-8-2018-q4-major/bin/../lib/gcc/arm-none-eabi/8.2.1/../../../../arm-none-eabi/bin/ld: src/deviceRedLED04.o:/Users/mateojarafabian/Desktop/enee440/MoT_messaging_demo/Debug/../src/deviceRedLED04.c:65: multiple definition of `OFF_msg'; src/VoltageMoT.o:/Users/mateojarafabian/Desktop/enee440/MoT_messaging_demo/Debug/../src/VoltageMoT.c:63: first defined here
collect2: error: ld returned 1 exit status
make: *** [MoT_messaging_demo.elf] Error 1
19:46:21 **** Incremental Build of configuration Debug for project SysTick_USART1 ****
make all 
Building target: SysTick_USART1.elf
Invoking: MCU G++ Linker
arm-none-eabi-g++ -mcpu=cortex-m4 -mthumb -mfloat-abi=hard -mfpu=fpv4-sp-d16 -nostartfiles -nodefaultlibs -nostdlib -L"/Users/mateojarafabian/Desktop/enee440/SysTick_USART1/src" -T"/Users/mateojarafabian/Desktop/enee440/SysTick_USART1/src/STM32F429ZITx_FLASH.ld" -Wl,-Map=output.map -Wl,--gc-sections -fno-exceptions -fno-rtti -o "SysTick_USART1.elf" @"objects.list"  -lUSART1_AC6gcc_nodebug -lm
/Users/mateojarafabian/opt/gcc-arm-none-eabi-8-2018-q4-major/bin/../lib/gcc/arm-none-eabi/8.2.1/../../../../arm-none-eabi/bin/ld: src/stm32f767xx_TIM2_CH4_PWM_IRQ_demo01.o: in function `TIM2_IRQHandler':
/Users/mateojarafabian/Desktop/enee440/SysTick_USART1/Debug/../src/stm32f767xx_TIM2_CH4_PWM_IRQ_demo01.S:272: undefined reference to `ticks500'
collect2: error: ld returned 1 exit status
make: *** [SysTick_USART1.elf] Error 1
19:46:21 **** Incremental Build of configuration Debug for project SysTick_USART1_problem1 ****
make all 
make: Nothing to be done for `all'.
19:46:21 **** Incremental Build of configuration Debug for project SysTick_USART1_problem2 ****
make all 
make: Nothing to be done for `all'.
19:46:21 **** Incremental Build of configuration Debug for project SysTick_USART1_problem3 ****
make all 
make: Nothing to be done for `all'.
19:46:22 **** Incremental Build of configuration Debug for project SysTick_USART1_problem4 ****
make all 
make: Nothing to be done for `all'.
19:46:22 **** Incremental Build of configuration Debug for project SysTick_set_clock ****
make all 
make: Nothing to be done for `all'.
19:46:22 **** Incremental Build of configuration Debug for project blah ****
make all 
make: Nothing to be done for `all'.
19:46:22 **** Incremental Build of configuration Debug for project stringfunctions ****
make -j3 all 
make: Nothing to be done for `all'.
19:46:32 **** Incremental Build of configuration Debug for project ADC_Tim2 ****
make all 
make: Nothing to be done for `all'.
19:46:43 **** Incremental Build of configuration Debug for project MoT_messaging_demo ****
make all 
Building target: MoT_messaging_demo.elf
Invoking: MCU GCC Linker
arm-none-eabi-gcc -mcpu=cortex-m4 -mthumb -mfloat-abi=hard -mfpu=fpv4-sp-d16 -L"/Users/mateojarafabian/Desktop/enee440/MoT_messaging_demo/src" -T"/Users/mateojarafabian/Desktop/enee440/MoT_messaging_demo/LinkerScript.ld" -Wl,-Map=output.map -Wl,--gc-sections -o "MoT_messaging_demo.elf" @"objects.list"   -lm
/Users/mateojarafabian/opt/gcc-arm-none-eabi-8-2018-q4-major/bin/../lib/gcc/arm-none-eabi/8.2.1/../../../../arm-none-eabi/bin/ld: src/deviceRedLED04.o:/Users/mateojarafabian/Desktop/enee440/MoT_messaging_demo/Debug/../src/deviceRedLED04.c:57: multiple definition of `install_msg'; src/VoltageMoT.o:/Users/mateojarafabian/Desktop/enee440/MoT_messaging_demo/Debug/../src/VoltageMoT.c:55: first defined here
/Users/mateojarafabian/opt/gcc-arm-none-eabi-8-2018-q4-major/bin/../lib/gcc/arm-none-eabi/8.2.1/../../../../arm-none-eabi/bin/ld: src/deviceRedLED04.o:/Users/mateojarafabian/Desktop/enee440/MoT_messaging_demo/Debug/../src/deviceRedLED04.c:58: multiple definition of `update_msg'; src/VoltageMoT.o:/Users/mateojarafabian/Desktop/enee440/MoT_messaging_demo/Debug/../src/VoltageMoT.c:56: first defined here
/Users/mateojarafabian/opt/gcc-arm-none-eabi-8-2018-q4-major/bin/../lib/gcc/arm-none-eabi/8.2.1/../../../../arm-none-eabi/bin/ld: src/deviceRedLED04.o:/Users/mateojarafabian/Desktop/enee440/MoT_messaging_demo/Debug/../src/deviceRedLED04.c:59: multiple definition of `pause_msg'; src/VoltageMoT.o:/Users/mateojarafabian/Desktop/enee440/MoT_messaging_demo/Debug/../src/VoltageMoT.c:57: first defined here
/Users/mateojarafabian/opt/gcc-arm-none-eabi-8-2018-q4-major/bin/../lib/gcc/arm-none-eabi/8.2.1/../../../../arm-none-eabi/bin/ld: src/deviceRedLED04.o:/Users/mateojarafabian/Desktop/enee440/MoT_messaging_demo/Debug/../src/deviceRedLED04.c:60: multiple definition of `resume_msg'; src/VoltageMoT.o:/Users/mateojarafabian/Desktop/enee440/MoT_messaging_demo/Debug/../src/VoltageMoT.c:58: first defined here
/Users/mateojarafabian/opt/gcc-arm-none-eabi-8-2018-q4-major/bin/../lib/gcc/arm-none-eabi/8.2.1/../../../../arm-none-eabi/bin/ld: src/deviceRedLED04.o:/Users/mateojarafabian/Desktop/enee440/MoT_messaging_demo/Debug/../src/deviceRedLED04.c:61: multiple definition of `remove_msg'; src/VoltageMoT.o:/Users/mateojarafabian/Desktop/enee440/MoT_messaging_demo/Debug/../src/VoltageMoT.c:59: first defined here
/Users/mateojarafabian/opt/gcc-arm-none-eabi-8-2018-q4-major/bin/../lib/gcc/arm-none-eabi/8.2.1/../../../../arm-none-eabi/bin/ld: src/deviceRedLED04.o:/Users/mateojarafabian/Desktop/enee440/MoT_messaging_demo/Debug/../src/deviceRedLED04.c:62: multiple definition of `badrequest_msg'; src/VoltageMoT.o:/Users/mateojarafabian/Desktop/enee440/MoT_messaging_demo/Debug/../src/VoltageMoT.c:60: first defined here
/Users/mateojarafabian/opt/gcc-arm-none-eabi-8-2018-q4-major/bin/../lib/gcc/arm-none-eabi/8.2.1/../../../../arm-none-eabi/bin/ld: src/deviceRedLED04.o:/Users/mateojarafabian/Desktop/enee440/MoT_messaging_demo/Debug/../src/deviceRedLED04.c:64: multiple definition of `ON_msg'; src/VoltageMoT.o:/Users/mateojarafabian/Desktop/enee440/MoT_messaging_demo/Debug/../src/VoltageMoT.c:62: first defined here
/Users/mateojarafabian/opt/gcc-arm-none-eabi-8-2018-q4-major/bin/../lib/gcc/arm-none-eabi/8.2.1/../../../../arm-none-eabi/bin/ld: src/deviceRedLED04.o:/Users/mateojarafabian/Desktop/enee440/MoT_messaging_demo/Debug/../src/deviceRedLED04.c:65: multiple definition of `OFF_msg'; src/VoltageMoT.o:/Users/mateojarafabian/Desktop/enee440/MoT_messaging_demo/Debug/../src/VoltageMoT.c:63: first defined here
collect2: error: ld returned 1 exit status
make: *** [MoT_messaging_demo.elf] Error 1
19:47:55 **** Incremental Build of configuration Debug for project 03Blinky_STM32F429 ****
make all 
make: Nothing to be done for `all'.
19:47:55 **** Incremental Build of configuration Debug for project ADC_Tim2 ****
make all 
make: Nothing to be done for `all'.
19:47:55 **** Incremental Build of configuration Debug for project MoT_messaging_demo ****
make all 
Building file: ../src/VoltageMoT.c
Invoking: MCU GCC Compiler
/Users/mateojarafabian/Desktop/enee440/MoT_messaging_demo/Debug
arm-none-eabi-gcc -mcpu=cortex-m4 -mthumb -mfloat-abi=hard -mfpu=fpv4-sp-d16 -DSTM32F429ZITx -DSTM32F429I_DISC1 -DSTM32F4 -DSTM32 -DDEBUG -I"/Users/mateojarafabian/Desktop/enee440/MoT_messaging_demo/inc" -I"/Users/mateojarafabian/Desktop/enee440/MoT_messaging_demo/src" -O0 -g3 -Wall -fmessage-length=0 -ffunction-sections -c -MMD -MP -MF"src/VoltageMoT.d" -MT"src/VoltageMoT.o" -o "src/VoltageMoT.o" "../src/VoltageMoT.c"
../src/VoltageMoT.c: In function 'Voltage_reading':
../src/VoltageMoT.c:68:2: warning: implicit declaration of function 'setRedLED' [-Wimplicit-function-declaration]
  setRedLED(); //turn on LED TODO where?
  ^~~~~~~~~
../src/VoltageMoT.c: In function 'Voltage_install':
../src/VoltageMoT.c:97:2: warning: implicit declaration of function 'TIM2_init' [-Wimplicit-function-declaration]
  TIM2_init(999);
  ^~~~~~~~~
../src/VoltageMoT.c:100:2: warning: implicit declaration of function 'PC3_enable' [-Wimplicit-function-declaration]
  PC3_enable();
  ^~~~~~~~~~
../src/VoltageMoT.c:101:2: warning: implicit declaration of function 'myADC3_TIM2_PC3' [-Wimplicit-function-declaration]
  myADC3_TIM2_PC3();
  ^~~~~~~~~~~~~~~
At top level:
../src/VoltageMoT.c:45:3: warning: 'Voltcontrol' defined but not used [-Wunused-variable]
 } Voltcontrol;
   ^~~~~~~~~~~
Finished building: ../src/VoltageMoT.c
 
Building target: MoT_messaging_demo.elf
Invoking: MCU GCC Linker
arm-none-eabi-gcc -mcpu=cortex-m4 -mthumb -mfloat-abi=hard -mfpu=fpv4-sp-d16 -L"/Users/mateojarafabian/Desktop/enee440/MoT_messaging_demo/src" -T"/Users/mateojarafabian/Desktop/enee440/MoT_messaging_demo/LinkerScript.ld" -Wl,-Map=output.map -Wl,--gc-sections -o "MoT_messaging_demo.elf" @"objects.list"   -lm
/Users/mateojarafabian/opt/gcc-arm-none-eabi-8-2018-q4-major/bin/../lib/gcc/arm-none-eabi/8.2.1/../../../../arm-none-eabi/bin/ld: src/deviceRedLED04.o:/Users/mateojarafabian/Desktop/enee440/MoT_messaging_demo/Debug/../src/deviceRedLED04.c:57: multiple definition of `install_msg'; src/VoltageMoT.o:/Users/mateojarafabian/Desktop/enee440/MoT_messaging_demo/Debug/../src/VoltageMoT.c:48: first defined here
/Users/mateojarafabian/opt/gcc-arm-none-eabi-8-2018-q4-major/bin/../lib/gcc/arm-none-eabi/8.2.1/../../../../arm-none-eabi/bin/ld: src/deviceRedLED04.o:/Users/mateojarafabian/Desktop/enee440/MoT_messaging_demo/Debug/../src/deviceRedLED04.c:58: multiple definition of `update_msg'; src/VoltageMoT.o:/Users/mateojarafabian/Desktop/enee440/MoT_messaging_demo/Debug/../src/VoltageMoT.c:49: first defined here
/Users/mateojarafabian/opt/gcc-arm-none-eabi-8-2018-q4-major/bin/../lib/gcc/arm-none-eabi/8.2.1/../../../../arm-none-eabi/bin/ld: src/deviceRedLED04.o:/Users/mateojarafabian/Desktop/enee440/MoT_messaging_demo/Debug/../src/deviceRedLED04.c:59: multiple definition of `pause_msg'; src/VoltageMoT.o:/Users/mateojarafabian/Desktop/enee440/MoT_messaging_demo/Debug/../src/VoltageMoT.c:50: first defined here
/Users/mateojarafabian/opt/gcc-arm-none-eabi-8-2018-q4-major/bin/../lib/gcc/arm-none-eabi/8.2.1/../../../../arm-none-eabi/bin/ld: src/deviceRedLED04.o:/Users/mateojarafabian/Desktop/enee440/MoT_messaging_demo/Debug/../src/deviceRedLED04.c:60: multiple definition of `resume_msg'; src/VoltageMoT.o:/Users/mateojarafabian/Desktop/enee440/MoT_messaging_demo/Debug/../src/VoltageMoT.c:51: first defined here
/Users/mateojarafabian/opt/gcc-arm-none-eabi-8-2018-q4-major/bin/../lib/gcc/arm-none-eabi/8.2.1/../../../../arm-none-eabi/bin/ld: src/deviceRedLED04.o:/Users/mateojarafabian/Desktop/enee440/MoT_messaging_demo/Debug/../src/deviceRedLED04.c:61: multiple definition of `remove_msg'; src/VoltageMoT.o:/Users/mateojarafabian/Desktop/enee440/MoT_messaging_demo/Debug/../src/VoltageMoT.c:52: first defined here
/Users/mateojarafabian/opt/gcc-arm-none-eabi-8-2018-q4-major/bin/../lib/gcc/arm-none-eabi/8.2.1/../../../../arm-none-eabi/bin/ld: src/deviceRedLED04.o:/Users/mateojarafabian/Desktop/enee440/MoT_messaging_demo/Debug/../src/deviceRedLED04.c:62: multiple definition of `badrequest_msg'; src/VoltageMoT.o:/Users/mateojarafabian/Desktop/enee440/MoT_messaging_demo/Debug/../src/VoltageMoT.c:53: first defined here
/Users/mateojarafabian/opt/gcc-arm-none-eabi-8-2018-q4-major/bin/../lib/gcc/arm-none-eabi/8.2.1/../../../../arm-none-eabi/bin/ld: src/deviceRedLED04.o:/Users/mateojarafabian/Desktop/enee440/MoT_messaging_demo/Debug/../src/deviceRedLED04.c:64: multiple definition of `ON_msg'; src/VoltageMoT.o:/Users/mateojarafabian/Desktop/enee440/MoT_messaging_demo/Debug/../src/VoltageMoT.c:55: first defined here
/Users/mateojarafabian/opt/gcc-arm-none-eabi-8-2018-q4-major/bin/../lib/gcc/arm-none-eabi/8.2.1/../../../../arm-none-eabi/bin/ld: src/deviceRedLED04.o:/Users/mateojarafabian/Desktop/enee440/MoT_messaging_demo/Debug/../src/deviceRedLED04.c:65: multiple definition of `OFF_msg'; src/VoltageMoT.o:/Users/mateojarafabian/Desktop/enee440/MoT_messaging_demo/Debug/../src/VoltageMoT.c:56: first defined here
collect2: error: ld returned 1 exit status
make: *** [MoT_messaging_demo.elf] Error 1
19:47:56 **** Incremental Build of configuration Debug for project SysTick_USART1 ****
make all 
Building target: SysTick_USART1.elf
Invoking: MCU G++ Linker
arm-none-eabi-g++ -mcpu=cortex-m4 -mthumb -mfloat-abi=hard -mfpu=fpv4-sp-d16 -nostartfiles -nodefaultlibs -nostdlib -L"/Users/mateojarafabian/Desktop/enee440/SysTick_USART1/src" -T"/Users/mateojarafabian/Desktop/enee440/SysTick_USART1/src/STM32F429ZITx_FLASH.ld" -Wl,-Map=output.map -Wl,--gc-sections -fno-exceptions -fno-rtti -o "SysTick_USART1.elf" @"objects.list"  -lUSART1_AC6gcc_nodebug -lm
/Users/mateojarafabian/opt/gcc-arm-none-eabi-8-2018-q4-major/bin/../lib/gcc/arm-none-eabi/8.2.1/../../../../arm-none-eabi/bin/ld: src/stm32f767xx_TIM2_CH4_PWM_IRQ_demo01.o: in function `TIM2_IRQHandler':
/Users/mateojarafabian/Desktop/enee440/SysTick_USART1/Debug/../src/stm32f767xx_TIM2_CH4_PWM_IRQ_demo01.S:272: undefined reference to `ticks500'
collect2: error: ld returned 1 exit status
make: *** [SysTick_USART1.elf] Error 1
19:47:56 **** Incremental Build of configuration Debug for project SysTick_USART1_problem1 ****
make all 
make: Nothing to be done for `all'.
19:47:56 **** Incremental Build of configuration Debug for project SysTick_USART1_problem2 ****
make all 
make: Nothing to be done for `all'.
19:47:57 **** Incremental Build of configuration Debug for project SysTick_USART1_problem3 ****
make all 
make: Nothing to be done for `all'.
19:47:57 **** Incremental Build of configuration Debug for project SysTick_USART1_problem4 ****
make all 
make: Nothing to be done for `all'.
19:47:57 **** Incremental Build of configuration Debug for project SysTick_set_clock ****
make all 
make: Nothing to be done for `all'.
19:47:57 **** Incremental Build of configuration Debug for project blah ****
make all 
make: Nothing to be done for `all'.
19:47:57 **** Incremental Build of configuration Debug for project stringfunctions ****
make -j3 all 
make: Nothing to be done for `all'.
19:48:08 **** Incremental Build of configuration Debug for project MoT_messaging_demo ****
make all 
Building target: MoT_messaging_demo.elf
Invoking: MCU GCC Linker
arm-none-eabi-gcc -mcpu=cortex-m4 -mthumb -mfloat-abi=hard -mfpu=fpv4-sp-d16 -L"/Users/mateojarafabian/Desktop/enee440/MoT_messaging_demo/src" -T"/Users/mateojarafabian/Desktop/enee440/MoT_messaging_demo/LinkerScript.ld" -Wl,-Map=output.map -Wl,--gc-sections -o "MoT_messaging_demo.elf" @"objects.list"   -lm
/Users/mateojarafabian/opt/gcc-arm-none-eabi-8-2018-q4-major/bin/../lib/gcc/arm-none-eabi/8.2.1/../../../../arm-none-eabi/bin/ld: src/deviceRedLED04.o:/Users/mateojarafabian/Desktop/enee440/MoT_messaging_demo/Debug/../src/deviceRedLED04.c:57: multiple definition of `install_msg'; src/VoltageMoT.o:/Users/mateojarafabian/Desktop/enee440/MoT_messaging_demo/Debug/../src/VoltageMoT.c:48: first defined here
/Users/mateojarafabian/opt/gcc-arm-none-eabi-8-2018-q4-major/bin/../lib/gcc/arm-none-eabi/8.2.1/../../../../arm-none-eabi/bin/ld: src/deviceRedLED04.o:/Users/mateojarafabian/Desktop/enee440/MoT_messaging_demo/Debug/../src/deviceRedLED04.c:58: multiple definition of `update_msg'; src/VoltageMoT.o:/Users/mateojarafabian/Desktop/enee440/MoT_messaging_demo/Debug/../src/VoltageMoT.c:49: first defined here
/Users/mateojarafabian/opt/gcc-arm-none-eabi-8-2018-q4-major/bin/../lib/gcc/arm-none-eabi/8.2.1/../../../../arm-none-eabi/bin/ld: src/deviceRedLED04.o:/Users/mateojarafabian/Desktop/enee440/MoT_messaging_demo/Debug/../src/deviceRedLED04.c:59: multiple definition of `pause_msg'; src/VoltageMoT.o:/Users/mateojarafabian/Desktop/enee440/MoT_messaging_demo/Debug/../src/VoltageMoT.c:50: first defined here
/Users/mateojarafabian/opt/gcc-arm-none-eabi-8-2018-q4-major/bin/../lib/gcc/arm-none-eabi/8.2.1/../../../../arm-none-eabi/bin/ld: src/deviceRedLED04.o:/Users/mateojarafabian/Desktop/enee440/MoT_messaging_demo/Debug/../src/deviceRedLED04.c:60: multiple definition of `resume_msg'; src/VoltageMoT.o:/Users/mateojarafabian/Desktop/enee440/MoT_messaging_demo/Debug/../src/VoltageMoT.c:51: first defined here
/Users/mateojarafabian/opt/gcc-arm-none-eabi-8-2018-q4-major/bin/../lib/gcc/arm-none-eabi/8.2.1/../../../../arm-none-eabi/bin/ld: src/deviceRedLED04.o:/Users/mateojarafabian/Desktop/enee440/MoT_messaging_demo/Debug/../src/deviceRedLED04.c:61: multiple definition of `remove_msg'; src/VoltageMoT.o:/Users/mateojarafabian/Desktop/enee440/MoT_messaging_demo/Debug/../src/VoltageMoT.c:52: first defined here
/Users/mateojarafabian/opt/gcc-arm-none-eabi-8-2018-q4-major/bin/../lib/gcc/arm-none-eabi/8.2.1/../../../../arm-none-eabi/bin/ld: src/deviceRedLED04.o:/Users/mateojarafabian/Desktop/enee440/MoT_messaging_demo/Debug/../src/deviceRedLED04.c:62: multiple definition of `badrequest_msg'; src/VoltageMoT.o:/Users/mateojarafabian/Desktop/enee440/MoT_messaging_demo/Debug/../src/VoltageMoT.c:53: first defined here
/Users/mateojarafabian/opt/gcc-arm-none-eabi-8-2018-q4-major/bin/../lib/gcc/arm-none-eabi/8.2.1/../../../../arm-none-eabi/bin/ld: src/deviceRedLED04.o:/Users/mateojarafabian/Desktop/enee440/MoT_messaging_demo/Debug/../src/deviceRedLED04.c:64: multiple definition of `ON_msg'; src/VoltageMoT.o:/Users/mateojarafabian/Desktop/enee440/MoT_messaging_demo/Debug/../src/VoltageMoT.c:55: first defined here
/Users/mateojarafabian/opt/gcc-arm-none-eabi-8-2018-q4-major/bin/../lib/gcc/arm-none-eabi/8.2.1/../../../../arm-none-eabi/bin/ld: src/deviceRedLED04.o:/Users/mateojarafabian/Desktop/enee440/MoT_messaging_demo/Debug/../src/deviceRedLED04.c:65: multiple definition of `OFF_msg'; src/VoltageMoT.o:/Users/mateojarafabian/Desktop/enee440/MoT_messaging_demo/Debug/../src/VoltageMoT.c:56: first defined here
collect2: error: ld returned 1 exit status
make: *** [MoT_messaging_demo.elf] Error 1
19:48:21 **** Incremental Build of configuration Debug for project 03Blinky_STM32F429 ****
make all 
make: Nothing to be done for `all'.
19:48:21 **** Incremental Build of configuration Debug for project ADC_Tim2 ****
make all 
make: Nothing to be done for `all'.
19:48:21 **** Incremental Build of configuration Debug for project MoT_messaging_demo ****
make all 
Building target: MoT_messaging_demo.elf
Invoking: MCU GCC Linker
arm-none-eabi-gcc -mcpu=cortex-m4 -mthumb -mfloat-abi=hard -mfpu=fpv4-sp-d16 -L"/Users/mateojarafabian/Desktop/enee440/MoT_messaging_demo/src" -T"/Users/mateojarafabian/Desktop/enee440/MoT_messaging_demo/LinkerScript.ld" -Wl,-Map=output.map -Wl,--gc-sections -o "MoT_messaging_demo.elf" @"objects.list"   -lm
/Users/mateojarafabian/opt/gcc-arm-none-eabi-8-2018-q4-major/bin/../lib/gcc/arm-none-eabi/8.2.1/../../../../arm-none-eabi/bin/ld: src/deviceRedLED04.o:/Users/mateojarafabian/Desktop/enee440/MoT_messaging_demo/Debug/../src/deviceRedLED04.c:57: multiple definition of `install_msg'; src/VoltageMoT.o:/Users/mateojarafabian/Desktop/enee440/MoT_messaging_demo/Debug/../src/VoltageMoT.c:48: first defined here
/Users/mateojarafabian/opt/gcc-arm-none-eabi-8-2018-q4-major/bin/../lib/gcc/arm-none-eabi/8.2.1/../../../../arm-none-eabi/bin/ld: src/deviceRedLED04.o:/Users/mateojarafabian/Desktop/enee440/MoT_messaging_demo/Debug/../src/deviceRedLED04.c:58: multiple definition of `update_msg'; src/VoltageMoT.o:/Users/mateojarafabian/Desktop/enee440/MoT_messaging_demo/Debug/../src/VoltageMoT.c:49: first defined here
/Users/mateojarafabian/opt/gcc-arm-none-eabi-8-2018-q4-major/bin/../lib/gcc/arm-none-eabi/8.2.1/../../../../arm-none-eabi/bin/ld: src/deviceRedLED04.o:/Users/mateojarafabian/Desktop/enee440/MoT_messaging_demo/Debug/../src/deviceRedLED04.c:59: multiple definition of `pause_msg'; src/VoltageMoT.o:/Users/mateojarafabian/Desktop/enee440/MoT_messaging_demo/Debug/../src/VoltageMoT.c:50: first defined here
/Users/mateojarafabian/opt/gcc-arm-none-eabi-8-2018-q4-major/bin/../lib/gcc/arm-none-eabi/8.2.1/../../../../arm-none-eabi/bin/ld: src/deviceRedLED04.o:/Users/mateojarafabian/Desktop/enee440/MoT_messaging_demo/Debug/../src/deviceRedLED04.c:60: multiple definition of `resume_msg'; src/VoltageMoT.o:/Users/mateojarafabian/Desktop/enee440/MoT_messaging_demo/Debug/../src/VoltageMoT.c:51: first defined here
/Users/mateojarafabian/opt/gcc-arm-none-eabi-8-2018-q4-major/bin/../lib/gcc/arm-none-eabi/8.2.1/../../../../arm-none-eabi/bin/ld: src/deviceRedLED04.o:/Users/mateojarafabian/Desktop/enee440/MoT_messaging_demo/Debug/../src/deviceRedLED04.c:61: multiple definition of `remove_msg'; src/VoltageMoT.o:/Users/mateojarafabian/Desktop/enee440/MoT_messaging_demo/Debug/../src/VoltageMoT.c:52: first defined here
/Users/mateojarafabian/opt/gcc-arm-none-eabi-8-2018-q4-major/bin/../lib/gcc/arm-none-eabi/8.2.1/../../../../arm-none-eabi/bin/ld: src/deviceRedLED04.o:/Users/mateojarafabian/Desktop/enee440/MoT_messaging_demo/Debug/../src/deviceRedLED04.c:62: multiple definition of `badrequest_msg'; src/VoltageMoT.o:/Users/mateojarafabian/Desktop/enee440/MoT_messaging_demo/Debug/../src/VoltageMoT.c:53: first defined here
/Users/mateojarafabian/opt/gcc-arm-none-eabi-8-2018-q4-major/bin/../lib/gcc/arm-none-eabi/8.2.1/../../../../arm-none-eabi/bin/ld: src/deviceRedLED04.o:/Users/mateojarafabian/Desktop/enee440/MoT_messaging_demo/Debug/../src/deviceRedLED04.c:64: multiple definition of `ON_msg'; src/VoltageMoT.o:/Users/mateojarafabian/Desktop/enee440/MoT_messaging_demo/Debug/../src/VoltageMoT.c:55: first defined here
/Users/mateojarafabian/opt/gcc-arm-none-eabi-8-2018-q4-major/bin/../lib/gcc/arm-none-eabi/8.2.1/../../../../arm-none-eabi/bin/ld: src/deviceRedLED04.o:/Users/mateojarafabian/Desktop/enee440/MoT_messaging_demo/Debug/../src/deviceRedLED04.c:65: multiple definition of `OFF_msg'; src/VoltageMoT.o:/Users/mateojarafabian/Desktop/enee440/MoT_messaging_demo/Debug/../src/VoltageMoT.c:56: first defined here
collect2: error: ld returned 1 exit status
make: *** [MoT_messaging_demo.elf] Error 1
19:48:21 **** Incremental Build of configuration Debug for project SysTick_USART1 ****
make all 
Building target: SysTick_USART1.elf
Invoking: MCU G++ Linker
arm-none-eabi-g++ -mcpu=cortex-m4 -mthumb -mfloat-abi=hard -mfpu=fpv4-sp-d16 -nostartfiles -nodefaultlibs -nostdlib -L"/Users/mateojarafabian/Desktop/enee440/SysTick_USART1/src" -T"/Users/mateojarafabian/Desktop/enee440/SysTick_USART1/src/STM32F429ZITx_FLASH.ld" -Wl,-Map=output.map -Wl,--gc-sections -fno-exceptions -fno-rtti -o "SysTick_USART1.elf" @"objects.list"  -lUSART1_AC6gcc_nodebug -lm
/Users/mateojarafabian/opt/gcc-arm-none-eabi-8-2018-q4-major/bin/../lib/gcc/arm-none-eabi/8.2.1/../../../../arm-none-eabi/bin/ld: src/stm32f767xx_TIM2_CH4_PWM_IRQ_demo01.o: in function `TIM2_IRQHandler':
/Users/mateojarafabian/Desktop/enee440/SysTick_USART1/Debug/../src/stm32f767xx_TIM2_CH4_PWM_IRQ_demo01.S:272: undefined reference to `ticks500'
collect2: error: ld returned 1 exit status
make: *** [SysTick_USART1.elf] Error 1
19:48:22 **** Incremental Build of configuration Debug for project SysTick_USART1_problem1 ****
make all 
make: Nothing to be done for `all'.
19:48:22 **** Incremental Build of configuration Debug for project SysTick_USART1_problem2 ****
make all 
make: Nothing to be done for `all'.
19:48:22 **** Incremental Build of configuration Debug for project SysTick_USART1_problem3 ****
make all 
make: Nothing to be done for `all'.
19:48:22 **** Incremental Build of configuration Debug for project SysTick_USART1_problem4 ****
make all 
make: Nothing to be done for `all'.
19:48:22 **** Incremental Build of configuration Debug for project SysTick_set_clock ****
make all 
make: Nothing to be done for `all'.
19:48:23 **** Incremental Build of configuration Debug for project blah ****
make all 
make: Nothing to be done for `all'.
19:48:23 **** Incremental Build of configuration Debug for project stringfunctions ****
make -j3 all 
make: Nothing to be done for `all'.
19:50:27 **** Incremental Build of configuration Debug for project 03Blinky_STM32F429 ****
make all 
make: Nothing to be done for `all'.
19:50:27 **** Incremental Build of configuration Debug for project ADC_Tim2 ****
make all 
make: Nothing to be done for `all'.
19:50:27 **** Incremental Build of configuration Debug for project MoT_messaging_demo ****
make all 
Building file: ../src/VoltageMoT.c
Invoking: MCU GCC Compiler
/Users/mateojarafabian/Desktop/enee440/MoT_messaging_demo/Debug
arm-none-eabi-gcc -mcpu=cortex-m4 -mthumb -mfloat-abi=hard -mfpu=fpv4-sp-d16 -DSTM32F429ZITx -DSTM32F429I_DISC1 -DSTM32F4 -DSTM32 -DDEBUG -I"/Users/mateojarafabian/Desktop/enee440/MoT_messaging_demo/inc" -I"/Users/mateojarafabian/Desktop/enee440/MoT_messaging_demo/src" -O0 -g3 -Wall -fmessage-length=0 -ffunction-sections -c -MMD -MP -MF"src/VoltageMoT.d" -MT"src/VoltageMoT.o" -o "src/VoltageMoT.o" "../src/VoltageMoT.c"
../src/VoltageMoT.c: In function 'Voltage_reading':
../src/VoltageMoT.c:68:2: warning: implicit declaration of function 'setRedLED' [-Wimplicit-function-declaration]
  setRedLED(); //turn on LED TODO where?
  ^~~~~~~~~
../src/VoltageMoT.c: In function 'Voltage_install':
../src/VoltageMoT.c:97:2: warning: implicit declaration of function 'TIM2_init' [-Wimplicit-function-declaration]
  TIM2_init(999);
  ^~~~~~~~~
../src/VoltageMoT.c:100:2: warning: implicit declaration of function 'PC3_enable' [-Wimplicit-function-declaration]
  PC3_enable();
  ^~~~~~~~~~
../src/VoltageMoT.c:101:2: warning: implicit declaration of function 'myADC3_TIM2_PC3' [-Wimplicit-function-declaration]
  myADC3_TIM2_PC3();
  ^~~~~~~~~~~~~~~
../src/VoltageMoT.c:109:25: error: 'install_msg' undeclared (first use in this function); did you mean 'volt_install_msg'?
  post_Cdevicemsg(&myCTL,install_msg,CHARCOUNT(volt_install_msg));
                         ^~~~~~~~~~~
                         volt_install_msg
../src/VoltageMoT.c:109:25: note: each undeclared identifier is reported only once for each function it appears in
../src/VoltageMoT.c: In function 'Voltage':
../src/VoltageMoT.c:123:35: error: 'badrequest_msg' undeclared (first use in this function)
   default: post_Cdevicemsg(&myCTL,badrequest_msg,CHARCOUNT(badrequest_msg));
                                   ^~~~~~~~~~~~~~
At top level:
../src/VoltageMoT.c:45:3: warning: 'Voltcontrol' defined but not used [-Wunused-variable]
 } Voltcontrol;
   ^~~~~~~~~~~
make: *** [src/VoltageMoT.o] Error 1
19:50:27 **** Incremental Build of configuration Debug for project SysTick_USART1 ****
make all 
Building target: SysTick_USART1.elf
Invoking: MCU G++ Linker
arm-none-eabi-g++ -mcpu=cortex-m4 -mthumb -mfloat-abi=hard -mfpu=fpv4-sp-d16 -nostartfiles -nodefaultlibs -nostdlib -L"/Users/mateojarafabian/Desktop/enee440/SysTick_USART1/src" -T"/Users/mateojarafabian/Desktop/enee440/SysTick_USART1/src/STM32F429ZITx_FLASH.ld" -Wl,-Map=output.map -Wl,--gc-sections -fno-exceptions -fno-rtti -o "SysTick_USART1.elf" @"objects.list"  -lUSART1_AC6gcc_nodebug -lm
/Users/mateojarafabian/opt/gcc-arm-none-eabi-8-2018-q4-major/bin/../lib/gcc/arm-none-eabi/8.2.1/../../../../arm-none-eabi/bin/ld: src/stm32f767xx_TIM2_CH4_PWM_IRQ_demo01.o: in function `TIM2_IRQHandler':
/Users/mateojarafabian/Desktop/enee440/SysTick_USART1/Debug/../src/stm32f767xx_TIM2_CH4_PWM_IRQ_demo01.S:272: undefined reference to `ticks500'
collect2: error: ld returned 1 exit status
make: *** [SysTick_USART1.elf] Error 1
19:50:28 **** Incremental Build of configuration Debug for project SysTick_USART1_problem1 ****
make all 
make: Nothing to be done for `all'.
19:50:28 **** Incremental Build of configuration Debug for project SysTick_USART1_problem2 ****
make all 
make: Nothing to be done for `all'.
19:50:28 **** Incremental Build of configuration Debug for project SysTick_USART1_problem3 ****
make all 
make: Nothing to be done for `all'.
19:50:28 **** Incremental Build of configuration Debug for project SysTick_USART1_problem4 ****
make all 
make: Nothing to be done for `all'.
19:50:29 **** Incremental Build of configuration Debug for project SysTick_set_clock ****
make all 
make: Nothing to be done for `all'.
19:50:29 **** Incremental Build of configuration Debug for project blah ****
make all 
make: Nothing to be done for `all'.
19:50:29 **** Incremental Build of configuration Debug for project stringfunctions ****
make -j3 all 
make: Nothing to be done for `all'.
19:51:17 **** Incremental Build of configuration Debug for project 03Blinky_STM32F429 ****
make all 
make: Nothing to be done for `all'.
19:51:18 **** Incremental Build of configuration Debug for project ADC_Tim2 ****
make all 
make: Nothing to be done for `all'.
19:51:18 **** Incremental Build of configuration Debug for project MoT_messaging_demo ****
make all 
Building file: ../src/VoltageMoT.c
Invoking: MCU GCC Compiler
/Users/mateojarafabian/Desktop/enee440/MoT_messaging_demo/Debug
arm-none-eabi-gcc -mcpu=cortex-m4 -mthumb -mfloat-abi=hard -mfpu=fpv4-sp-d16 -DSTM32F429ZITx -DSTM32F429I_DISC1 -DSTM32F4 -DSTM32 -DDEBUG -I"/Users/mateojarafabian/Desktop/enee440/MoT_messaging_demo/inc" -I"/Users/mateojarafabian/Desktop/enee440/MoT_messaging_demo/src" -O0 -g3 -Wall -fmessage-length=0 -ffunction-sections -c -MMD -MP -MF"src/VoltageMoT.d" -MT"src/VoltageMoT.o" -o "src/VoltageMoT.o" "../src/VoltageMoT.c"
../src/VoltageMoT.c: In function 'Voltage_reading':
../src/VoltageMoT.c:68:2: warning: implicit declaration of function 'setRedLED' [-Wimplicit-function-declaration]
  setRedLED(); //turn on LED TODO where?
  ^~~~~~~~~
../src/VoltageMoT.c: In function 'Voltage_install':
../src/VoltageMoT.c:97:2: warning: implicit declaration of function 'TIM2_init' [-Wimplicit-function-declaration]
  TIM2_init(999);
  ^~~~~~~~~
../src/VoltageMoT.c:100:2: warning: implicit declaration of function 'PC3_enable' [-Wimplicit-function-declaration]
  PC3_enable();
  ^~~~~~~~~~
../src/VoltageMoT.c:101:2: warning: implicit declaration of function 'myADC3_TIM2_PC3' [-Wimplicit-function-declaration]
  myADC3_TIM2_PC3();
  ^~~~~~~~~~~~~~~
At top level:
../src/VoltageMoT.c:45:3: warning: 'Voltcontrol' defined but not used [-Wunused-variable]
 } Voltcontrol;
   ^~~~~~~~~~~
Finished building: ../src/VoltageMoT.c
 
Building target: MoT_messaging_demo.elf
Invoking: MCU GCC Linker
arm-none-eabi-gcc -mcpu=cortex-m4 -mthumb -mfloat-abi=hard -mfpu=fpv4-sp-d16 -L"/Users/mateojarafabian/Desktop/enee440/MoT_messaging_demo/src" -T"/Users/mateojarafabian/Desktop/enee440/MoT_messaging_demo/LinkerScript.ld" -Wl,-Map=output.map -Wl,--gc-sections -o "MoT_messaging_demo.elf" @"objects.list"   -lm
Finished building target: MoT_messaging_demo.elf
 
/Applications/Xcode.app/Contents/Developer/usr/bin/make --no-print-directory post-build
Generating binary and Printing size information:
arm-none-eabi-objcopy -O binary "MoT_messaging_demo.elf" "MoT_messaging_demo.bin"
arm-none-eabi-size "MoT_messaging_demo.elf"
   text	   data	    bss	    dec	    hex	filename
   5196	   1512	   3352	  10060	   274c	MoT_messaging_demo.elf
 
19:51:18 **** Incremental Build of configuration Debug for project SysTick_USART1 ****
make all 
Building target: SysTick_USART1.elf
Invoking: MCU G++ Linker
arm-none-eabi-g++ -mcpu=cortex-m4 -mthumb -mfloat-abi=hard -mfpu=fpv4-sp-d16 -nostartfiles -nodefaultlibs -nostdlib -L"/Users/mateojarafabian/Desktop/enee440/SysTick_USART1/src" -T"/Users/mateojarafabian/Desktop/enee440/SysTick_USART1/src/STM32F429ZITx_FLASH.ld" -Wl,-Map=output.map -Wl,--gc-sections -fno-exceptions -fno-rtti -o "SysTick_USART1.elf" @"objects.list"  -lUSART1_AC6gcc_nodebug -lm
/Users/mateojarafabian/opt/gcc-arm-none-eabi-8-2018-q4-major/bin/../lib/gcc/arm-none-eabi/8.2.1/../../../../arm-none-eabi/bin/ld: src/stm32f767xx_TIM2_CH4_PWM_IRQ_demo01.o: in function `TIM2_IRQHandler':
/Users/mateojarafabian/Desktop/enee440/SysTick_USART1/Debug/../src/stm32f767xx_TIM2_CH4_PWM_IRQ_demo01.S:272: undefined reference to `ticks500'
collect2: error: ld returned 1 exit status
make: *** [SysTick_USART1.elf] Error 1
19:51:19 **** Incremental Build of configuration Debug for project SysTick_USART1_problem1 ****
make all 
make: Nothing to be done for `all'.
19:51:19 **** Incremental Build of configuration Debug for project SysTick_USART1_problem2 ****
make all 
make: Nothing to be done for `all'.
19:51:19 **** Incremental Build of configuration Debug for project SysTick_USART1_problem3 ****
make all 
make: Nothing to be done for `all'.
19:51:19 **** Incremental Build of configuration Debug for project SysTick_USART1_problem4 ****
make all 
make: Nothing to be done for `all'.
19:51:20 **** Incremental Build of configuration Debug for project SysTick_set_clock ****
make all 
make: Nothing to be done for `all'.
19:51:20 **** Incremental Build of configuration Debug for project blah ****
make all 
make: Nothing to be done for `all'.
19:51:20 **** Incremental Build of configuration Debug for project stringfunctions ****
make -j3 all 
make: Nothing to be done for `all'.
19:51:30 **** Incremental Build of configuration Debug for project MoT_messaging_demo ****
make all 
make: Nothing to be done for `all'.
19:55:54 **** Incremental Build of configuration Debug for project MoT_messaging_demo ****
make all 
Building file: ../src/VoltageMoT.c
Invoking: MCU GCC Compiler
/Users/mateojarafabian/Desktop/enee440/MoT_messaging_demo/Debug
arm-none-eabi-gcc -mcpu=cortex-m4 -mthumb -mfloat-abi=hard -mfpu=fpv4-sp-d16 -DSTM32F429ZITx -DSTM32F429I_DISC1 -DSTM32F4 -DSTM32 -DDEBUG -I"/Users/mateojarafabian/Desktop/enee440/MoT_messaging_demo/inc" -I"/Users/mateojarafabian/Desktop/enee440/MoT_messaging_demo/src" -O0 -g3 -Wall -fmessage-length=0 -ffunction-sections -c -MMD -MP -MF"src/VoltageMoT.d" -MT"src/VoltageMoT.o" -o "src/VoltageMoT.o" "../src/VoltageMoT.c"
../src/VoltageMoT.c: In function 'Voltage_reading':
../src/VoltageMoT.c:69:2: warning: implicit declaration of function 'setRedLED' [-Wimplicit-function-declaration]
  setRedLED(); //turn on LED TODO where?
  ^~~~~~~~~
../src/VoltageMoT.c:84:3: warning: implicit declaration of function 'itoa' [-Wimplicit-function-declaration]
   itoa(check,volts,10);
   ^~~~
../src/VoltageMoT.c: In function 'Voltage_install':
../src/VoltageMoT.c:100:2: warning: implicit declaration of function 'TIM2_init' [-Wimplicit-function-declaration]
  TIM2_init(999);
  ^~~~~~~~~
../src/VoltageMoT.c:103:2: warning: implicit declaration of function 'PC3_enable' [-Wimplicit-function-declaration]
  PC3_enable();
  ^~~~~~~~~~
../src/VoltageMoT.c:104:2: warning: implicit declaration of function 'myADC3_TIM2_PC3' [-Wimplicit-function-declaration]
  myADC3_TIM2_PC3();
  ^~~~~~~~~~~~~~~
At top level:
../src/VoltageMoT.c:45:3: warning: 'Voltcontrol' defined but not used [-Wunused-variable]
 } Voltcontrol;
   ^~~~~~~~~~~
Finished building: ../src/VoltageMoT.c
 
Building target: MoT_messaging_demo.elf
Invoking: MCU GCC Linker
arm-none-eabi-gcc -mcpu=cortex-m4 -mthumb -mfloat-abi=hard -mfpu=fpv4-sp-d16 -L"/Users/mateojarafabian/Desktop/enee440/MoT_messaging_demo/src" -T"/Users/mateojarafabian/Desktop/enee440/MoT_messaging_demo/LinkerScript.ld" -Wl,-Map=output.map -Wl,--gc-sections -o "MoT_messaging_demo.elf" @"objects.list"   -lm
Finished building target: MoT_messaging_demo.elf
 
/Applications/Xcode.app/Contents/Developer/usr/bin/make --no-print-directory post-build
Generating binary and Printing size information:
arm-none-eabi-objcopy -O binary "MoT_messaging_demo.elf" "MoT_messaging_demo.bin"
arm-none-eabi-size "MoT_messaging_demo.elf"
   text	   data	    bss	    dec	    hex	filename
   5460	   1520	   3352	  10332	   285c	MoT_messaging_demo.elf
 
19:57:20 **** Incremental Build of configuration Debug for project MoT_messaging_demo ****
make all 
make: Nothing to be done for `all'.
19:59:01 **** Incremental Build of configuration Debug for project MoT_messaging_demo ****
make all 
make: Nothing to be done for `all'.
20:01:39 **** Incremental Build of configuration Debug for project MoT_messaging_demo ****
make all 
Building file: ../src/VoltageMoT.c
Invoking: MCU GCC Compiler
/Users/mateojarafabian/Desktop/enee440/MoT_messaging_demo/Debug
arm-none-eabi-gcc -mcpu=cortex-m4 -mthumb -mfloat-abi=hard -mfpu=fpv4-sp-d16 -DSTM32F429ZITx -DSTM32F429I_DISC1 -DSTM32F4 -DSTM32 -DDEBUG -I"/Users/mateojarafabian/Desktop/enee440/MoT_messaging_demo/inc" -I"/Users/mateojarafabian/Desktop/enee440/MoT_messaging_demo/src" -O0 -g3 -Wall -fmessage-length=0 -ffunction-sections -c -MMD -MP -MF"src/VoltageMoT.d" -MT"src/VoltageMoT.o" -o "src/VoltageMoT.o" "../src/VoltageMoT.c"
../src/VoltageMoT.c: In function 'Voltage_reading':
../src/VoltageMoT.c:69:2: warning: implicit declaration of function 'setRedLED' [-Wimplicit-function-declaration]
  setRedLED(); //turn on LED TODO where?
  ^~~~~~~~~
../src/VoltageMoT.c:84:3: warning: implicit declaration of function 'itoa' [-Wimplicit-function-declaration]
   itoa(check,volts,10);
   ^~~~
../src/VoltageMoT.c: In function 'Voltage_install':
../src/VoltageMoT.c:100:2: warning: implicit declaration of function 'TIM2_init' [-Wimplicit-function-declaration]
  TIM2_init(999);
  ^~~~~~~~~
../src/VoltageMoT.c:103:2: warning: implicit declaration of function 'PC3_enable' [-Wimplicit-function-declaration]
  PC3_enable();
  ^~~~~~~~~~
../src/VoltageMoT.c:104:2: warning: implicit declaration of function 'myADC3_TIM2_PC3' [-Wimplicit-function-declaration]
  myADC3_TIM2_PC3();
  ^~~~~~~~~~~~~~~
At top level:
../src/VoltageMoT.c:45:3: warning: 'Voltcontrol' defined but not used [-Wunused-variable]
 } Voltcontrol;
   ^~~~~~~~~~~
Finished building: ../src/VoltageMoT.c
 
Building target: MoT_messaging_demo.elf
Invoking: MCU GCC Linker
arm-none-eabi-gcc -mcpu=cortex-m4 -mthumb -mfloat-abi=hard -mfpu=fpv4-sp-d16 -L"/Users/mateojarafabian/Desktop/enee440/MoT_messaging_demo/src" -T"/Users/mateojarafabian/Desktop/enee440/MoT_messaging_demo/LinkerScript.ld" -Wl,-Map=output.map -Wl,--gc-sections -o "MoT_messaging_demo.elf" @"objects.list"   -lm
Finished building target: MoT_messaging_demo.elf
 
/Applications/Xcode.app/Contents/Developer/usr/bin/make --no-print-directory post-build
Generating binary and Printing size information:
arm-none-eabi-objcopy -O binary "MoT_messaging_demo.elf" "MoT_messaging_demo.bin"
arm-none-eabi-size "MoT_messaging_demo.elf"
   text	   data	    bss	    dec	    hex	filename
   5448	   1520	   3352	  10320	   2850	MoT_messaging_demo.elf
 
20:03:09 **** Incremental Build of configuration Debug for project MoT_messaging_demo ****
make all 
Building file: ../src/VoltageMoT.c
Invoking: MCU GCC Compiler
/Users/mateojarafabian/Desktop/enee440/MoT_messaging_demo/Debug
arm-none-eabi-gcc -mcpu=cortex-m4 -mthumb -mfloat-abi=hard -mfpu=fpv4-sp-d16 -DSTM32F429ZITx -DSTM32F429I_DISC1 -DSTM32F4 -DSTM32 -DDEBUG -I"/Users/mateojarafabian/Desktop/enee440/MoT_messaging_demo/inc" -I"/Users/mateojarafabian/Desktop/enee440/MoT_messaging_demo/src" -O0 -g3 -Wall -fmessage-length=0 -ffunction-sections -c -MMD -MP -MF"src/VoltageMoT.d" -MT"src/VoltageMoT.o" -o "src/VoltageMoT.o" "../src/VoltageMoT.c"
../src/VoltageMoT.c: In function 'Voltage_reading':
../src/VoltageMoT.c:69:2: warning: implicit declaration of function 'setRedLED' [-Wimplicit-function-declaration]
  setRedLED(); //turn on LED TODO where?
  ^~~~~~~~~
../src/VoltageMoT.c:84:3: warning: implicit declaration of function 'itoa' [-Wimplicit-function-declaration]
   itoa(check,volts,10);
   ^~~~
../src/VoltageMoT.c: In function 'Voltage_install':
../src/VoltageMoT.c:100:2: warning: implicit declaration of function 'TIM2_init' [-Wimplicit-function-declaration]
  TIM2_init(999);
  ^~~~~~~~~
../src/VoltageMoT.c:103:2: warning: implicit declaration of function 'PC3_enable' [-Wimplicit-function-declaration]
  PC3_enable();
  ^~~~~~~~~~
../src/VoltageMoT.c:104:2: warning: implicit declaration of function 'myADC3_TIM2_PC3' [-Wimplicit-function-declaration]
  myADC3_TIM2_PC3();
  ^~~~~~~~~~~~~~~
At top level:
../src/VoltageMoT.c:45:3: warning: 'Voltcontrol' defined but not used [-Wunused-variable]
 } Voltcontrol;
   ^~~~~~~~~~~
Finished building: ../src/VoltageMoT.c
 
Building target: MoT_messaging_demo.elf
Invoking: MCU GCC Linker
arm-none-eabi-gcc -mcpu=cortex-m4 -mthumb -mfloat-abi=hard -mfpu=fpv4-sp-d16 -L"/Users/mateojarafabian/Desktop/enee440/MoT_messaging_demo/src" -T"/Users/mateojarafabian/Desktop/enee440/MoT_messaging_demo/LinkerScript.ld" -Wl,-Map=output.map -Wl,--gc-sections -o "MoT_messaging_demo.elf" @"objects.list"   -lm
Finished building target: MoT_messaging_demo.elf
 
/Applications/Xcode.app/Contents/Developer/usr/bin/make --no-print-directory post-build
Generating binary and Printing size information:
arm-none-eabi-objcopy -O binary "MoT_messaging_demo.elf" "MoT_messaging_demo.bin"
arm-none-eabi-size "MoT_messaging_demo.elf"
   text	   data	    bss	    dec	    hex	filename
   5448	   1520	   3352	  10320	   2850	MoT_messaging_demo.elf
 
20:04:34 **** Incremental Build of configuration Debug for project MoT_messaging_demo ****
make all 
Building file: ../src/VoltageMoT.c
Invoking: MCU GCC Compiler
/Users/mateojarafabian/Desktop/enee440/MoT_messaging_demo/Debug
arm-none-eabi-gcc -mcpu=cortex-m4 -mthumb -mfloat-abi=hard -mfpu=fpv4-sp-d16 -DSTM32F429ZITx -DSTM32F429I_DISC1 -DSTM32F4 -DSTM32 -DDEBUG -I"/Users/mateojarafabian/Desktop/enee440/MoT_messaging_demo/inc" -I"/Users/mateojarafabian/Desktop/enee440/MoT_messaging_demo/src" -O0 -g3 -Wall -fmessage-length=0 -ffunction-sections -c -MMD -MP -MF"src/VoltageMoT.d" -MT"src/VoltageMoT.o" -o "src/VoltageMoT.o" "../src/VoltageMoT.c"
../src/VoltageMoT.c: In function 'Voltage_reading':
../src/VoltageMoT.c:69:2: warning: implicit declaration of function 'setRedLED' [-Wimplicit-function-declaration]
  setRedLED(); //turn on LED TODO where?
  ^~~~~~~~~
../src/VoltageMoT.c:84:3: warning: implicit declaration of function 'itoa' [-Wimplicit-function-declaration]
   itoa(check,volts,10);
   ^~~~
../src/VoltageMoT.c: In function 'Voltage_install':
../src/VoltageMoT.c:100:2: warning: implicit declaration of function 'TIM2_init' [-Wimplicit-function-declaration]
  TIM2_init(2000);
  ^~~~~~~~~
../src/VoltageMoT.c:103:2: warning: implicit declaration of function 'PC3_enable' [-Wimplicit-function-declaration]
  PC3_enable();
  ^~~~~~~~~~
../src/VoltageMoT.c:104:2: warning: implicit declaration of function 'myADC3_TIM2_PC3' [-Wimplicit-function-declaration]
  myADC3_TIM2_PC3();
  ^~~~~~~~~~~~~~~
At top level:
../src/VoltageMoT.c:45:3: warning: 'Voltcontrol' defined but not used [-Wunused-variable]
 } Voltcontrol;
   ^~~~~~~~~~~
Finished building: ../src/VoltageMoT.c
 
Building target: MoT_messaging_demo.elf
Invoking: MCU GCC Linker
arm-none-eabi-gcc -mcpu=cortex-m4 -mthumb -mfloat-abi=hard -mfpu=fpv4-sp-d16 -L"/Users/mateojarafabian/Desktop/enee440/MoT_messaging_demo/src" -T"/Users/mateojarafabian/Desktop/enee440/MoT_messaging_demo/LinkerScript.ld" -Wl,-Map=output.map -Wl,--gc-sections -o "MoT_messaging_demo.elf" @"objects.list"   -lm
Finished building target: MoT_messaging_demo.elf
 
/Applications/Xcode.app/Contents/Developer/usr/bin/make --no-print-directory post-build
Generating binary and Printing size information:
arm-none-eabi-objcopy -O binary "MoT_messaging_demo.elf" "MoT_messaging_demo.bin"
arm-none-eabi-size "MoT_messaging_demo.elf"
   text	   data	    bss	    dec	    hex	filename
   5448	   1520	   3352	  10320	   2850	MoT_messaging_demo.elf
 
20:07:13 **** Incremental Build of configuration Debug for project MoT_messaging_demo ****
make all 
Building file: ../src/VoltageMoT.c
Invoking: MCU GCC Compiler
/Users/mateojarafabian/Desktop/enee440/MoT_messaging_demo/Debug
arm-none-eabi-gcc -mcpu=cortex-m4 -mthumb -mfloat-abi=hard -mfpu=fpv4-sp-d16 -DSTM32F429ZITx -DSTM32F429I_DISC1 -DSTM32F4 -DSTM32 -DDEBUG -I"/Users/mateojarafabian/Desktop/enee440/MoT_messaging_demo/inc" -I"/Users/mateojarafabian/Desktop/enee440/MoT_messaging_demo/src" -O0 -g3 -Wall -fmessage-length=0 -ffunction-sections -c -MMD -MP -MF"src/VoltageMoT.d" -MT"src/VoltageMoT.o" -o "src/VoltageMoT.o" "../src/VoltageMoT.c"
../src/VoltageMoT.c: In function 'Voltage_reading':
../src/VoltageMoT.c:69:2: warning: implicit declaration of function 'setRedLED' [-Wimplicit-function-declaration]
  setRedLED(); //turn on LED TODO where?
  ^~~~~~~~~
../src/VoltageMoT.c:84:3: warning: implicit declaration of function 'itoa' [-Wimplicit-function-declaration]
   itoa(check,volts,16);
   ^~~~
../src/VoltageMoT.c: In function 'Voltage_install':
../src/VoltageMoT.c:100:2: warning: implicit declaration of function 'TIM2_init' [-Wimplicit-function-declaration]
  TIM2_init(999);
  ^~~~~~~~~
../src/VoltageMoT.c:103:2: warning: implicit declaration of function 'PC3_enable' [-Wimplicit-function-declaration]
  PC3_enable();
  ^~~~~~~~~~
../src/VoltageMoT.c:104:2: warning: implicit declaration of function 'myADC3_TIM2_PC3' [-Wimplicit-function-declaration]
  myADC3_TIM2_PC3();
  ^~~~~~~~~~~~~~~
At top level:
../src/VoltageMoT.c:45:3: warning: 'Voltcontrol' defined but not used [-Wunused-variable]
 } Voltcontrol;
   ^~~~~~~~~~~
Finished building: ../src/VoltageMoT.c
 
Building target: MoT_messaging_demo.elf
Invoking: MCU GCC Linker
arm-none-eabi-gcc -mcpu=cortex-m4 -mthumb -mfloat-abi=hard -mfpu=fpv4-sp-d16 -L"/Users/mateojarafabian/Desktop/enee440/MoT_messaging_demo/src" -T"/Users/mateojarafabian/Desktop/enee440/MoT_messaging_demo/LinkerScript.ld" -Wl,-Map=output.map -Wl,--gc-sections -o "MoT_messaging_demo.elf" @"objects.list"   -lm
Finished building target: MoT_messaging_demo.elf
 
/Applications/Xcode.app/Contents/Developer/usr/bin/make --no-print-directory post-build
Generating binary and Printing size information:
arm-none-eabi-objcopy -O binary "MoT_messaging_demo.elf" "MoT_messaging_demo.bin"
arm-none-eabi-size "MoT_messaging_demo.elf"
   text	   data	    bss	    dec	    hex	filename
   5448	   1520	   3352	  10320	   2850	MoT_messaging_demo.elf
 
20:11:10 **** Incremental Build of configuration Debug for project MoT_messaging_demo ****
make all 
Building file: ../src/VoltageMoT.c
Invoking: MCU GCC Compiler
/Users/mateojarafabian/Desktop/enee440/MoT_messaging_demo/Debug
arm-none-eabi-gcc -mcpu=cortex-m4 -mthumb -mfloat-abi=hard -mfpu=fpv4-sp-d16 -DSTM32F429ZITx -DSTM32F429I_DISC1 -DSTM32F4 -DSTM32 -DDEBUG -I"/Users/mateojarafabian/Desktop/enee440/MoT_messaging_demo/inc" -I"/Users/mateojarafabian/Desktop/enee440/MoT_messaging_demo/src" -O0 -g3 -Wall -fmessage-length=0 -ffunction-sections -c -MMD -MP -MF"src/VoltageMoT.d" -MT"src/VoltageMoT.o" -o "src/VoltageMoT.o" "../src/VoltageMoT.c"
../src/VoltageMoT.c: In function 'Voltage_reading':
../src/VoltageMoT.c:69:2: warning: implicit declaration of function 'setRedLED' [-Wimplicit-function-declaration]
  setRedLED(); //turn on LED TODO where?
  ^~~~~~~~~
../src/VoltageMoT.c:84:3: warning: implicit declaration of function 'itoa' [-Wimplicit-function-declaration]
   itoa(check,volts,16);
   ^~~~
../src/VoltageMoT.c: In function 'Voltage_install':
../src/VoltageMoT.c:100:2: warning: implicit declaration of function 'TIM2_init' [-Wimplicit-function-declaration]
  TIM2_init(999);
  ^~~~~~~~~
../src/VoltageMoT.c:103:2: warning: implicit declaration of function 'PC3_enable' [-Wimplicit-function-declaration]
  PC3_enable();
  ^~~~~~~~~~
../src/VoltageMoT.c:104:2: warning: implicit declaration of function 'myADC3_TIM2_PC3' [-Wimplicit-function-declaration]
  myADC3_TIM2_PC3();
  ^~~~~~~~~~~~~~~
At top level:
../src/VoltageMoT.c:45:3: warning: 'Voltcontrol' defined but not used [-Wunused-variable]
 } Voltcontrol;
   ^~~~~~~~~~~
Finished building: ../src/VoltageMoT.c
 
Building target: MoT_messaging_demo.elf
Invoking: MCU GCC Linker
arm-none-eabi-gcc -mcpu=cortex-m4 -mthumb -mfloat-abi=hard -mfpu=fpv4-sp-d16 -L"/Users/mateojarafabian/Desktop/enee440/MoT_messaging_demo/src" -T"/Users/mateojarafabian/Desktop/enee440/MoT_messaging_demo/LinkerScript.ld" -Wl,-Map=output.map -Wl,--gc-sections -o "MoT_messaging_demo.elf" @"objects.list"   -lm
Finished building target: MoT_messaging_demo.elf
 
/Applications/Xcode.app/Contents/Developer/usr/bin/make --no-print-directory post-build
Generating binary and Printing size information:
arm-none-eabi-objcopy -O binary "MoT_messaging_demo.elf" "MoT_messaging_demo.bin"
arm-none-eabi-size "MoT_messaging_demo.elf"
   text	   data	    bss	    dec	    hex	filename
   5448	   1520	   3360	  10328	   2858	MoT_messaging_demo.elf
 
20:13:52 **** Incremental Build of configuration Debug for project MoT_messaging_demo ****
make all 
Building file: ../src/VoltageMoT.c
Invoking: MCU GCC Compiler
/Users/mateojarafabian/Desktop/enee440/MoT_messaging_demo/Debug
arm-none-eabi-gcc -mcpu=cortex-m4 -mthumb -mfloat-abi=hard -mfpu=fpv4-sp-d16 -DSTM32F429ZITx -DSTM32F429I_DISC1 -DSTM32F4 -DSTM32 -DDEBUG -I"/Users/mateojarafabian/Desktop/enee440/MoT_messaging_demo/inc" -I"/Users/mateojarafabian/Desktop/enee440/MoT_messaging_demo/src" -O0 -g3 -Wall -fmessage-length=0 -ffunction-sections -c -MMD -MP -MF"src/VoltageMoT.d" -MT"src/VoltageMoT.o" -o "src/VoltageMoT.o" "../src/VoltageMoT.c"
../src/VoltageMoT.c: In function 'Voltage_reading':
../src/VoltageMoT.c:69:2: warning: implicit declaration of function 'setRedLED' [-Wimplicit-function-declaration]
  setRedLED(); //turn on LED TODO where?
  ^~~~~~~~~
../src/VoltageMoT.c:84:3: warning: implicit declaration of function 'itoa' [-Wimplicit-function-declaration]
   itoa(check,volts,10);
   ^~~~
../src/VoltageMoT.c: In function 'Voltage_install':
../src/VoltageMoT.c:100:2: warning: implicit declaration of function 'TIM2_init' [-Wimplicit-function-declaration]
  TIM2_init(999);
  ^~~~~~~~~
../src/VoltageMoT.c:103:2: warning: implicit declaration of function 'PC3_enable' [-Wimplicit-function-declaration]
  PC3_enable();
  ^~~~~~~~~~
../src/VoltageMoT.c:104:2: warning: implicit declaration of function 'myADC3_TIM2_PC3' [-Wimplicit-function-declaration]
  myADC3_TIM2_PC3();
  ^~~~~~~~~~~~~~~
At top level:
../src/VoltageMoT.c:45:3: warning: 'Voltcontrol' defined but not used [-Wunused-variable]
 } Voltcontrol;
   ^~~~~~~~~~~
Finished building: ../src/VoltageMoT.c
 
Building target: MoT_messaging_demo.elf
Invoking: MCU GCC Linker
arm-none-eabi-gcc -mcpu=cortex-m4 -mthumb -mfloat-abi=hard -mfpu=fpv4-sp-d16 -L"/Users/mateojarafabian/Desktop/enee440/MoT_messaging_demo/src" -T"/Users/mateojarafabian/Desktop/enee440/MoT_messaging_demo/LinkerScript.ld" -Wl,-Map=output.map -Wl,--gc-sections -o "MoT_messaging_demo.elf" @"objects.list"   -lm
Finished building target: MoT_messaging_demo.elf
 
/Applications/Xcode.app/Contents/Developer/usr/bin/make --no-print-directory post-build
Generating binary and Printing size information:
arm-none-eabi-objcopy -O binary "MoT_messaging_demo.elf" "MoT_messaging_demo.bin"
arm-none-eabi-size "MoT_messaging_demo.elf"
   text	   data	    bss	    dec	    hex	filename
   5448	   1520	   3360	  10328	   2858	MoT_messaging_demo.elf
 
20:17:19 **** Incremental Build of configuration Debug for project MoT_messaging_demo ****
make all 
Building file: ../src/VoltageMoT.c
Invoking: MCU GCC Compiler
/Users/mateojarafabian/Desktop/enee440/MoT_messaging_demo/Debug
arm-none-eabi-gcc -mcpu=cortex-m4 -mthumb -mfloat-abi=hard -mfpu=fpv4-sp-d16 -DSTM32F429ZITx -DSTM32F429I_DISC1 -DSTM32F4 -DSTM32 -DDEBUG -I"/Users/mateojarafabian/Desktop/enee440/MoT_messaging_demo/inc" -I"/Users/mateojarafabian/Desktop/enee440/MoT_messaging_demo/src" -O0 -g3 -Wall -fmessage-length=0 -ffunction-sections -c -MMD -MP -MF"src/VoltageMoT.d" -MT"src/VoltageMoT.o" -o "src/VoltageMoT.o" "../src/VoltageMoT.c"
../src/VoltageMoT.c: In function 'Voltage_reading':
../src/VoltageMoT.c:69:2: warning: implicit declaration of function 'setRedLED' [-Wimplicit-function-declaration]
  setRedLED(); //turn on LED TODO where?
  ^~~~~~~~~
../src/VoltageMoT.c:84:3: warning: implicit declaration of function 'itoa' [-Wimplicit-function-declaration]
   itoa(check,volts,10);
   ^~~~
../src/VoltageMoT.c: In function 'Voltage_install':
../src/VoltageMoT.c:100:2: warning: implicit declaration of function 'TIM2_init' [-Wimplicit-function-declaration]
  TIM2_init(999);
  ^~~~~~~~~
../src/VoltageMoT.c:103:2: warning: implicit declaration of function 'PC3_enable' [-Wimplicit-function-declaration]
  PC3_enable();
  ^~~~~~~~~~
../src/VoltageMoT.c:104:2: warning: implicit declaration of function 'myADC3_TIM2_PC3' [-Wimplicit-function-declaration]
  myADC3_TIM2_PC3();
  ^~~~~~~~~~~~~~~
At top level:
../src/VoltageMoT.c:45:3: warning: 'Voltcontrol' defined but not used [-Wunused-variable]
 } Voltcontrol;
   ^~~~~~~~~~~
Finished building: ../src/VoltageMoT.c
 
Building target: MoT_messaging_demo.elf
Invoking: MCU GCC Linker
arm-none-eabi-gcc -mcpu=cortex-m4 -mthumb -mfloat-abi=hard -mfpu=fpv4-sp-d16 -L"/Users/mateojarafabian/Desktop/enee440/MoT_messaging_demo/src" -T"/Users/mateojarafabian/Desktop/enee440/MoT_messaging_demo/LinkerScript.ld" -Wl,-Map=output.map -Wl,--gc-sections -o "MoT_messaging_demo.elf" @"objects.list"   -lm
Finished building target: MoT_messaging_demo.elf
 
/Applications/Xcode.app/Contents/Developer/usr/bin/make --no-print-directory post-build
Generating binary and Printing size information:
arm-none-eabi-objcopy -O binary "MoT_messaging_demo.elf" "MoT_messaging_demo.bin"
arm-none-eabi-size "MoT_messaging_demo.elf"
   text	   data	    bss	    dec	    hex	filename
   5448	   1520	   3360	  10328	   2858	MoT_messaging_demo.elf
 
20:18:30 **** Incremental Build of configuration Debug for project MoT_messaging_demo ****
make all 
Building file: ../src/VoltageMoT.c
Invoking: MCU GCC Compiler
/Users/mateojarafabian/Desktop/enee440/MoT_messaging_demo/Debug
arm-none-eabi-gcc -mcpu=cortex-m4 -mthumb -mfloat-abi=hard -mfpu=fpv4-sp-d16 -DSTM32F429ZITx -DSTM32F429I_DISC1 -DSTM32F4 -DSTM32 -DDEBUG -I"/Users/mateojarafabian/Desktop/enee440/MoT_messaging_demo/inc" -I"/Users/mateojarafabian/Desktop/enee440/MoT_messaging_demo/src" -O0 -g3 -Wall -fmessage-length=0 -ffunction-sections -c -MMD -MP -MF"src/VoltageMoT.d" -MT"src/VoltageMoT.o" -o "src/VoltageMoT.o" "../src/VoltageMoT.c"
../src/VoltageMoT.c: In function 'Voltage_reading':
../src/VoltageMoT.c:69:2: warning: implicit declaration of function 'setRedLED' [-Wimplicit-function-declaration]
  setRedLED(); //turn on LED TODO where?
  ^~~~~~~~~
../src/VoltageMoT.c:84:3: warning: implicit declaration of function 'itoa' [-Wimplicit-function-declaration]
   itoa(check,volts,10);
   ^~~~
../src/VoltageMoT.c: In function 'Voltage_install':
../src/VoltageMoT.c:100:2: warning: implicit declaration of function 'TIM2_init' [-Wimplicit-function-declaration]
  TIM2_init(999);
  ^~~~~~~~~
../src/VoltageMoT.c:103:2: warning: implicit declaration of function 'PC3_enable' [-Wimplicit-function-declaration]
  PC3_enable();
  ^~~~~~~~~~
../src/VoltageMoT.c:104:2: warning: implicit declaration of function 'myADC3_TIM2_PC3' [-Wimplicit-function-declaration]
  myADC3_TIM2_PC3();
  ^~~~~~~~~~~~~~~
At top level:
../src/VoltageMoT.c:45:3: warning: 'Voltcontrol' defined but not used [-Wunused-variable]
 } Voltcontrol;
   ^~~~~~~~~~~
Finished building: ../src/VoltageMoT.c
 
Building target: MoT_messaging_demo.elf
Invoking: MCU GCC Linker
arm-none-eabi-gcc -mcpu=cortex-m4 -mthumb -mfloat-abi=hard -mfpu=fpv4-sp-d16 -L"/Users/mateojarafabian/Desktop/enee440/MoT_messaging_demo/src" -T"/Users/mateojarafabian/Desktop/enee440/MoT_messaging_demo/LinkerScript.ld" -Wl,-Map=output.map -Wl,--gc-sections -o "MoT_messaging_demo.elf" @"objects.list"   -lm
Finished building target: MoT_messaging_demo.elf
 
/Applications/Xcode.app/Contents/Developer/usr/bin/make --no-print-directory post-build
Generating binary and Printing size information:
arm-none-eabi-objcopy -O binary "MoT_messaging_demo.elf" "MoT_messaging_demo.bin"
arm-none-eabi-size "MoT_messaging_demo.elf"
   text	   data	    bss	    dec	    hex	filename
   5460	   1520	   3360	  10340	   2864	MoT_messaging_demo.elf
 
20:22:23 **** Incremental Build of configuration Debug for project MoT_messaging_demo ****
make all 
Building file: ../src/VoltageMoT.c
Invoking: MCU GCC Compiler
/Users/mateojarafabian/Desktop/enee440/MoT_messaging_demo/Debug
arm-none-eabi-gcc -mcpu=cortex-m4 -mthumb -mfloat-abi=hard -mfpu=fpv4-sp-d16 -DSTM32F429ZITx -DSTM32F429I_DISC1 -DSTM32F4 -DSTM32 -DDEBUG -I"/Users/mateojarafabian/Desktop/enee440/MoT_messaging_demo/inc" -I"/Users/mateojarafabian/Desktop/enee440/MoT_messaging_demo/src" -O0 -g3 -Wall -fmessage-length=0 -ffunction-sections -c -MMD -MP -MF"src/VoltageMoT.d" -MT"src/VoltageMoT.o" -o "src/VoltageMoT.o" "../src/VoltageMoT.c"
../src/VoltageMoT.c: In function 'Voltage_reading':
../src/VoltageMoT.c:69:2: warning: implicit declaration of function 'setRedLED' [-Wimplicit-function-declaration]
  setRedLED(); //turn on LED TODO where?
  ^~~~~~~~~
../src/VoltageMoT.c:84:3: warning: implicit declaration of function 'itoa' [-Wimplicit-function-declaration]
   itoa(check,volts,10);
   ^~~~
../src/VoltageMoT.c: In function 'Voltage_install':
../src/VoltageMoT.c:100:2: warning: implicit declaration of function 'TIM2_init' [-Wimplicit-function-declaration]
  TIM2_init(999);
  ^~~~~~~~~
../src/VoltageMoT.c:103:2: warning: implicit declaration of function 'PC3_enable' [-Wimplicit-function-declaration]
  PC3_enable();
  ^~~~~~~~~~
../src/VoltageMoT.c:104:2: warning: implicit declaration of function 'myADC3_TIM2_PC3' [-Wimplicit-function-declaration]
  myADC3_TIM2_PC3();
  ^~~~~~~~~~~~~~~
At top level:
../src/VoltageMoT.c:45:3: warning: 'Voltcontrol' defined but not used [-Wunused-variable]
 } Voltcontrol;
   ^~~~~~~~~~~
Finished building: ../src/VoltageMoT.c
 
Building target: MoT_messaging_demo.elf
Invoking: MCU GCC Linker
arm-none-eabi-gcc -mcpu=cortex-m4 -mthumb -mfloat-abi=hard -mfpu=fpv4-sp-d16 -L"/Users/mateojarafabian/Desktop/enee440/MoT_messaging_demo/src" -T"/Users/mateojarafabian/Desktop/enee440/MoT_messaging_demo/LinkerScript.ld" -Wl,-Map=output.map -Wl,--gc-sections -o "MoT_messaging_demo.elf" @"objects.list"   -lm
Finished building target: MoT_messaging_demo.elf
 
/Applications/Xcode.app/Contents/Developer/usr/bin/make --no-print-directory post-build
Generating binary and Printing size information:
arm-none-eabi-objcopy -O binary "MoT_messaging_demo.elf" "MoT_messaging_demo.bin"
arm-none-eabi-size "MoT_messaging_demo.elf"
   text	   data	    bss	    dec	    hex	filename
   5452	   1520	   3360	  10332	   285c	MoT_messaging_demo.elf
 
20:23:45 **** Incremental Build of configuration Debug for project MoT_messaging_demo ****
make all 
Building file: ../src/VoltageMoT.c
Invoking: MCU GCC Compiler
/Users/mateojarafabian/Desktop/enee440/MoT_messaging_demo/Debug
arm-none-eabi-gcc -mcpu=cortex-m4 -mthumb -mfloat-abi=hard -mfpu=fpv4-sp-d16 -DSTM32F429ZITx -DSTM32F429I_DISC1 -DSTM32F4 -DSTM32 -DDEBUG -I"/Users/mateojarafabian/Desktop/enee440/MoT_messaging_demo/inc" -I"/Users/mateojarafabian/Desktop/enee440/MoT_messaging_demo/src" -O0 -g3 -Wall -fmessage-length=0 -ffunction-sections -c -MMD -MP -MF"src/VoltageMoT.d" -MT"src/VoltageMoT.o" -o "src/VoltageMoT.o" "../src/VoltageMoT.c"
../src/VoltageMoT.c: In function 'Voltage_reading':
../src/VoltageMoT.c:69:2: warning: implicit declaration of function 'setRedLED' [-Wimplicit-function-declaration]
  setRedLED(); //turn on LED TODO where?
  ^~~~~~~~~
../src/VoltageMoT.c:84:3: warning: implicit declaration of function 'itoa' [-Wimplicit-function-declaration]
   itoa(check,volts,10);
   ^~~~
../src/VoltageMoT.c: In function 'Voltage_install':
../src/VoltageMoT.c:100:2: warning: implicit declaration of function 'TIM2_init' [-Wimplicit-function-declaration]
  TIM2_init(999);
  ^~~~~~~~~
../src/VoltageMoT.c:103:2: warning: implicit declaration of function 'PC3_enable' [-Wimplicit-function-declaration]
  PC3_enable();
  ^~~~~~~~~~
../src/VoltageMoT.c:104:2: warning: implicit declaration of function 'myADC3_TIM2_PC3' [-Wimplicit-function-declaration]
  myADC3_TIM2_PC3();
  ^~~~~~~~~~~~~~~
At top level:
../src/VoltageMoT.c:45:3: warning: 'Voltcontrol' defined but not used [-Wunused-variable]
 } Voltcontrol;
   ^~~~~~~~~~~
Finished building: ../src/VoltageMoT.c
 
Building target: MoT_messaging_demo.elf
Invoking: MCU GCC Linker
arm-none-eabi-gcc -mcpu=cortex-m4 -mthumb -mfloat-abi=hard -mfpu=fpv4-sp-d16 -L"/Users/mateojarafabian/Desktop/enee440/MoT_messaging_demo/src" -T"/Users/mateojarafabian/Desktop/enee440/MoT_messaging_demo/LinkerScript.ld" -Wl,-Map=output.map -Wl,--gc-sections -o "MoT_messaging_demo.elf" @"objects.list"   -lm
Finished building target: MoT_messaging_demo.elf
 
/Applications/Xcode.app/Contents/Developer/usr/bin/make --no-print-directory post-build
Generating binary and Printing size information:
arm-none-eabi-objcopy -O binary "MoT_messaging_demo.elf" "MoT_messaging_demo.bin"
arm-none-eabi-size "MoT_messaging_demo.elf"
   text	   data	    bss	    dec	    hex	filename
   5476	   1520	   3360	  10356	   2874	MoT_messaging_demo.elf
 
13:40:23 **** Incremental Build of configuration Debug for project MoT_messaging_demo ****
make all 
Building file: ../src/ADC.S
Invoking: MCU GCC Compiler
/Users/mateojarafabian/Desktop/enee440/MoT_messaging_demo/Debug
arm-none-eabi-gcc -mcpu=cortex-m4 -mthumb -mfloat-abi=hard -mfpu=fpv4-sp-d16 -DSTM32F429ZITx -DSTM32F429I_DISC1 -DSTM32F4 -DSTM32 -DDEBUG -I"/Users/mateojarafabian/Desktop/enee440/MoT_messaging_demo/inc" -I"/Users/mateojarafabian/Desktop/enee440/MoT_messaging_demo/src" -O0 -g3 -Wall -fmessage-length=0 -ffunction-sections -c -MMD -MP -MF"src/ADC.d" -MT"src/ADC.o" -o "src/ADC.o" "../src/ADC.S"
Finished building: ../src/ADC.S
 
Building file: ../src/VoltageMoT.c
Invoking: MCU GCC Compiler
/Users/mateojarafabian/Desktop/enee440/MoT_messaging_demo/Debug
arm-none-eabi-gcc -mcpu=cortex-m4 -mthumb -mfloat-abi=hard -mfpu=fpv4-sp-d16 -DSTM32F429ZITx -DSTM32F429I_DISC1 -DSTM32F4 -DSTM32 -DDEBUG -I"/Users/mateojarafabian/Desktop/enee440/MoT_messaging_demo/inc" -I"/Users/mateojarafabian/Desktop/enee440/MoT_messaging_demo/src" -O0 -g3 -Wall -fmessage-length=0 -ffunction-sections -c -MMD -MP -MF"src/VoltageMoT.d" -MT"src/VoltageMoT.o" -o "src/VoltageMoT.o" "../src/VoltageMoT.c"
../src/VoltageMoT.c: In function 'Voltage_reading':
../src/VoltageMoT.c:72:2: warning: implicit declaration of function 'setRedLED' [-Wimplicit-function-declaration]
  setRedLED(); //turn on LED TODO where?
  ^~~~~~~~~
../src/VoltageMoT.c:87:3: warning: implicit declaration of function 'itoa' [-Wimplicit-function-declaration]
   itoa(check,volts,10);
   ^~~~
../src/VoltageMoT.c: In function 'Voltage_install':
../src/VoltageMoT.c:103:2: warning: implicit declaration of function 'TIM2_init' [-Wimplicit-function-declaration]
  TIM2_init(999);
  ^~~~~~~~~
../src/VoltageMoT.c:106:2: warning: implicit declaration of function 'PC3_enable' [-Wimplicit-function-declaration]
  PC3_enable();
  ^~~~~~~~~~
../src/VoltageMoT.c:107:2: warning: implicit declaration of function 'myADC3_TIM2_PC3' [-Wimplicit-function-declaration]
  myADC3_TIM2_PC3();
  ^~~~~~~~~~~~~~~
At top level:
../src/VoltageMoT.c:48:3: warning: 'Voltcontrol' defined but not used [-Wunused-variable]
 } Voltcontrol;
   ^~~~~~~~~~~
Finished building: ../src/VoltageMoT.c
 
Building target: MoT_messaging_demo.elf
Invoking: MCU GCC Linker
arm-none-eabi-gcc -mcpu=cortex-m4 -mthumb -mfloat-abi=hard -mfpu=fpv4-sp-d16 -L"/Users/mateojarafabian/Desktop/enee440/MoT_messaging_demo/src" -T"/Users/mateojarafabian/Desktop/enee440/MoT_messaging_demo/LinkerScript.ld" -Wl,-Map=output.map -Wl,--gc-sections -o "MoT_messaging_demo.elf" @"objects.list"   -lm
Finished building target: MoT_messaging_demo.elf
 
/Applications/Xcode.app/Contents/Developer/usr/bin/make --no-print-directory post-build
Generating binary and Printing size information:
arm-none-eabi-objcopy -O binary "MoT_messaging_demo.elf" "MoT_messaging_demo.bin"
arm-none-eabi-size "MoT_messaging_demo.elf"
   text	   data	    bss	    dec	    hex	filename
[...]
make all 
Building file: ../src/VoltageMoT.c
Invoking: MCU GCC Compiler
/Users/mateojarafabian/Desktop/enee440/MoT_messaging_demo/Debug
arm-none-eabi-gcc -mcpu=cortex-m4 -mthumb -mfloat-abi=hard -mfpu=fpv4-sp-d16 -DSTM32F429ZITx -DSTM32F429I_DISC1 -DSTM32F4 -DSTM32 -DDEBUG -I"/Users/mateojarafabian/Desktop/enee440/MoT_messaging_demo/inc" -I"/Users/mateojarafabian/Desktop/enee440/MoT_messaging_demo/src" -O0 -g3 -Wall -fmessage-length=0 -ffunction-sections -c -MMD -MP -MF"src/VoltageMoT.d" -MT"src/VoltageMoT.o" -o "src/VoltageMoT.o" "../src/VoltageMoT.c"
../src/VoltageMoT.c: In function 'Voltage_reading':
../src/VoltageMoT.c:84:2: warning: implicit declaration of function 'setRedLED' [-Wimplicit-function-declaration]
  setRedLED(); //turn on LED TODO where?
  ^~~~~~~~~
../src/VoltageMoT.c:103:6: warning: implicit declaration of function 'itoa' [-Wimplicit-function-declaration]
      itoa(check,volts,10);
      ^~~~
../src/VoltageMoT.c: In function 'Voltage_install':
../src/VoltageMoT.c:142:2: warning: implicit declaration of function 'TIM2_init' [-Wimplicit-function-declaration]
  TIM2_init(999);
  ^~~~~~~~~
../src/VoltageMoT.c:143:2: warning: implicit declaration of function 'PC3_enable' [-Wimplicit-function-declaration]
  PC3_enable();
  ^~~~~~~~~~
../src/VoltageMoT.c:144:2: warning: implicit declaration of function 'myADC3_TIM2_PC3' [-Wimplicit-function-declaration]
  myADC3_TIM2_PC3();
  ^~~~~~~~~~~~~~~
../src/VoltageMoT.c: In function 'voltage_remove':
../src/VoltageMoT.c:164:2: warning: implicit declaration of function 'TIM2_disable' [-Wimplicit-function-declaration]
  TIM2_disable();
  ^~~~~~~~~~~~
../src/VoltageMoT.c:165:2: warning: implicit declaration of function 'resetRedLED' [-Wimplicit-function-declaration]
  resetRedLED();
  ^~~~~~~~~~~
Finished building: ../src/VoltageMoT.c
 
Building target: MoT_messaging_demo.elf
Invoking: MCU GCC Linker
arm-none-eabi-gcc -mcpu=cortex-m4 -mthumb -mfloat-abi=hard -mfpu=fpv4-sp-d16 -L"/Users/mateojarafabian/Desktop/enee440/MoT_messaging_demo/src" -T"/Users/mateojarafabian/Desktop/enee440/MoT_messaging_demo/LinkerScript.ld" -Wl,-Map=output.map -Wl,--gc-sections -o "MoT_messaging_demo.elf" @"objects.list"   -lm
Finished building target: MoT_messaging_demo.elf
 
/Applications/Xcode.app/Contents/Developer/usr/bin/make --no-print-directory post-build
Generating binary and Printing size information:
arm-none-eabi-objcopy -O binary "MoT_messaging_demo.elf" "MoT_messaging_demo.bin"
arm-none-eabi-size "MoT_messaging_demo.elf"
   text	   data	    bss	    dec	    hex	filename
   8576	   2072	   3480	  14128	   3730	MoT_messaging_demo.elf
 
22:40:49 **** Incremental Build of configuration Debug for project MoT_messaging_demo ****
make all 
Building file: ../src/VoltageMoT.c
Invoking: MCU GCC Compiler
/Users/mateojarafabian/Desktop/enee440/MoT_messaging_demo/Debug
arm-none-eabi-gcc -mcpu=cortex-m4 -mthumb -mfloat-abi=hard -mfpu=fpv4-sp-d16 -DSTM32F429ZITx -DSTM32F429I_DISC1 -DSTM32F4 -DSTM32 -DDEBUG -I"/Users/mateojarafabian/Desktop/enee440/MoT_messaging_demo/inc" -I"/Users/mateojarafabian/Desktop/enee440/MoT_messaging_demo/src" -O0 -g3 -Wall -fmessage-length=0 -ffunction-sections -c -MMD -MP -MF"src/VoltageMoT.d" -MT"src/VoltageMoT.o" -o "src/VoltageMoT.o" "../src/VoltageMoT.c"
../src/VoltageMoT.c: In function 'Voltage_reading':
../src/VoltageMoT.c:84:2: warning: implicit declaration of function 'setRedLED' [-Wimplicit-function-declaration]
  setRedLED(); //turn on LED TODO where?
  ^~~~~~~~~
../src/VoltageMoT.c:103:6: warning: implicit declaration of function 'itoa' [-Wimplicit-function-declaration]
      itoa(check,volts,10);
      ^~~~
../src/VoltageMoT.c: In function 'Voltage_install':
../src/VoltageMoT.c:142:2: warning: implicit declaration of function 'TIM2_init' [-Wimplicit-function-declaration]
  TIM2_init(999);
  ^~~~~~~~~
../src/VoltageMoT.c:143:2: warning: implicit declaration of function 'PC3_enable' [-Wimplicit-function-declaration]
  PC3_enable();
  ^~~~~~~~~~
../src/VoltageMoT.c:144:2: warning: implicit declaration of function 'myADC3_TIM2_PC3' [-Wimplicit-function-declaration]
  myADC3_TIM2_PC3();
  ^~~~~~~~~~~~~~~
../src/VoltageMoT.c: In function 'voltage_remove':
../src/VoltageMoT.c:164:2: warning: implicit declaration of function 'TIM2_disable' [-Wimplicit-function-declaration]
  TIM2_disable();
  ^~~~~~~~~~~~
../src/VoltageMoT.c:165:2: warning: implicit declaration of function 'resetRedLED' [-Wimplicit-function-declaration]
  resetRedLED();
  ^~~~~~~~~~~
Finished building: ../src/VoltageMoT.c
 
Building target: MoT_messaging_demo.elf
Invoking: MCU GCC Linker
arm-none-eabi-gcc -mcpu=cortex-m4 -mthumb -mfloat-abi=hard -mfpu=fpv4-sp-d16 -L"/Users/mateojarafabian/Desktop/enee440/MoT_messaging_demo/src" -T"/Users/mateojarafabian/Desktop/enee440/MoT_messaging_demo/LinkerScript.ld" -Wl,-Map=output.map -Wl,--gc-sections -o "MoT_messaging_demo.elf" @"objects.list"   -lm
Finished building target: MoT_messaging_demo.elf
 
/Applications/Xcode.app/Contents/Developer/usr/bin/make --no-print-directory post-build
Generating binary and Printing size information:
arm-none-eabi-objcopy -O binary "MoT_messaging_demo.elf" "MoT_messaging_demo.bin"
arm-none-eabi-size "MoT_messaging_demo.elf"
   text	   data	    bss	    dec	    hex	filename
   8576	   2080	   3480	  14136	   3738	MoT_messaging_demo.elf
 
22:46:56 **** Incremental Build of configuration Debug for project MoT_messaging_demo ****
make all 
Building file: ../src/VoltageMoT.c
Invoking: MCU GCC Compiler
/Users/mateojarafabian/Desktop/enee440/MoT_messaging_demo/Debug
arm-none-eabi-gcc -mcpu=cortex-m4 -mthumb -mfloat-abi=hard -mfpu=fpv4-sp-d16 -DSTM32F429ZITx -DSTM32F429I_DISC1 -DSTM32F4 -DSTM32 -DDEBUG -I"/Users/mateojarafabian/Desktop/enee440/MoT_messaging_demo/inc" -I"/Users/mateojarafabian/Desktop/enee440/MoT_messaging_demo/src" -O0 -g3 -Wall -fmessage-length=0 -ffunction-sections -c -MMD -MP -MF"src/VoltageMoT.d" -MT"src/VoltageMoT.o" -o "src/VoltageMoT.o" "../src/VoltageMoT.c"
../src/VoltageMoT.c: In function 'Voltage_reading':
../src/VoltageMoT.c:84:2: warning: implicit declaration of function 'setRedLED' [-Wimplicit-function-declaration]
  setRedLED(); //turn on LED TODO where?
  ^~~~~~~~~
../src/VoltageMoT.c:100:5: warning: implicit declaration of function 'itoa' [-Wimplicit-function-declaration]
     itoa(check,volts,10);
     ^~~~
../src/VoltageMoT.c: In function 'Voltage_install':
../src/VoltageMoT.c:139:2: warning: implicit declaration of function 'TIM2_init' [-Wimplicit-function-declaration]
  TIM2_init(999);
  ^~~~~~~~~
../src/VoltageMoT.c:140:2: warning: implicit declaration of function 'PC3_enable' [-Wimplicit-function-declaration]
  PC3_enable();
  ^~~~~~~~~~
../src/VoltageMoT.c:141:2: warning: implicit declaration of function 'myADC3_TIM2_PC3' [-Wimplicit-function-declaration]
  myADC3_TIM2_PC3();
  ^~~~~~~~~~~~~~~
../src/VoltageMoT.c: In function 'voltage_remove':
../src/VoltageMoT.c:161:2: warning: implicit declaration of function 'TIM2_disable' [-Wimplicit-function-declaration]
  TIM2_disable();
  ^~~~~~~~~~~~
../src/VoltageMoT.c:162:2: warning: implicit declaration of function 'resetRedLED' [-Wimplicit-function-declaration]
  resetRedLED();
  ^~~~~~~~~~~
Finished building: ../src/VoltageMoT.c
 
Building target: MoT_messaging_demo.elf
Invoking: MCU GCC Linker
arm-none-eabi-gcc -mcpu=cortex-m4 -mthumb -mfloat-abi=hard -mfpu=fpv4-sp-d16 -L"/Users/mateojarafabian/Desktop/enee440/MoT_messaging_demo/src" -T"/Users/mateojarafabian/Desktop/enee440/MoT_messaging_demo/LinkerScript.ld" -Wl,-Map=output.map -Wl,--gc-sections -o "MoT_messaging_demo.elf" @"objects.list"   -lm
Finished building target: MoT_messaging_demo.elf
 
/Applications/Xcode.app/Contents/Developer/usr/bin/make --no-print-directory post-build
Generating binary and Printing size information:
arm-none-eabi-objcopy -O binary "MoT_messaging_demo.elf" "MoT_messaging_demo.bin"
arm-none-eabi-size "MoT_messaging_demo.elf"
   text	   data	    bss	    dec	    hex	filename
   8536	   2080	   3480	  14096	   3710	MoT_messaging_demo.elf
 
23:32:34 **** Incremental Build of configuration Debug for project MoT_messaging_demo ****
make all 
Building file: ../src/Red_voltage.c
Invoking: MCU GCC Compiler
/Users/mateojarafabian/Desktop/enee440/MoT_messaging_demo/Debug
arm-none-eabi-gcc -mcpu=cortex-m4 -mthumb -mfloat-abi=hard -mfpu=fpv4-sp-d16 -DSTM32F429ZITx -DSTM32F429I_DISC1 -DSTM32F4 -DSTM32 -DDEBUG -I"/Users/mateojarafabian/Desktop/enee440/MoT_messaging_demo/inc" -I"/Users/mateojarafabian/Desktop/enee440/MoT_messaging_demo/src" -O0 -g3 -Wall -fmessage-length=0 -ffunction-sections -c -MMD -MP -MF"src/Red_voltage.d" -MT"src/Red_voltage.o" -o "src/Red_voltage.o" "../src/Red_voltage.c"
../src/Red_voltage.c: In function 'Redv_install':
../src/Red_voltage.c:149:2: warning: implicit declaration of function 'TIM2_init' [-Wimplicit-function-declaration]
  TIM2_init(999);
  ^~~~~~~~~
../src/Red_voltage.c:150:2: warning: implicit declaration of function 'PC3_enable' [-Wimplicit-function-declaration]
  PC3_enable();
  ^~~~~~~~~~
../src/Red_voltage.c:151:2: warning: implicit declaration of function 'myADC3_TIM2_PC3' [-Wimplicit-function-declaration]
  myADC3_TIM2_PC3();
  ^~~~~~~~~~~~~~~
../src/Red_voltage.c: In function 'redv_remove':
../src/Red_voltage.c:171:2: warning: implicit declaration of function 'TIM2_disable' [-Wimplicit-function-declaration]
  TIM2_disable();
  ^~~~~~~~~~~~
Finished building: ../src/Red_voltage.c
 
Building file: ../src/VoltageMoT.c
Invoking: MCU GCC Compiler
/Users/mateojarafabian/Desktop/enee440/MoT_messaging_demo/Debug
arm-none-eabi-gcc -mcpu=cortex-m4 -mthumb -mfloat-abi=hard -mfpu=fpv4-sp-d16 -DSTM32F429ZITx -DSTM32F429I_DISC1 -DSTM32F4 -DSTM32 -DDEBUG -I"/Users/mateojarafabian/Desktop/enee440/MoT_messaging_demo/inc" -I"/Users/mateojarafabian/Desktop/enee440/MoT_messaging_demo/src" -O0 -g3 -Wall -fmessage-length=0 -ffunction-sections -c -MMD -MP -MF"src/VoltageMoT.d" -MT"src/VoltageMoT.o" -o "src/VoltageMoT.o" "../src/VoltageMoT.c"
../src/VoltageMoT.c: In function 'Voltage_reading':
../src/VoltageMoT.c:84:2: warning: implicit declaration of function 'setRedLED' [-Wimplicit-function-declaration]
  setRedLED(); //turn on LED TODO where?
  ^~~~~~~~~
../src/VoltageMoT.c:100:5: warning: implicit declaration of function 'itoa' [-Wimplicit-function-declaration]
     itoa(check,volts,10);
     ^~~~
../src/VoltageMoT.c: In function 'Voltage_install':
../src/VoltageMoT.c:139:2: warning: implicit declaration of function 'TIM2_init' [-Wimplicit-function-declaration]
  TIM2_init(999);
  ^~~~~~~~~
../src/VoltageMoT.c:140:2: warning: implicit declaration of function 'PC3_enable' [-Wimplicit-function-declaration]
  PC3_enable();
  ^~~~~~~~~~
../src/VoltageMoT.c:141:2: warning: implicit declaration of function 'myADC3_TIM2_PC3' [-Wimplicit-function-declaration]
  myADC3_TIM2_PC3();
  ^~~~~~~~~~~~~~~
../src/VoltageMoT.c: In function 'voltage_remove':
../src/VoltageMoT.c:161:2: warning: implicit declaration of function 'TIM2_disable' [-Wimplicit-function-declaration]
  TIM2_disable();
  ^~~~~~~~~~~~
../src/VoltageMoT.c:162:2: warning: implicit declaration of function 'resetRedLED' [-Wimplicit-function-declaration]
  resetRedLED();
  ^~~~~~~~~~~
Finished building: ../src/VoltageMoT.c
 
Building target: MoT_messaging_demo.elf
Invoking: MCU GCC Linker
arm-none-eabi-gcc -mcpu=cortex-m4 -mthumb -mfloat-abi=hard -mfpu=fpv4-sp-d16 -L"/Users/mateojarafabian/Desktop/enee440/MoT_messaging_demo/src" -T"/Users/mateojarafabian/Desktop/enee440/MoT_messaging_demo/LinkerScript.ld" -Wl,-Map=output.map -Wl,--gc-sections -o "MoT_messaging_demo.elf" @"objects.list"   -lm
Finished building target: MoT_messaging_demo.elf
 
/Applications/Xcode.app/Contents/Developer/usr/bin/make --no-print-directory post-build
Generating binary and Printing size information:
arm-none-eabi-objcopy -O binary "MoT_messaging_demo.elf" "MoT_messaging_demo.bin"
arm-none-eabi-size "MoT_messaging_demo.elf"
   text	   data	    bss	    dec	    hex	filename
   8584	   2096	   3480	  14160	   3750	MoT_messaging_demo.elf
 
23:37:46 **** Incremental Build of configuration Debug for project MoT_messaging_demo ****
make all 
Building file: ../src/Green_voltage.c
Invoking: MCU GCC Compiler
/Users/mateojarafabian/Desktop/enee440/MoT_messaging_demo/Debug
arm-none-eabi-gcc -mcpu=cortex-m4 -mthumb -mfloat-abi=hard -mfpu=fpv4-sp-d16 -DSTM32F429ZITx -DSTM32F429I_DISC1 -DSTM32F4 -DSTM32 -DDEBUG -I"/Users/mateojarafabian/Desktop/enee440/MoT_messaging_demo/inc" -I"/Users/mateojarafabian/Desktop/enee440/MoT_messaging_demo/src" -O0 -g3 -Wall -fmessage-length=0 -ffunction-sections -c -MMD -MP -MF"src/Green_voltage.d" -MT"src/Green_voltage.o" -o "src/Green_voltage.o" "../src/Green_voltage.c"
../src/Green_voltage.c: In function 'Greenv_install':
../src/Green_voltage.c:149:2: warning: implicit declaration of function 'TIM2_init' [-Wimplicit-function-declaration]
  TIM2_init(999);
  ^~~~~~~~~
../src/Green_voltage.c:150:2: warning: implicit declaration of function 'PC3_enable' [-Wimplicit-function-declaration]
  PC3_enable();
  ^~~~~~~~~~
../src/Green_voltage.c:151:2: warning: implicit declaration of function 'myADC3_TIM2_PC3' [-Wimplicit-function-declaration]
  myADC3_TIM2_PC3();
  ^~~~~~~~~~~~~~~
../src/Green_voltage.c: In function 'greenv_remove':
../src/Green_voltage.c:171:2: warning: implicit declaration of function 'TIM2_disable' [-Wimplicit-function-declaration]
  TIM2_disable();
  ^~~~~~~~~~~~
../src/Green_voltage.c:172:2: warning: implicit declaration of function 'resetRedLED'; did you mean 'resetGreenLED'? [-Wimplicit-function-declaration]
  resetRedLED();
  ^~~~~~~~~~~
  resetGreenLED
Finished building: ../src/Green_voltage.c
 
Building file: ../src/Red_voltage.c
Invoking: MCU GCC Compiler
/Users/mateojarafabian/Desktop/enee440/MoT_messaging_demo/Debug
arm-none-eabi-gcc -mcpu=cortex-m4 -mthumb -mfloat-abi=hard -mfpu=fpv4-sp-d16 -DSTM32F429ZITx -DSTM32F429I_DISC1 -DSTM32F4 -DSTM32 -DDEBUG -I"/Users/mateojarafabian/Desktop/enee440/MoT_messaging_demo/inc" -I"/Users/mateojarafabian/Desktop/enee440/MoT_messaging_demo/src" -O0 -g3 -Wall -fmessage-length=0 -ffunction-sections -c -MMD -MP -MF"src/Red_voltage.d" -MT"src/Red_voltage.o" -o "src/Red_voltage.o" "../src/Red_voltage.c"
../src/Red_voltage.c: In function 'Redv_install':
../src/Red_voltage.c:149:2: warning: implicit declaration of function 'TIM2_init' [-Wimplicit-function-declaration]
  TIM2_init(999);
  ^~~~~~~~~
../src/Red_voltage.c:150:2: warning: implicit declaration of function 'PC3_enable' [-Wimplicit-function-declaration]
  PC3_enable();
  ^~~~~~~~~~
../src/Red_voltage.c:151:2: warning: implicit declaration of function 'myADC3_TIM2_PC3' [-Wimplicit-function-declaration]
  myADC3_TIM2_PC3();
  ^~~~~~~~~~~~~~~
../src/Red_voltage.c: In function 'redv_remove':
../src/Red_voltage.c:171:2: warning: implicit declaration of function 'TIM2_disable' [-Wimplicit-function-declaration]
  TIM2_disable();
  ^~~~~~~~~~~~
Finished building: ../src/Red_voltage.c
 
Building target: MoT_messaging_demo.elf
Invoking: MCU GCC Linker
arm-none-eabi-gcc -mcpu=cortex-m4 -mthumb -mfloat-abi=hard -mfpu=fpv4-sp-d16 -L"/Users/mateojarafabian/Desktop/enee440/MoT_messaging_demo/src" -T"/Users/mateojarafabian/Desktop/enee440/MoT_messaging_demo/LinkerScript.ld" -Wl,-Map=output.map -Wl,--gc-sections -o "MoT_messaging_demo.elf" @"objects.list"   -lm
Finished building target: MoT_messaging_demo.elf
 
/Applications/Xcode.app/Contents/Developer/usr/bin/make --no-print-directory post-build
Generating binary and Printing size information:
arm-none-eabi-objcopy -O binary "MoT_messaging_demo.elf" "MoT_messaging_demo.bin"
arm-none-eabi-size "MoT_messaging_demo.elf"
   text	   data	    bss	    dec	    hex	filename
   8640	   2144	   3480	  14264	   37b8	MoT_messaging_demo.elf
 
23:48:55 **** Incremental Build of configuration Debug for project MoT_messaging_demo ****
make all 
Building file: ../src/Red_voltage.c
Invoking: MCU GCC Compiler
/Users/mateojarafabian/Desktop/enee440/MoT_messaging_demo/Debug
arm-none-eabi-gcc -mcpu=cortex-m4 -mthumb -mfloat-abi=hard -mfpu=fpv4-sp-d16 -DSTM32F429ZITx -DSTM32F429I_DISC1 -DSTM32F4 -DSTM32 -DDEBUG -I"/Users/mateojarafabian/Desktop/enee440/MoT_messaging_demo/inc" -I"/Users/mateojarafabian/Desktop/enee440/MoT_messaging_demo/src" -O0 -g3 -Wall -fmessage-length=0 -ffunction-sections -c -MMD -MP -MF"src/Red_voltage.d" -MT"src/Red_voltage.o" -o "src/Red_voltage.o" "../src/Red_voltage.c"
../src/Red_voltage.c: In function 'Redv_install':
../src/Red_voltage.c:149:2: warning: implicit declaration of function 'TIM2_init' [-Wimplicit-function-declaration]
  TIM2_init(999);
  ^~~~~~~~~
../src/Red_voltage.c:150:2: warning: implicit declaration of function 'PC3_enable' [-Wimplicit-function-declaration]
  PC3_enable();
  ^~~~~~~~~~
../src/Red_voltage.c:151:2: warning: implicit declaration of function 'myADC3_TIM2_PC3' [-Wimplicit-function-declaration]
  myADC3_TIM2_PC3();
  ^~~~~~~~~~~~~~~
../src/Red_voltage.c: In function 'redv_remove':
../src/Red_voltage.c:171:2: warning: implicit declaration of function 'TIM2_disable' [-Wimplicit-function-declaration]
  TIM2_disable();
  ^~~~~~~~~~~~
Finished building: ../src/Red_voltage.c
 
Building file: ../src/volt_timed.c
Invoking: MCU GCC Compiler
/Users/mateojarafabian/Desktop/enee440/MoT_messaging_demo/Debug
arm-none-eabi-gcc -mcpu=cortex-m4 -mthumb -mfloat-abi=hard -mfpu=fpv4-sp-d16 -DSTM32F429ZITx -DSTM32F429I_DISC1 -DSTM32F4 -DSTM32 -DDEBUG -I"/Users/mateojarafabian/Desktop/enee440/MoT_messaging_demo/inc" -I"/Users/mateojarafabian/Desktop/enee440/MoT_messaging_demo/src" -O0 -g3 -Wall -fmessage-length=0 -ffunction-sections -c -MMD -MP -MF"src/volt_timed.d" -MT"src/volt_timed.o" -o "src/volt_timed.o" "../src/volt_timed.c"
../src/volt_timed.c: In function 'timed_reading':
../src/volt_timed.c:108:2: warning: implicit declaration of function 'setRedLED' [-Wimplicit-function-declaration]
  setRedLED(); //turn on LED TODO where?
  ^~~~~~~~~
../src/volt_timed.c:119:5: warning: implicit declaration of function 'itoa' [-Wimplicit-function-declaration]
     itoa(check,volts,10);
     ^~~~
../src/volt_timed.c: In function 'timed_install':
../src/volt_timed.c:210:2: warning: implicit declaration of function 'TIM2_init' [-Wimplicit-function-declaration]
  TIM2_init(999);
  ^~~~~~~~~
../src/volt_timed.c:211:2: warning: implicit declaration of function 'PC3_enable' [-Wimplicit-function-declaration]
  PC3_enable();
  ^~~~~~~~~~
../src/volt_timed.c:212:2: warning: implicit declaration of function 'myADC3_TIM2_PC3' [-Wimplicit-function-declaration]
  myADC3_TIM2_PC3();
  ^~~~~~~~~~~~~~~
../src/volt_timed.c: In function 'timed_remove':
../src/volt_timed.c:233:2: warning: implicit declaration of function 'TIM2_disable' [-Wimplicit-function-declaration]
  TIM2_disable();
  ^~~~~~~~~~~~
../src/volt_timed.c:234:2: warning: implicit declaration of function 'resetRedLED' [-Wimplicit-function-declaration]
  resetRedLED();
  ^~~~~~~~~~~
Finished building: ../src/volt_timed.c
 
Building target: MoT_messaging_demo.elf
Invoking: MCU GCC Linker
arm-none-eabi-gcc -mcpu=cortex-m4 -mthumb -mfloat-abi=hard -mfpu=fpv4-sp-d16 -L"/Users/mateojarafabian/Desktop/enee440/MoT_messaging_demo/src" -T"/Users/mateojarafabian/Desktop/enee440/MoT_messaging_demo/LinkerScript.ld" -Wl,-Map=output.map -Wl,--gc-sections -o "MoT_messaging_demo.elf" @"objects.list"   -lm
Finished building target: MoT_messaging_demo.elf
 
/Applications/Xcode.app/Contents/Developer/usr/bin/make --no-print-directory post-build
Generating binary and Printing size information:
arm-none-eabi-objcopy -O binary "MoT_messaging_demo.elf" "MoT_messaging_demo.bin"
arm-none-eabi-size "MoT_messaging_demo.elf"
   text	   data	    bss	    dec	    hex	filename
   8688	   2176	   3480	  14344	   3808	MoT_messaging_demo.elf
 
14:04:39 **** Build of configuration Debug for project MoT_messaging_demo ****
make all 
make: Nothing to be done for `all'.
